2026-06-05 16:32:17.201 | [log] writing E:\VS_REPO\red-pass\redpass-daemon\ClientDevLib\SO3DCheat\GGThreadBlock\tools\dist\so3d_online_logs\pp1111_phwnd.log
2026-06-05 16:32:17.201 | [client] account='pp1111' character='phwnd'
2026-06-05 16:32:17.201 | [client] file info high=0x01DC3DEE low=0x76664113 size=0x007CC5C8
2026-06-05 16:32:17.516 | [net] connected 165.154.194.121:1818
2026-06-05 16:32:17.841 | [debug][recv:handshake] len=12 proto=1506740213 key=6
2026-06-05 16:32:17.841 | [debug][recv:handshake] raw=0c 00 00 00 f5 07 cf 59 8e d6 51 e3
2026-06-05 16:32:17.841 | [debug][recv:handshake] dec=0c 00 00 00 f5 07 cf 59 8e d6 51 e3
2026-06-05 16:32:17.841 | [debug][recv:handshake] ascii=.......Y..Q.
2026-06-05 16:32:17.843 | [debug][recv:handshake] xor-candidate key=0 proto=2095785141 firstBody=0xC675F5CE body=ce f5 75 c6
2026-06-05 16:32:17.843 | [debug][recv:handshake] xor-candidate key=1 proto=2146051030 firstBody=0xC574F2AD body=ad f2 74 c5
2026-06-05 16:32:17.843 | [debug][recv:handshake] xor-candidate key=2 proto=1944658641 firstBody=0xC977F3AA body=aa f3 77 c9
2026-06-05 16:32:17.843 | [debug][recv:handshake] xor-candidate key=3 proto=1927619024 firstBody=0xC87BF0AB body=ab f0 7b c8
2026-06-05 16:32:17.843 | [debug][recv:handshake] xor-candidate key=4 proto=2028219859 firstBody=0xC27AFCA8 body=a8 fc 7a c2
2026-06-05 16:32:17.843 | [debug][recv:handshake] xor-candidate key=5 proto=435039455 firstBody=0xA370FDA4 body=a4 fd 70 a3
2026-06-05 16:32:17.843 | [debug][recv:handshake] xor-candidate key=6 proto=2056201950 firstBody=0xC011F7A5 body=a5 f7 11 c0
2026-06-05 16:32:17.843 | [debug][recv:handshake] xor-candidate key=7 proto=2112636884 firstBody=0xC77296AF body=af 96 72 c7
2026-06-05 16:32:17.843 | [debug][recv:handshake] no XOR key produced a known SO3D proto; the SO3D client dispatcher would not handle this as a normal game packet
2026-06-05 16:32:17.843 | [debug][recv:handshake] des-dec=38 38 03 00 bb ca c9 0c
2026-06-05 16:32:17.843 | [10002] handshake xor key index=6 key=2b 21 40 23
2026-06-05 16:32:17.843 | [10002] initial handshake len=12
2026-06-05 16:32:17.843 | [client] active xor key index=6 key=2b 21 40 23
2026-06-05 16:32:17.844 | [debug][send:CL_LOGIN] len=60 proto=CL_LOGIN xor=True
2026-06-05 16:32:17.844 | [debug][send:CL_LOGIN] raw=3c 00 00 00 b3 90 41 23 2b 21 40 23 68 51 b9 c7 e1 73 44 6e bd dc 3a bf e2 48 e6 c1 9a 5c a5 0e 92 86 e0 a0 bd dc 3a bf e2 48 e6 c1 30 14 fe 94 64 ac 64 1a 3b 7e 72 a6 09 a6 92 0d
2026-06-05 16:32:17.844 | [debug][send:CL_LOGIN] dec=3c 00 00 00 98 b1 01 00 00 00 00 00 43 70 f9 e4 ca 52 04 4d 96 fd 7a 9c c9 69 a6 e2 b1 7d e5 2d b9 a7 a0 83 96 fd 7a 9c c9 69 a6 e2 1b 35 be b7 4f 8d 24 39 10 5f 32 85 22 87 d2 2e
2026-06-05 16:32:17.844 | [10002] send CL_LOGIN
2026-06-05 16:32:18.254 | [debug][recv:LC_SERVER_LIST] len=58 proto=LC_SERVER_LIST key=6
2026-06-05 16:32:18.254 | [debug][recv:LC_SERVER_LIST] raw=3a 00 00 00 62 7e 43 23 2a 21 40 23 1a 52 25 51 5d 44 32 23 0b 01 60 03 0b 01 60 03 2a 21 40 23 fe 21 40 23 2b 21 40 23 2b 21 40 23 2b 21 40 23 2b 21 40 23 2b 21 40 23 2b 21
2026-06-05 16:32:18.254 | [debug][recv:LC_SERVER_LIST] dec=3a 00 00 00 49 5f 03 00 01 00 00 00 31 73 65 72 76 65 72 00 20 20 20 20 20 20 20 20 01 00 00 00 d5 00 00 00 00 00 00 00 00 00 00 00 00 00 00 00 00 00 00 00 00 00 00 00 00 00
2026-06-05 16:32:18.254 | [10002] recv proto=LC_SERVER_LIST len=58
2026-06-05 16:32:18.543 | [net] connected 123.58.197.240:1838
2026-06-05 16:32:18.543 | [bill] send open opcode=1 len=38
2026-06-05 16:32:21.556 | [bill] recv open-ack skipped: timed out
2026-06-05 16:32:21.556 | [bill] send account opcode=2 len=22
2026-06-05 16:32:21.556 | [bill] send ready opcode=3 len=6
2026-06-05 16:32:22.772 | [bill] recv post-ready-1 47 00 02 00 01 00 00 00 00 00 70 70 31 31 31 31 00 00 00 00 00 00 00 00 00 00 00 00 00 00 00 00 00 00 00 00 00 00 00 00 00 00 00 00 00 00 00 00 00 00 00 00 00 00 00 00 00 00 00 00 00 00 00 00 00 00 00 00 00 00 00
2026-06-05 16:32:22.772 | [bill] recv post-ready-2 30 00 03 00 01 00 00 00 00 00 70 70 31 31 31 31 00 00 00 00 00 00 00 00 00 00 00 00 00 00 00 00 00 00 00 00 00 00 00 00 00 00 00 00 00 00 00 00
2026-06-05 16:32:22.772 | [debug][send:CL_GET_CHARINFO] len=16 proto=CL_GET_CHARINFO xor=True
2026-06-05 16:32:22.772 | [debug][send:CL_GET_CHARINFO] raw=10 00 00 00 b0 90 41 23 29 21 40 23 2a 21 40 23
2026-06-05 16:32:22.772 | [debug][send:CL_GET_CHARINFO] dec=10 00 00 00 9b b1 01 00 02 00 00 00 01 00 00 00
2026-06-05 16:32:22.772 | [10002] send CL_GET_CHARINFO server=2 channel=1
2026-06-05 16:32:23.084 | [debug][recv:LC_CHARINFO_SUCCESS] len=388 proto=LC_CHARINFO_SUCCESS key=6
2026-06-05 16:32:23.084 | [debug][recv:LC_CHARINFO_SUCCESS] raw=84 01 00 00 60 7e 43 23 29 21 40 23 2a 21 40 23 2e 21 40 23 5b 49 37 4d 4f 21 40 23 2b 21 40 23 2b 21 40 23 2a 21 40 23 b0 21 40 23 28 21 40 23 2a 21 40 23 2a 21 40 23 2b 21 40 23 80 02 40 23 27 21 40 23 87 02 40 23 27 21 40 23 86 02 40 23 27 21 40 23 85 02 40 23 27 21 40 23 dd 73 40 23 2b 21 40 23 2b 21 40 23 2b 21 40 23 16 2e 40 23 27 21 40 23 fd 2e 40 23 2b 21 40 23 d4 de bf dc 2b 21 40 23 87 3e 40 23 2b 21 40 23 2b 21 40 23 2b 21 40 23 ea 63 40 23 2b 21 40 23 2b 21 40 23 ...(+228 bytes)
2026-06-05 16:32:23.084 | [debug][recv:LC_CHARINFO_SUCCESS] dec=84 01 00 00 4b 5f 03 00 02 00 00 00 01 00 00 00 05 00 00 00 70 68 77 6e 64 00 00 00 00 00 00 00 00 00 00 00 01 00 00 00 9b 00 00 00 03 00 00 00 01 00 00 00 01 00 00 00 00 00 00 00 ab 23 00 00 0c 00 00 00 ac 23 00 00 0c 00 00 00 ad 23 00 00 0c 00 00 00 ae 23 00 00 0c 00 00 00 f6 52 00 00 00 00 00 00 00 00 00 00 00 00 00 00 3d 0f 00 00 0c 00 00 00 d6 0f 00 00 00 00 00 00 ff ff ff ff 00 00 00 00 ac 1f 00 00 00 00 00 00 00 00 00 00 00 00 00 00 c1 42 00 00 00 00 00 00 00 00 00 00 ...(+228 bytes)
2026-06-05 16:32:23.084 | [10002] recv proto=LC_CHARINFO_SUCCESS len=388
2026-06-05 16:32:23.084 | [bill] send select-server opcode=4 len=10
2026-06-05 16:32:23.084 | [debug][send:CL_GAMESERVER_CONNECT] len=32 proto=CL_GAMESERVER_CONNECT xor=True
2026-06-05 16:32:23.084 | [debug][send:CL_GAMESERVER_CONNECT] raw=20 00 00 00 b5 90 41 23 29 21 40 23 2a 21 40 23 5b 49 37 4d 4f 21 40 23 2b 21 40 23 2b 21 40 23
2026-06-05 16:32:23.084 | [debug][send:CL_GAMESERVER_CONNECT] dec=20 00 00 00 9e b1 01 00 02 00 00 00 01 00 00 00 70 68 77 6e 64 00 00 00 00 00 00 00 00 00 00 00
2026-06-05 16:32:23.084 | [10002] send CL_GAMESERVER_CONNECT character='phwnd'
2026-06-05 16:32:23.516 | [debug][recv:LC_GSERV_CONNECT_SUCCESS] len=60 proto=LC_GSERV_CONNECT_SUCCESS key=6
2026-06-05 16:32:23.516 | [debug][recv:LC_GSERV_CONNECT_SUCCESS] raw=3c 00 00 00 7a 7e 43 23 29 21 40 23 5b 49 37 4d 4f 21 40 23 2b 21 40 23 2b 21 40 23 1a 13 77 0d 1a 0f 75 0d 1f 10 40 03 0b 01 60 03 1a 26 40 23 16 8e d4 1d 2b 21 40 23 2a 21 40 23
2026-06-05 16:32:23.516 | [debug][recv:LC_GSERV_CONNECT_SUCCESS] dec=3c 00 00 00 51 5f 03 00 02 00 00 00 70 68 77 6e 64 00 00 00 00 00 00 00 00 00 00 00 31 32 37 2e 31 2e 35 2e 34 31 00 20 20 20 20 20 31 07 00 00 3d af 94 3e 00 00 00 00 01 00 00 00
2026-06-05 16:32:23.516 | [10002] recv proto=LC_GSERV_CONNECT_SUCCESS len=60
2026-06-05 16:32:23.516 | [game] lobby returned 127.1.5.41:1841 character='phwnd' seed=0x3E94AF3D
2026-06-05 16:32:23.516 | [game] host map 127.1.5.41 -> 128.14.237.136
2026-06-05 16:32:23.517 | [game] effective server 128.14.237.136:1841 character='phwnd' seed=0x3E94AF3D
2026-06-05 16:32:23.816 | [net] connected 128.14.237.136:1841
2026-06-05 16:32:23.816 | [debug][send:CG_PLAY_START] len=12 proto=CG_PLAY_START xor=False
2026-06-05 16:32:23.816 | [debug][send:CG_PLAY_START] raw=0c 00 00 00 87 49 06 00 87 49 06 00
2026-06-05 16:32:23.816 | [debug][wire:CG_PLAY_START] len=24 raw=18 00 00 00 87 49 06 00 51 aa 67 02 05 48 14 1a ff 35 e0 02 f4 ed fd e8
2026-06-05 16:32:23.816 | [game] send CG_PLAY_START
2026-06-05 16:32:23.816 | [debug][send:CG_ENTER] len=52 proto=CG_ENTER xor=False
2026-06-05 16:32:23.816 | [debug][send:CG_ENTER] raw=34 00 00 00 7d 45 06 00 3d af 94 3e ee 3d dc 01 13 41 66 76 c8 c5 7c 00 00 00 00 00 00 00 00 00 00 00 00 00 70 68 77 6e 64 00 00 00 00 00 00 00 00 00 00 00
2026-06-05 16:32:23.816 | [debug][wire:CG_ENTER] len=64 raw=40 00 00 00 7d 45 06 00 56 89 43 b9 71 d4 ff cc 77 08 e4 88 ca e9 05 2e b7 36 b6 ba b2 48 32 f9 5f 43 54 ba 65 7e ce 50 c7 29 37 f6 db a2 87 80 f8 5e 24 0d b8 9a 52 13 5d 05 07 d8 87 d7 2d 0b
2026-06-05 16:32:23.816 | [game] send CG_ENTER
2026-06-05 16:32:24.824 | [debug][send:CG_INIT_411555] len=18 proto=CG_INIT_411555 xor=False
2026-06-05 16:32:24.824 | [debug][send:CG_INIT_411555] raw=12 00 00 00 a3 47 06 00 00 00 ff ff ff ff ff ff ff ff
2026-06-05 16:32:24.824 | [debug][wire:CG_INIT_411555] len=32 raw=20 00 00 00 a3 47 06 00 b2 ba f7 6d d6 78 ab 16 bd 6a e5 5f 7f ad 27 e2 e4 1f c8 61 54 c8 f1 c7
2026-06-05 16:32:24.824 | [game] send CG_INIT_411555
2026-06-05 16:32:24.824 | [debug][send:CG_INIT_411589] len=20 proto=CG_INIT_411589 xor=False
2026-06-05 16:32:24.824 | [debug][send:CG_INIT_411589] raw=14 00 00 00 c5 47 06 00 00 00 00 00 ff ff ff ff ff ff ff ff
2026-06-05 16:32:24.824 | [debug][wire:CG_INIT_411589] len=32 raw=20 00 00 00 c5 47 06 00 c5 98 d8 57 08 ca 01 27 fc a7 ac 39 1e 47 d9 9e aa 5a d7 b1 cd 3a 2f ac
2026-06-05 16:32:24.824 | [game] send CG_INIT_411589
2026-06-05 16:32:24.824 | [debug][send:CG_INIT_411595] len=20 proto=CG_INIT_411595 xor=False
2026-06-05 16:32:24.824 | [debug][send:CG_INIT_411595] raw=14 00 00 00 cb 47 06 00 00 00 00 00 ff ff ff ff ff ff ff ff
2026-06-05 16:32:24.824 | [debug][wire:CG_INIT_411595] len=32 raw=20 00 00 00 cb 47 06 00 c5 98 d8 57 08 ca 01 27 fc a7 ac 39 1e 47 d9 9e aa 5a d7 b1 cd 3a 2f ac
2026-06-05 16:32:24.824 | [game] send CG_INIT_411595
2026-06-05 16:32:24.845 | [debug][send:CG_PLAY_START_2] len=12 proto=CG_PLAY_START xor=False
2026-06-05 16:32:24.845 | [debug][send:CG_PLAY_START_2] raw=0c 00 00 00 87 49 06 00 87 49 06 00
2026-06-05 16:32:24.845 | [debug][wire:CG_PLAY_START_2] len=24 raw=18 00 00 00 87 49 06 00 61 04 fe 65 54 b3 ed 7b 91 2b 90 85 1b cc cd 4b
2026-06-05 16:32:24.845 | [game] send CG_PLAY_START_2
2026-06-05 16:32:24.865 | [debug][send:CG_POST_ENTER_411570] len=12 proto=CG_POST_ENTER_411570 xor=False
2026-06-05 16:32:24.865 | [debug][send:CG_POST_ENTER_411570] raw=0c 00 00 00 b2 47 06 00 04 00 00 00
2026-06-05 16:32:24.865 | [debug][wire:CG_POST_ENTER_411570] len=24 raw=18 00 00 00 b2 47 06 00 6b 5d b3 9d 45 2e bb 1f d2 54 d3 7e 33 37 4a 2a
2026-06-05 16:32:24.865 | [game] send CG_POST_ENTER_411570
2026-06-05 16:32:24.865 | [debug][recv:game] chunk-len=12648 firstLen=48 firstProto=511416
2026-06-05 16:32:24.865 | [debug][recv:game] raw=30 00 00 00 b8 cd 07 00 00 00 00 00 00 00 00 00 00 00 00 00 00 00 00 00 00 00 00 00 00 00 00 00 00 00 00 00 00 00 00 00 00 00 00 00 00 00 00 00 30 00 00 00 b8 cd 07 00 00 00 00 00 00 00 00 00 00 00 00 00 00 00 00 00 00 00 00 00 00 00 00 00 00 00 00 00 00 00 00 00 00 00 00 00 00 00 00 00 1c 00 00 00 34 ce 07 00 d7 e8 e8 00 00 00 00 00 14 00 00 00 02 00 00 00 00 00 00 00 54 00 00 00 1b 22 08 00 cf 02 00 00 6a 00 00 00 03 03 00 00 2d 00 00 00 09 02 00 00 15 00 00 00 53 01 00 00 ...(+12488 bytes)
2026-06-05 16:32:24.865 | [debug][recv:game] ascii=0..................................................
2026-06-05 16:32:24.865 | [chat] status source from chat-wait: player_id=0x00000031 map_id=8
2026-06-05 16:32:25.140 | [net] connected 123.58.197.240:3000
2026-06-05 16:32:25.141 | [chat] send login opcode=0x00004100 len=69 raw=45 00 00 41 00 00 70 70 31 31 31 31 00 00 00 00 00 00 00 00 00 00 00 61 73 64 71 77 65 00 00 00 00 00 00 00 00 00 00 00 70 68 77 6e 64 00 00 00 00 00 00 00 00 00 00 00 00 01 00 00 00 1f ae 01 00 31 00 00 00
2026-06-05 16:32:25.141 | [chat] send map-status map=8 player=0x00000031 opcode=0x00004110 len=39 raw=27 00 10 41 00 00 08 00 00 00 08 00 00 00 70 68 77 6e 64 00 00 00 00 00 00 00 00 00 00 00 00 00 00 00 00 31 00 00 00
2026-06-05 16:32:25.392 | [debug][send:CG_POST_ENTER_411625] len=12 proto=CG_POST_ENTER_411625 xor=False
2026-06-05 16:32:25.392 | [debug][send:CG_POST_ENTER_411625] raw=0c 00 00 00 e9 47 06 00 00 00 00 00
2026-06-05 16:32:25.392 | [debug][wire:CG_POST_ENTER_411625] len=24 raw=18 00 00 00 e9 47 06 00 71 b4 62 dc 74 53 96 74 09 68 e4 cc 74 c0 50 55
2026-06-05 16:32:25.392 | [game] send CG_POST_ENTER_411625
2026-06-05 16:32:25.392 | [loop] online simulation is running; Ctrl+C to stop
2026-06-05 16:32:25.392 | [debug][recv:game] chunk-len=5600 firstLen=0 firstProto=30791
2026-06-05 16:32:25.392 | [debug][recv:game] raw=00 00 00 00 47 78 00 00 0a 00 00 00 00 00 00 00 00 00 00 00 00 00 00 00 00 00 00 00 10 45 00 60 00 00 00 c8 00 00 00 00 00 00 00 00 00 00 00 00 00 00 00 00 00 00 00 00 00 00 00 00 00 00 00 00 00 00 00 00 00 00 00 00 00 00 00 00 00 00 00 00 00 00 00 00 00 00 00 00 00 00 00 00 00 00 00 00 62 22 06 00 00 00 00 00 00 00 00 00 00 00 00 00 00 00 00 00 00 00 00 00 00 00 00 00 00 00 00 00 00 00 00 00 00 00 00 00 00 00 00 00 00 00 00 00 00 00 00 00 00 00 00 00 00 00 00 00 00 00 00 00 ...(+5440 bytes)
2026-06-05 16:32:25.392 | [debug][recv:game] ascii=....Gx.......................E.`...................
2026-06-05 16:32:25.643 | [debug][recv:game] chunk-len=17845 firstLen=0 firstProto=0
2026-06-05 16:32:25.643 | [debug][recv:game] raw=00 00 00 00 00 00 00 00 00 00 00 00 00 00 00 00 00 00 00 00 33 4d 00 00 fd 00 00 00 32 01 00 00 0d 07 00 00 05 00 00 00 e0 a5 01 00 00 00 00 00 00 00 00 00 00 00 00 00 00 00 00 00 00 00 00 00 00 00 00 00 00 00 00 00 00 00 00 00 00 00 00 00 00 00 00 00 00 00 00 00 00 00 00 00 00 00 00 00 00 00 00 00 00 00 00 00 00 00 00 00 00 00 00 00 00 00 00 00 00 00 00 00 00 00 00 00 00 00 00 00 00 00 00 00 2d 4d 00 00 fb 00 00 00 32 01 00 00 42 03 00 00 05 00 00 00 e0 a5 01 00 00 00 00 00 ...(+17685 bytes)
2026-06-05 16:32:25.643 | [debug][recv:game] ascii=....................3M......2......................
2026-06-05 16:32:25.894 | [debug][recv:game] chunk-len=596 firstLen=28 firstProto=531024
2026-06-05 16:32:25.894 | [debug][recv:game] raw=1c 00 00 00 50 1a 08 00 62 09 00 00 03 00 00 00 f6 00 00 00 1b 01 00 00 47 00 00 00 10 00 00 00 9b ce 07 00 00 00 00 00 00 00 00 00 54 00 00 00 1b 22 08 00 cf 02 00 00 6a 00 00 00 03 03 00 00 2d 00 00 00 09 02 00 00 15 00 00 00 53 01 00 00 03 01 00 00 94 15 00 00 5b 07 00 00 09 00 00 00 00 00 00 00 00 00 00 00 d0 01 00 00 06 00 00 00 06 00 00 00 05 00 00 00 05 00 00 00 05 00 00 00 d4 01 00 00 7f ce 07 00 00 00 00 00 50 0d 03 00 00 00 00 00 00 00 00 00 ff ff ff ff 00 00 00 00 ...(+436 bytes)
2026-06-05 16:32:25.894 | [debug][recv:game] ascii=....P...b...............G...................T......
2026-06-05 16:32:26.395 | [debug][recv:game] chunk-len=12 firstLen=12 firstProto=511031
2026-06-05 16:32:26.395 | [debug][recv:game] raw=0c 00 00 00 37 cc 07 00 77 08 00 00
2026-06-05 16:32:26.395 | [debug][recv:game] ascii=....7...w...
2026-06-05 16:32:26.395 | [debug][recv:chat] chunk-len=140 firstLen=16842813 firstProto=1752170500
2026-06-05 16:32:26.395 | [debug][recv:chat] raw=3d 00 01 01 04 00 70 68 77 6e 64 00 00 00 00 00 00 00 00 00 00 00 00 45 54 43 00 00 00 00 00 00 00 00 00 00 00 00 00 00 01 00 00 00 45 54 43 00 00 00 00 00 00 00 00 00 00 00 00 00 00 1b 00 02 01 04 00 70 68 77 6e 64 00 00 00 00 00 00 00 00 00 00 00 00 00 00 00 00 34 00 32 01 04 00 70 68 77 6e 64 00 00 00 00 00 00 00 00 00 00 00 00 00 00 00 00 00 00 00 00 00 00 00 00 00 00 00 00 00 00 00 00 00 00 00 00 00 00 00 00 00
2026-06-05 16:32:26.395 | [debug][recv:chat] ascii==.....phwnd............ETC..................ETC....
2026-06-05 16:32:26.896 | [debug][recv:game] chunk-len=28 firstLen=28 firstProto=511032
2026-06-05 16:32:26.896 | [debug][recv:game] raw=1c 00 00 00 38 cc 07 00 c4 08 00 00 df 00 00 00 2a 01 00 00 de 00 00 00 2a 01 00 00
2026-06-05 16:32:26.896 | [debug][recv:game] ascii=....8...........*.......*...
2026-06-05 16:32:27.397 | [debug][recv:game] chunk-len=28 firstLen=28 firstProto=511032
2026-06-05 16:32:27.397 | [debug][recv:game] raw=1c 00 00 00 38 cc 07 00 41 09 00 00 fc 00 00 00 12 01 00 00 fd 00 00 00 12 01 00 00
2026-06-05 16:32:27.397 | [debug][recv:game] ascii=....8...A...................
2026-06-05 16:32:27.647 | [debug][recv:game] chunk-len=28 firstLen=28 firstProto=531024
2026-06-05 16:32:27.647 | [debug][recv:game] raw=1c 00 00 00 50 1a 08 00 62 09 00 00 03 00 00 00 f6 00 00 00 1b 01 00 00 47 00 00 00
2026-06-05 16:32:27.647 | [debug][recv:game] ascii=....P...b...............G...
2026-06-05 16:32:27.898 | [debug][recv:game] chunk-len=780 firstLen=16 firstProto=511611
2026-06-05 16:32:27.898 | [debug][recv:game] raw=10 00 00 00 7b ce 07 00 34 00 00 00 d4 fe ff ff 10 00 00 00 7b ce 07 00 34 00 00 00 e4 40 00 00 10 00 00 00 7b ce 07 00 34 00 00 00 e4 40 00 00 dc 02 00 00 1a cc 07 00 00 00 00 00 34 00 00 00 70 65 75 77 00 00 00 00 00 00 00 00 00 00 00 00 00 01 00 00 30 01 00 00 97 00 00 00 02 00 00 00 02 00 00 00 50 c3 00 00 01 00 00 00 00 00 00 00 e0 15 00 00 8f 06 00 00 00 00 00 00 00 00 00 00 06 00 00 00 00 00 00 00 00 00 00 00 00 00 00 00 00 00 00 00 00 00 00 00 00 00 00 00 ab 23 00 00 ...(+620 bytes)
2026-06-05 16:32:27.898 | [debug][recv:game] ascii=....{...4...........{...4....@......{...4....@.....
2026-06-05 16:32:29.149 | [debug][recv:game] chunk-len=828 firstLen=16 firstProto=511611
2026-06-05 16:32:29.149 | [debug][recv:game] raw=10 00 00 00 7b ce 07 00 4f 00 00 00 d4 fe ff ff 10 00 00 00 7b ce 07 00 4f 00 00 00 7b 41 00 00 10 00 00 00 7b ce 07 00 4f 00 00 00 7b 41 00 00 dc 02 00 00 1a cc 07 00 00 00 00 00 4f 00 00 00 70 6f 6e 67 00 00 00 00 00 00 00 00 00 00 00 00 00 01 00 00 30 01 00 00 99 00 00 00 05 00 00 00 02 00 00 00 50 c3 00 00 02 00 00 00 00 00 00 00 b1 11 00 00 4e 05 00 00 00 00 00 00 00 00 00 00 06 00 00 00 00 00 00 00 00 00 00 00 00 00 00 00 00 00 00 00 00 00 00 00 00 00 00 00 ab 23 00 00 ...(+668 bytes)
2026-06-05 16:32:29.149 | [debug][recv:game] ascii=....{...O...........{...O...{A......{...O...{A.....
2026-06-05 16:32:29.650 | [debug][recv:game] chunk-len=44 firstLen=16 firstProto=511689
2026-06-05 16:32:29.650 | [debug][recv:game] raw=10 00 00 00 c9 ce 07 00 4f 00 00 00 00 00 00 00 1c 00 00 00 50 1a 08 00 62 09 00 00 03 00 00 00 f6 00 00 00 1b 01 00 00 47 00 00 00
2026-06-05 16:32:29.650 | [debug][recv:game] ascii=........O...........P...b...............G...
2026-06-05 16:32:30.401 | [debug][recv:game] chunk-len=28 firstLen=28 firstProto=511032
2026-06-05 16:32:30.401 | [debug][recv:game] raw=1c 00 00 00 38 cc 07 00 f6 08 00 00 ec 00 00 00 43 01 00 00 eb 00 00 00 42 01 00 00
2026-06-05 16:32:30.401 | [debug][recv:game] ascii=....8...........C.......B...
2026-06-05 16:32:31.402 | [debug][recv:game] chunk-len=28 firstLen=28 firstProto=511032
2026-06-05 16:32:31.402 | [debug][recv:game] raw=1c 00 00 00 38 cc 07 00 9b 08 00 00 ed 00 00 00 13 01 00 00 ee 00 00 00 14 01 00 00
2026-06-05 16:32:31.402 | [debug][recv:game] ascii=....8.......................
2026-06-05 16:32:32.906 | [debug][recv:game] chunk-len=176 firstLen=28 firstProto=531024
2026-06-05 16:32:32.906 | [debug][recv:game] raw=1c 00 00 00 50 1a 08 00 62 09 00 00 03 00 00 00 f6 00 00 00 1b 01 00 00 47 00 00 00 78 00 00 00 36 cc 07 00 77 08 00 00 d8 00 00 00 2c 01 00 00 8e 0a 00 00 08 00 00 00 1f 00 00 00 00 00 00 00 00 00 00 00 00 00 00 00 00 00 00 00 00 00 00 00 00 00 00 00 00 00 00 00 00 00 00 00 00 00 00 00 00 00 00 00 00 00 00 00 00 00 00 00 00 00 00 00 00 00 00 00 00 00 00 00 00 00 00 00 00 00 00 00 00 00 00 00 00 00 00 00 00 00 00 00 00 00 00 00 00 00 00 00 1c 00 00 00 38 cc 07 00 c4 08 00 00 ...(+16 bytes)
2026-06-05 16:32:32.906 | [debug][recv:game] ascii=....P...b...............G...x...6...w.......,......
2026-06-05 16:32:33.407 | [debug][recv:game] chunk-len=28 firstLen=28 firstProto=531024
2026-06-05 16:32:33.407 | [debug][recv:game] raw=1c 00 00 00 50 1a 08 00 62 09 00 00 03 00 00 00 f6 00 00 00 1b 01 00 00 47 00 00 00
2026-06-05 16:32:33.407 | [debug][recv:game] ascii=....P...b...............G...
2026-06-05 16:32:34.909 | [debug][recv:game] chunk-len=28 firstLen=28 firstProto=511032
2026-06-05 16:32:34.909 | [debug][recv:game] raw=1c 00 00 00 38 cc 07 00 41 09 00 00 fd 00 00 00 12 01 00 00 fe 00 00 00 12 01 00 00
2026-06-05 16:32:34.909 | [debug][recv:game] ascii=....8...A...................
2026-06-05 16:32:35.410 | [debug][recv:game] chunk-len=56 firstLen=28 firstProto=511032
2026-06-05 16:32:35.410 | [debug][recv:game] raw=1c 00 00 00 38 cc 07 00 f8 08 00 00 00 01 00 00 34 01 00 00 01 01 00 00 34 01 00 00 1c 00 00 00 50 1a 08 00 62 09 00 00 03 00 00 00 f6 00 00 00 1b 01 00 00 47 00 00 00
2026-06-05 16:32:35.410 | [debug][recv:game] ascii=....8...........4.......4.......P...b..............
2026-06-05 16:32:35.410 | [debug][send:CG_GAME_ALIVE] len=12 proto=CG_GAME_ALIVE xor=False
2026-06-05 16:32:35.410 | [debug][send:CG_GAME_ALIVE] raw=0c 00 00 00 a1 45 06 00 a1 45 06 00
2026-06-05 16:32:35.410 | [debug][wire:CG_GAME_ALIVE] len=24 raw=18 00 00 00 a1 45 06 00 0d 17 33 68 3c ed f6 1c 18 3e 1e 66 b1 dc 4d 32
2026-06-05 16:32:35.410 | [game] send CG_GAME_ALIVE
2026-06-05 16:32:35.661 | [debug][recv:game] chunk-len=56 firstLen=28 firstProto=511032
2026-06-05 16:32:35.661 | [debug][recv:game] raw=1c 00 00 00 38 cc 07 00 f6 08 00 00 eb 00 00 00 42 01 00 00 eb 00 00 00 43 01 00 00 1c 00 00 00 38 cc 07 00 b1 08 00 00 e6 00 00 00 1d 01 00 00 e5 00 00 00 1c 01 00 00
2026-06-05 16:32:35.661 | [debug][recv:game] ascii=....8...........B.......C.......8..................
2026-06-05 16:32:37.413 | [debug][recv:game] chunk-len=28 firstLen=28 firstProto=531024
2026-06-05 16:32:37.413 | [debug][recv:game] raw=1c 00 00 00 50 1a 08 00 62 09 00 00 03 00 00 00 f6 00 00 00 1b 01 00 00 47 00 00 00
2026-06-05 16:32:37.413 | [debug][recv:game] ascii=....P...b...............G...
2026-06-05 16:32:38.164 | [debug][recv:game] chunk-len=28 firstLen=28 firstProto=511032
2026-06-05 16:32:38.164 | [debug][recv:game] raw=1c 00 00 00 38 cc 07 00 9b 08 00 00 ee 00 00 00 14 01 00 00 ee 00 00 00 13 01 00 00
2026-06-05 16:32:38.164 | [debug][recv:game] ascii=....8.......................
2026-06-05 16:32:38.164 | [debug][recv:chat] chunk-len=146 firstLen=1114258 firstProto=65540
2026-06-05 16:32:38.164 | [debug][recv:chat] raw=92 00 11 00 04 00 01 00 00 00 31 36 3a 33 32 3a 34 30 20 b5 e6 c0 59 aa ba be 75 c5 5c a4 70 a7 cc 20 a6 62 20 a7 c6 ba b8 af 53 c3 e4 b9 d2 20 ad ab a5 cd a4 46 00 00 00 00 00 00 00 00 00 00 00 00 00 00 00 00 00 00 00 00 00 00 00 00 00 00 00 00 00 00 00 00 00 00 00 00 00 00 00 00 00 00 00 00 00 00 00 00 00 00 00 00 00 00 00 00 00 00 00 00 00 00 00 00 00 00 00 00 00 00 00 00 00 00 00 00 00 00 00 00 00 00 00 00 00 00 00 00 00 00 00 00
2026-06-05 16:32:38.164 | [debug][recv:chat] ascii=..........16:32:40 ...Y...u.\.p.. .b .....S.... ...
2026-06-05 16:32:38.665 | [debug][recv:game] chunk-len=28 firstLen=28 firstProto=511032
2026-06-05 16:32:38.665 | [debug][recv:game] raw=1c 00 00 00 38 cc 07 00 77 08 00 00 d8 00 00 00 2c 01 00 00 d9 00 00 00 2c 01 00 00
2026-06-05 16:32:38.665 | [debug][recv:game] ascii=....8...w.......,.......,...
2026-06-05 16:32:39.416 | [debug][recv:game] chunk-len=28 firstLen=28 firstProto=531024
2026-06-05 16:32:39.416 | [debug][recv:game] raw=1c 00 00 00 50 1a 08 00 62 09 00 00 03 00 00 00 f6 00 00 00 1b 01 00 00 47 00 00 00
2026-06-05 16:32:39.416 | [debug][recv:game] ascii=....P...b...............G...
2026-06-05 16:32:39.667 | [debug][recv:game] chunk-len=28 firstLen=28 firstProto=511032
2026-06-05 16:32:39.667 | [debug][recv:game] raw=1c 00 00 00 38 cc 07 00 41 09 00 00 fe 00 00 00 12 01 00 00 fd 00 00 00 12 01 00 00
2026-06-05 16:32:39.667 | [debug][recv:game] ascii=....8...A...................
2026-06-05 16:32:40.418 | [debug][recv:game] chunk-len=28 firstLen=28 firstProto=511032
2026-06-05 16:32:40.418 | [debug][recv:game] raw=1c 00 00 00 38 cc 07 00 c4 08 00 00 dd 00 00 00 2b 01 00 00 dc 00 00 00 2c 01 00 00
2026-06-05 16:32:40.418 | [debug][recv:game] ascii=....8...........+.......,...
2026-06-05 16:32:41.420 | [debug][recv:game] chunk-len=28 firstLen=28 firstProto=531024
2026-06-05 16:32:41.420 | [debug][recv:game] raw=1c 00 00 00 50 1a 08 00 62 09 00 00 03 00 00 00 f6 00 00 00 1b 01 00 00 47 00 00 00
2026-06-05 16:32:41.420 | [debug][recv:game] ascii=....P...b...............G...
2026-06-05 16:32:41.670 | [debug][recv:game] chunk-len=56 firstLen=28 firstProto=511032
2026-06-05 16:32:41.670 | [debug][recv:game] raw=1c 00 00 00 38 cc 07 00 f8 08 00 00 01 01 00 00 34 01 00 00 02 01 00 00 34 01 00 00 1c 00 00 00 38 cc 07 00 f6 08 00 00 eb 00 00 00 43 01 00 00 ec 00 00 00 43 01 00 00
2026-06-05 16:32:41.670 | [debug][recv:game] ascii=....8...........4.......4.......8...........C......
2026-06-05 16:32:42.421 | [debug][recv:game] chunk-len=28 firstLen=28 firstProto=511032
2026-06-05 16:32:42.421 | [debug][recv:game] raw=1c 00 00 00 38 cc 07 00 b1 08 00 00 e5 00 00 00 1c 01 00 00 e4 00 00 00 1b 01 00 00
2026-06-05 16:32:42.421 | [debug][recv:game] ascii=....8.......................
2026-06-05 16:32:43.423 | [debug][recv:game] chunk-len=44 firstLen=44 firstProto=521023
2026-06-05 16:32:43.423 | [debug][recv:game] raw=2c 00 00 00 3f f3 07 00 62 09 00 00 03 00 00 00 f6 00 00 00 1b 01 00 00 47 00 00 00 3c 00 00 00 74 18 00 00 a6 00 00 00 02 00 00 00
2026-06-05 16:32:43.423 | [debug][recv:game] ascii=,...?...b...............G...<...t...........
2026-06-05 16:32:45.175 | [debug][recv:game] chunk-len=28 firstLen=28 firstProto=511032
2026-06-05 16:32:45.175 | [debug][recv:game] raw=1c 00 00 00 38 cc 07 00 9b 08 00 00 ee 00 00 00 13 01 00 00 ed 00 00 00 12 01 00 00
2026-06-05 16:32:45.175 | [debug][recv:game] ascii=....8.......................
2026-06-05 16:32:45.426 | [debug][recv:game] chunk-len=72 firstLen=44 firstProto=521023
2026-06-05 16:32:45.426 | [debug][recv:game] raw=2c 00 00 00 3f f3 07 00 62 09 00 00 03 00 00 00 f6 00 00 00 1b 01 00 00 47 00 00 00 3c 00 00 00 cc 1a 00 00 a6 00 00 00 00 00 00 00 1c 00 00 00 38 cc 07 00 c4 08 00 00 dc 00 00 00 2c 01 00 00 dc 00 00 00 2b 01 00 00
2026-06-05 16:32:45.426 | [debug][recv:game] ascii=,...?...b...............G...<......................
2026-06-05 16:32:45.426 | [debug][send:CG_GAME_ALIVE] len=12 proto=CG_GAME_ALIVE xor=False
2026-06-05 16:32:45.426 | [debug][send:CG_GAME_ALIVE] raw=0c 00 00 00 a1 45 06 00 a1 45 06 00
2026-06-05 16:32:45.426 | [debug][wire:CG_GAME_ALIVE] len=24 raw=18 00 00 00 a1 45 06 00 bc 44 f8 ea 04 aa db 69 60 4d 80 67 62 c0 da 35
2026-06-05 16:32:45.426 | [game] send CG_GAME_ALIVE
2026-06-05 16:32:45.677 | [debug][recv:game] chunk-len=28 firstLen=28 firstProto=511032
2026-06-05 16:32:45.677 | [debug][recv:game] raw=1c 00 00 00 38 cc 07 00 77 08 00 00 d9 00 00 00 2c 01 00 00 da 00 00 00 2c 01 00 00
2026-06-05 16:32:45.677 | [debug][recv:game] ascii=....8...w.......,.......,...
2026-06-05 16:32:46.178 | [debug][recv:game] chunk-len=28 firstLen=28 firstProto=511032
2026-06-05 16:32:46.178 | [debug][recv:game] raw=1c 00 00 00 38 cc 07 00 41 09 00 00 fd 00 00 00 12 01 00 00 fd 00 00 00 11 01 00 00
2026-06-05 16:32:46.178 | [debug][recv:game] ascii=....8...A...................
2026-06-05 16:32:46.428 | [debug][recv:game] chunk-len=28 firstLen=28 firstProto=511032
2026-06-05 16:32:46.428 | [debug][recv:game] raw=1c 00 00 00 38 cc 07 00 f8 08 00 00 02 01 00 00 34 01 00 00 01 01 00 00 33 01 00 00
2026-06-05 16:32:46.428 | [debug][recv:game] ascii=....8...........4.......3...
2026-06-05 16:32:46.929 | [debug][recv:game] chunk-len=28 firstLen=28 firstProto=511032
2026-06-05 16:32:46.929 | [debug][recv:game] raw=1c 00 00 00 38 cc 07 00 f6 08 00 00 ec 00 00 00 43 01 00 00 ed 00 00 00 42 01 00 00
2026-06-05 16:32:46.929 | [debug][recv:game] ascii=....8...........C.......B...
2026-06-05 16:32:47.429 | [debug][recv:game] chunk-len=28 firstLen=28 firstProto=531024
2026-06-05 16:32:47.429 | [debug][recv:game] raw=1c 00 00 00 50 1a 08 00 62 09 00 00 03 00 00 00 f6 00 00 00 1b 01 00 00 47 00 00 00
2026-06-05 16:32:47.429 | [debug][recv:game] ascii=....P...b...............G...
2026-06-05 16:32:48.431 | [debug][recv:game] chunk-len=28 firstLen=28 firstProto=511032
2026-06-05 16:32:48.431 | [debug][recv:game] raw=1c 00 00 00 38 cc 07 00 b1 08 00 00 e4 00 00 00 1b 01 00 00 e5 00 00 00 1c 01 00 00
2026-06-05 16:32:48.431 | [debug][recv:game] ascii=....8.......................
2026-06-05 16:32:49.433 | [debug][recv:game] chunk-len=28 firstLen=28 firstProto=531024
2026-06-05 16:32:49.433 | [debug][recv:game] raw=1c 00 00 00 50 1a 08 00 62 09 00 00 03 00 00 00 f6 00 00 00 1b 01 00 00 47 00 00 00
2026-06-05 16:32:49.433 | [debug][recv:game] ascii=....P...b...............G...
2026-06-05 16:32:51.436 | [debug][recv:game] chunk-len=28 firstLen=28 firstProto=531024
2026-06-05 16:32:51.436 | [debug][recv:game] raw=1c 00 00 00 50 1a 08 00 62 09 00 00 03 00 00 00 f6 00 00 00 1b 01 00 00 47 00 00 00
2026-06-05 16:32:51.436 | [debug][recv:game] ascii=....P...b...............G...
2026-06-05 16:32:52.438 | [debug][recv:game] chunk-len=84 firstLen=28 firstProto=511032
2026-06-05 16:32:52.438 | [debug][recv:game] raw=1c 00 00 00 38 cc 07 00 9b 08 00 00 ed 00 00 00 12 01 00 00 ed 00 00 00 13 01 00 00 1c 00 00 00 38 cc 07 00 f8 08 00 00 01 01 00 00 33 01 00 00 00 01 00 00 34 01 00 00 1c 00 00 00 38 cc 07 00 f6 08 00 00 ed 00 00 00 42 01 00 00 ee 00 00 00 43 01 00 00
2026-06-05 16:32:52.438 | [debug][recv:game] ascii=....8...........................8...........3......
2026-06-05 16:32:52.938 | [debug][recv:game] chunk-len=28 firstLen=28 firstProto=511032
2026-06-05 16:32:52.938 | [debug][recv:game] raw=1c 00 00 00 38 cc 07 00 c4 08 00 00 dc 00 00 00 2b 01 00 00 db 00 00 00 2c 01 00 00
2026-06-05 16:32:52.938 | [debug][recv:game] ascii=....8...........+.......,...
2026-06-05 16:32:53.189 | [debug][recv:game] chunk-len=56 firstLen=28 firstProto=511032
2026-06-05 16:32:53.189 | [debug][recv:game] raw=1c 00 00 00 38 cc 07 00 41 09 00 00 fd 00 00 00 11 01 00 00 fc 00 00 00 11 01 00 00 1c 00 00 00 38 cc 07 00 77 08 00 00 da 00 00 00 2c 01 00 00 da 00 00 00 2b 01 00 00
2026-06-05 16:32:53.189 | [debug][recv:game] ascii=....8...A.......................8...w.......,......
2026-06-05 16:32:53.440 | [debug][recv:game] chunk-len=44 firstLen=44 firstProto=521023
2026-06-05 16:32:53.440 | [debug][recv:game] raw=2c 00 00 00 3f f3 07 00 62 09 00 00 03 00 00 00 f6 00 00 00 1b 01 00 00 47 00 00 00 3c 00 00 00 90 1a 00 00 a6 00 00 00 00 00 00 00
2026-06-05 16:32:53.440 | [debug][recv:game] ascii=,...?...b...............G...<...............
2026-06-05 16:32:53.941 | [debug][recv:game] chunk-len=28 firstLen=28 firstProto=511032
2026-06-05 16:32:53.941 | [debug][recv:game] raw=1c 00 00 00 38 cc 07 00 b1 08 00 00 e5 00 00 00 1c 01 00 00 e6 00 00 00 1d 01 00 00
2026-06-05 16:32:53.941 | [debug][recv:game] ascii=....8.......................
2026-06-05 16:32:55.443 | [debug][recv:game] chunk-len=28 firstLen=28 firstProto=531024
2026-06-05 16:32:55.443 | [debug][recv:game] raw=1c 00 00 00 50 1a 08 00 62 09 00 00 03 00 00 00 f6 00 00 00 1b 01 00 00 47 00 00 00
2026-06-05 16:32:55.443 | [debug][recv:game] ascii=....P...b...............G...
2026-06-05 16:32:55.443 | [debug][send:CG_GAME_ALIVE] len=12 proto=CG_GAME_ALIVE xor=False
2026-06-05 16:32:55.443 | [debug][send:CG_GAME_ALIVE] raw=0c 00 00 00 a1 45 06 00 a1 45 06 00
2026-06-05 16:32:55.443 | [debug][wire:CG_GAME_ALIVE] len=24 raw=18 00 00 00 a1 45 06 00 1d b2 11 e8 37 29 d6 0f ea 9f 4f dd d1 ed c2 c9
2026-06-05 16:32:55.443 | [game] send CG_GAME_ALIVE
2026-06-05 16:32:57.446 | [debug][recv:game] chunk-len=28 firstLen=28 firstProto=531024
2026-06-05 16:32:57.446 | [debug][recv:game] raw=1c 00 00 00 50 1a 08 00 62 09 00 00 03 00 00 00 f6 00 00 00 1b 01 00 00 47 00 00 00
2026-06-05 16:32:57.446 | [debug][recv:game] ascii=....P...b...............G...
2026-06-05 16:32:57.947 | [debug][recv:game] chunk-len=28 firstLen=28 firstProto=511032
2026-06-05 16:32:57.947 | [debug][recv:game] raw=1c 00 00 00 38 cc 07 00 f6 08 00 00 ee 00 00 00 43 01 00 00 ef 00 00 00 43 01 00 00
2026-06-05 16:32:57.947 | [debug][recv:game] ascii=....8...........C.......C...
2026-06-05 16:32:58.949 | [debug][recv:game] chunk-len=28 firstLen=28 firstProto=511032
2026-06-05 16:32:58.949 | [debug][recv:game] raw=1c 00 00 00 38 cc 07 00 41 09 00 00 fc 00 00 00 11 01 00 00 fd 00 00 00 12 01 00 00
2026-06-05 16:32:58.949 | [debug][recv:game] ascii=....8...A...................
2026-06-05 16:32:59.199 | [debug][recv:game] chunk-len=28 firstLen=28 firstProto=511032
2026-06-05 16:32:59.199 | [debug][recv:game] raw=1c 00 00 00 38 cc 07 00 77 08 00 00 da 00 00 00 2b 01 00 00 d9 00 00 00 2a 01 00 00
2026-06-05 16:32:59.199 | [debug][recv:game] ascii=....8...w.......+.......*...
2026-06-05 16:32:59.700 | [debug][recv:game] chunk-len=84 firstLen=28 firstProto=531024
2026-06-05 16:32:59.700 | [debug][recv:game] raw=1c 00 00 00 50 1a 08 00 62 09 00 00 03 00 00 00 f6 00 00 00 1b 01 00 00 47 00 00 00 1c 00 00 00 38 cc 07 00 c4 08 00 00 db 00 00 00 2c 01 00 00 db 00 00 00 2b 01 00 00 1c 00 00 00 38 cc 07 00 9b 08 00 00 ed 00 00 00 13 01 00 00 ed 00 00 00 14 01 00 00
2026-06-05 16:32:59.700 | [debug][recv:game] ascii=....P...b...............G.......8...........,......
2026-06-05 16:32:59.951 | [debug][recv:game] chunk-len=28 firstLen=28 firstProto=511032
2026-06-05 16:32:59.951 | [debug][recv:game] raw=1c 00 00 00 38 cc 07 00 f8 08 00 00 00 01 00 00 34 01 00 00 01 01 00 00 35 01 00 00
2026-06-05 16:32:59.951 | [debug][recv:game] ascii=....8...........4.......5...
2026-06-05 16:33:00.702 | [debug][recv:game] chunk-len=28 firstLen=28 firstProto=511032
2026-06-05 16:33:00.702 | [debug][recv:game] raw=1c 00 00 00 38 cc 07 00 b1 08 00 00 e6 00 00 00 1d 01 00 00 e6 00 00 00 1e 01 00 00
2026-06-05 16:33:00.702 | [debug][recv:game] ascii=....8.......................
2026-06-05 16:33:01.203 | [debug][recv:chat] chunk-len=6 firstLen=4294901766
2026-06-05 16:33:01.203 | [debug][recv:chat] raw=06 00 ff ff 0f 00
2026-06-05 16:33:01.203 | [debug][recv:chat] ascii=......
2026-06-05 16:33:01.454 | [debug][recv:game] chunk-len=44 firstLen=44 firstProto=521023
2026-06-05 16:33:01.454 | [debug][recv:game] raw=2c 00 00 00 3f f3 07 00 62 09 00 00 03 00 00 00 f6 00 00 00 1b 01 00 00 47 00 00 00 3c 00 00 00 54 1a 00 00 a6 00 00 00 00 00 00 00
2026-06-05 16:33:01.454 | [debug][recv:game] ascii=,...?...b...............G...<...T...........
2026-06-05 16:33:03.458 | [debug][recv:game] chunk-len=28 firstLen=28 firstProto=531024
2026-06-05 16:33:03.458 | [debug][recv:game] raw=1c 00 00 00 50 1a 08 00 62 09 00 00 03 00 00 00 f6 00 00 00 1b 01 00 00 47 00 00 00
2026-06-05 16:33:03.458 | [debug][recv:game] ascii=....P...b...............G...
2026-06-05 16:33:05.210 | [debug][recv:game] chunk-len=28 firstLen=28 firstProto=511032
2026-06-05 16:33:05.210 | [debug][recv:game] raw=1c 00 00 00 38 cc 07 00 f6 08 00 00 ef 00 00 00 43 01 00 00 ef 00 00 00 44 01 00 00
2026-06-05 16:33:05.210 | [debug][recv:game] ascii=....8...........C.......D...
2026-06-05 16:33:05.460 | [debug][send:CG_GAME_ALIVE] len=12 proto=CG_GAME_ALIVE xor=False
2026-06-05 16:33:05.460 | [debug][send:CG_GAME_ALIVE] raw=0c 00 00 00 a1 45 06 00 a1 45 06 00
2026-06-05 16:33:05.460 | [debug][wire:CG_GAME_ALIVE] len=24 raw=18 00 00 00 a1 45 06 00 c8 0f e6 ae 8a f5 17 4a b8 94 79 ea 69 f2 8e e0
2026-06-05 16:33:05.460 | [game] send CG_GAME_ALIVE
2026-06-05 16:33:05.711 | [debug][recv:game] chunk-len=44 firstLen=44 firstProto=521023
2026-06-05 16:33:05.711 | [debug][recv:game] raw=2c 00 00 00 3f f3 07 00 62 09 00 00 03 00 00 00 f6 00 00 00 1b 01 00 00 47 00 00 00 3c 00 00 00 18 1a 00 00 a6 00 00 00 00 00 00 00
2026-06-05 16:33:05.711 | [debug][recv:game] ascii=,...?...b...............G...<...............
2026-06-05 16:33:05.962 | [debug][recv:game] chunk-len=56 firstLen=28 firstProto=511032
2026-06-05 16:33:05.962 | [debug][recv:game] raw=1c 00 00 00 38 cc 07 00 c4 08 00 00 db 00 00 00 2b 01 00 00 dc 00 00 00 2c 01 00 00 1c 00 00 00 38 cc 07 00 f8 08 00 00 01 01 00 00 35 01 00 00 00 01 00 00 34 01 00 00
2026-06-05 16:33:05.962 | [debug][recv:game] ascii=....8...........+.......,.......8...........5......
2026-06-05 16:33:08.965 | [debug][recv:game] chunk-len=84 firstLen=28 firstProto=511032
2026-06-05 16:33:08.965 | [debug][recv:game] raw=1c 00 00 00 38 cc 07 00 41 09 00 00 fd 00 00 00 12 01 00 00 fc 00 00 00 12 01 00 00 1c 00 00 00 38 cc 07 00 9b 08 00 00 ed 00 00 00 14 01 00 00 ec 00 00 00 15 01 00 00 1c 00 00 00 38 cc 07 00 77 08 00 00 d9 00 00 00 2a 01 00 00 d9 00 00 00 29 01 00 00
2026-06-05 16:33:08.965 | [debug][recv:game] ascii=....8...A.......................8..................
2026-06-05 16:33:09.216 | [debug][recv:game] chunk-len=44 firstLen=44 firstProto=521023
2026-06-05 16:33:09.216 | [debug][recv:game] raw=2c 00 00 00 3f f3 07 00 62 09 00 00 03 00 00 00 f6 00 00 00 1b 01 00 00 47 00 00 00 3c 00 00 00 dc 19 00 00 a6 00 00 00 00 00 00 00
2026-06-05 16:33:09.216 | [debug][recv:game] ascii=,...?...b...............G...<...............
2026-06-05 16:33:09.466 | [debug][recv:game] chunk-len=28 firstLen=28 firstProto=531024
2026-06-05 16:33:09.466 | [debug][recv:game] raw=1c 00 00 00 50 1a 08 00 62 09 00 00 03 00 00 00 f6 00 00 00 1b 01 00 00 47 00 00 00
2026-06-05 16:33:09.466 | [debug][recv:game] ascii=....P...b...............G...
2026-06-05 16:33:10.718 | [debug][recv:game] chunk-len=28 firstLen=28 firstProto=511032
2026-06-05 16:33:10.718 | [debug][recv:game] raw=1c 00 00 00 38 cc 07 00 f6 08 00 00 ef 00 00 00 44 01 00 00 f0 00 00 00 44 01 00 00
2026-06-05 16:33:10.718 | [debug][recv:game] ascii=....8...........D.......D...
2026-06-05 16:33:11.219 | [debug][recv:game] chunk-len=28 firstLen=28 firstProto=531024
2026-06-05 16:33:11.219 | [debug][recv:game] raw=1c 00 00 00 50 1a 08 00 62 09 00 00 03 00 00 00 f6 00 00 00 1b 01 00 00 47 00 00 00
2026-06-05 16:33:11.219 | [debug][recv:game] ascii=....P...b...............G...
2026-06-05 16:33:12.471 | [debug][recv:game] chunk-len=28 firstLen=28 firstProto=511032
2026-06-05 16:33:12.471 | [debug][recv:game] raw=1c 00 00 00 38 cc 07 00 c4 08 00 00 dc 00 00 00 2c 01 00 00 dd 00 00 00 2d 01 00 00
2026-06-05 16:33:12.471 | [debug][recv:game] ascii=....8...........,.......-...
2026-06-05 16:33:12.722 | [debug][recv:game] chunk-len=28 firstLen=28 firstProto=511032
2026-06-05 16:33:12.722 | [debug][recv:game] raw=1c 00 00 00 38 cc 07 00 b1 08 00 00 e6 00 00 00 1e 01 00 00 e7 00 00 00 1f 01 00 00
2026-06-05 16:33:12.722 | [debug][recv:game] ascii=....8.......................
2026-06-05 16:33:13.223 | [error] attempt 1 failed
2026-06-05 16:33:13.225 | Traceback (most recent call last):
2026-06-05 16:33:13.225 |   File "so3d_online_login_client.py", line 691, in run_forever
2026-06-05 16:33:13.225 |     run_with_log(args, log_dir, console=console)
2026-06-05 16:33:13.225 |   File "so3d_online_login_client.py", line 679, in run_with_log
2026-06-05 16:33:13.225 |     run(args)
2026-06-05 16:33:13.225 |   File "so3d_online_login_client.py", line 1617, in run
2026-06-05 16:33:13.225 |     drain_socket(login, "lobby", enabled=debug)
2026-06-05 16:33:13.225 |   File "so3d_online_login_client.py", line 1181, in drain_socket
2026-06-05 16:33:13.225 |     readable, _writable, _errored = select.select([sock], [], [], 0)
2026-06-05 16:33:13.225 |                                     ^^^^^^^^^^^^^^^^^^^^^^^^^^^^^^^^
2026-06-05 16:33:13.225 | ValueError: file descriptor cannot be a negative integer (-1)
2026-06-05 16:38:15.294 | [log] writing E:\VS_REPO\red-pass\redpass-daemon\ClientDevLib\SO3DCheat\GGThreadBlock\tools\dist\so3d_online_logs\pp1111_phwnd.log
2026-06-05 16:38:15.294 | [client] account='pp1111' character='phwnd'
2026-06-05 16:38:15.294 | [client] file info high=0x01DC3DEE low=0x76664113 size=0x007CC5C8
2026-06-05 16:38:15.610 | [net] connected 165.154.194.121:1818
2026-06-05 16:38:15.923 | [debug][recv:handshake] len=12 proto=4061146984 key=7
2026-06-05 16:38:15.923 | [debug][recv:handshake] raw=0c 00 00 00 68 2f 10 f2 8e 1d 6c 45
2026-06-05 16:38:15.923 | [debug][recv:handshake] dec=0c 00 00 00 68 2f 10 f2 8e 1d 6c 45
2026-06-05 16:38:15.923 | [debug][recv:handshake] ascii=....h/....lE
2026-06-05 16:38:15.923 | [debug][recv:handshake] xor-candidate key=0 proto=3610512424 firstBody=0x60483ECE body=ce 3e 48 60
2026-06-05 16:38:15.923 | [debug][recv:handshake] xor-candidate key=1 proto=3560246091 firstBody=0x634939AD body=ad 39 49 63
2026-06-05 16:38:15.923 | [debug][recv:handshake] xor-candidate key=2 proto=3627420236 firstBody=0x6F4A38AA body=aa 38 4a 6f
2026-06-05 16:38:15.923 | [debug][recv:handshake] xor-candidate key=3 proto=3644459341 firstBody=0x6E463BAB body=ab 3b 46 6e
2026-06-05 16:38:15.923 | [debug][recv:handshake] xor-candidate key=4 proto=3543860558 firstBody=0x644737A8 body=a8 37 47 64
2026-06-05 16:38:15.923 | [debug][recv:handshake] xor-candidate key=5 proto=2989556802 firstBody=0x054D36A4 body=a4 36 4d 05
2026-06-05 16:38:15.923 | [debug][recv:handshake] xor-candidate key=6 proto=3511684675 firstBody=0x662C3CA5 body=a5 3c 2c 66
2026-06-05 16:38:15.923 | [debug][recv:handshake] xor-candidate key=7 proto=3593695049 firstBody=0x614F5DAF body=af 5d 4f 61
2026-06-05 16:38:15.923 | [debug][recv:handshake] no XOR key produced a known SO3D proto; the SO3D client dispatcher would not handle this as a normal game packet
2026-06-05 16:38:15.923 | [debug][recv:handshake] des-dec=38 38 03 00 83 d7 be 00
2026-06-05 16:38:15.923 | [10002] handshake xor key index=7 key=21 40 23 24
2026-06-05 16:38:15.923 | [10002] initial handshake len=12
2026-06-05 16:38:15.923 | [client] active xor key index=7 key=21 40 23 24
2026-06-05 16:38:15.923 | [debug][send:CL_LOGIN] len=60 proto=CL_LOGIN xor=True
2026-06-05 16:38:15.923 | [debug][send:CL_LOGIN] raw=3c 00 00 00 b9 f1 22 24 21 40 23 24 62 30 da c0 eb 12 27 69 b7 bd 59 b8 e8 29 85 c6 90 3d c6 09 98 e7 83 a7 b7 bd 59 b8 e8 29 85 c6 3a 75 9d 93 6e cd 07 1d 31 1f 11 a1 03 c7 f1 0a
2026-06-05 16:38:15.923 | [debug][send:CL_LOGIN] dec=3c 00 00 00 98 b1 01 00 00 00 00 00 43 70 f9 e4 ca 52 04 4d 96 fd 7a 9c c9 69 a6 e2 b1 7d e5 2d b9 a7 a0 83 96 fd 7a 9c c9 69 a6 e2 1b 35 be b7 4f 8d 24 39 10 5f 32 85 22 87 d2 2e
2026-06-05 16:38:15.924 | [10002] send CL_LOGIN
2026-06-05 16:38:16.344 | [debug][recv:LC_SERVER_LIST] len=58 proto=LC_SERVER_LIST key=7
2026-06-05 16:38:16.344 | [debug][recv:LC_SERVER_LIST] raw=3a 00 00 00 68 1f 20 24 20 40 23 24 10 33 46 56 57 25 51 24 01 60 03 04 01 60 03 04 20 40 23 24 f4 40 23 24 21 40 23 24 21 40 23 24 21 40 23 24 21 40 23 24 21 40 23 24 21 40
2026-06-05 16:38:16.344 | [debug][recv:LC_SERVER_LIST] dec=3a 00 00 00 49 5f 03 00 01 00 00 00 31 73 65 72 76 65 72 00 20 20 20 20 20 20 20 20 01 00 00 00 d5 00 00 00 00 00 00 00 00 00 00 00 00 00 00 00 00 00 00 00 00 00 00 00 00 00
2026-06-05 16:38:16.344 | [10002] recv proto=LC_SERVER_LIST len=58
2026-06-05 16:38:16.650 | [net] connected 123.58.197.240:1838
2026-06-05 16:38:16.650 | [bill] send open opcode=1 len=38
2026-06-05 16:38:19.660 | [bill] recv open-ack skipped: timed out
2026-06-05 16:38:19.660 | [bill] send account opcode=2 len=22
2026-06-05 16:38:19.660 | [bill] send ready opcode=3 len=6
2026-06-05 16:38:19.969 | [bill] recv post-ready-1 47 00 02 00 01 00 00 00 00 00 70 70 31 31 31 31 00 00 00 00 00 00 00 00 00 00 00 00 00 00 00 00 00 00 00 00 00 00 00 00 00 00 00 00 00 00 00 00 00 00 00 00 00 00 00 00 00 00 00 00 00 00 00 00 00 00 00 00 00 00 00
2026-06-05 16:38:20.272 | [bill] recv post-ready-2 30 00 03 00 01 00 00 00 00 00 70 70 31 31 31 31 00 00 00 00 00 00 00 00 00 00 00 00 00 00 00 00 00 00 00 00 00 00 00 00 00 00 00 00 00 00 00 00
2026-06-05 16:38:20.272 | [debug][send:CL_GET_CHARINFO] len=16 proto=CL_GET_CHARINFO xor=True
2026-06-05 16:38:20.272 | [debug][send:CL_GET_CHARINFO] raw=10 00 00 00 ba f1 22 24 23 40 23 24 20 40 23 24
2026-06-05 16:38:20.272 | [debug][send:CL_GET_CHARINFO] dec=10 00 00 00 9b b1 01 00 02 00 00 00 01 00 00 00
2026-06-05 16:38:20.272 | [10002] send CL_GET_CHARINFO server=2 channel=1
2026-06-05 16:38:21.450 | [debug][recv:LC_CHARINFO_SUCCESS] len=388 proto=LC_CHARINFO_SUCCESS key=7
2026-06-05 16:38:21.450 | [debug][recv:LC_CHARINFO_SUCCESS] raw=84 01 00 00 6a 1f 20 24 23 40 23 24 20 40 23 24 24 40 23 24 51 28 54 4a 45 40 23 24 21 40 23 24 21 40 23 24 20 40 23 24 ba 40 23 24 22 40 23 24 20 40 23 24 20 40 23 24 21 40 23 24 8a 63 23 24 2d 40 23 24 8d 63 23 24 2d 40 23 24 8c 63 23 24 2d 40 23 24 8f 63 23 24 2d 40 23 24 d7 12 23 24 21 40 23 24 21 40 23 24 21 40 23 24 1c 4f 23 24 2d 40 23 24 f7 4f 23 24 21 40 23 24 de bf dc db 21 40 23 24 8d 5f 23 24 21 40 23 24 21 40 23 24 21 40 23 24 e0 02 23 24 21 40 23 24 21 40 23 24 ...(+228 bytes)
2026-06-05 16:38:21.450 | [debug][recv:LC_CHARINFO_SUCCESS] dec=84 01 00 00 4b 5f 03 00 02 00 00 00 01 00 00 00 05 00 00 00 70 68 77 6e 64 00 00 00 00 00 00 00 00 00 00 00 01 00 00 00 9b 00 00 00 03 00 00 00 01 00 00 00 01 00 00 00 00 00 00 00 ab 23 00 00 0c 00 00 00 ac 23 00 00 0c 00 00 00 ad 23 00 00 0c 00 00 00 ae 23 00 00 0c 00 00 00 f6 52 00 00 00 00 00 00 00 00 00 00 00 00 00 00 3d 0f 00 00 0c 00 00 00 d6 0f 00 00 00 00 00 00 ff ff ff ff 00 00 00 00 ac 1f 00 00 00 00 00 00 00 00 00 00 00 00 00 00 c1 42 00 00 00 00 00 00 00 00 00 00 ...(+228 bytes)
2026-06-05 16:38:21.450 | [10002] recv proto=LC_CHARINFO_SUCCESS len=388
2026-06-05 16:38:21.450 | [bill] send select-server opcode=4 len=10
2026-06-05 16:38:21.450 | [debug][send:CL_GAMESERVER_CONNECT] len=32 proto=CL_GAMESERVER_CONNECT xor=True
2026-06-05 16:38:21.450 | [debug][send:CL_GAMESERVER_CONNECT] raw=20 00 00 00 bf f1 22 24 23 40 23 24 20 40 23 24 51 28 54 4a 45 40 23 24 21 40 23 24 21 40 23 24
2026-06-05 16:38:21.450 | [debug][send:CL_GAMESERVER_CONNECT] dec=20 00 00 00 9e b1 01 00 02 00 00 00 01 00 00 00 70 68 77 6e 64 00 00 00 00 00 00 00 00 00 00 00
2026-06-05 16:38:21.450 | [10002] send CL_GAMESERVER_CONNECT character='phwnd'
2026-06-05 16:38:21.883 | [debug][recv:LC_GSERV_CONNECT_SUCCESS] len=60 proto=LC_GSERV_CONNECT_SUCCESS key=7
2026-06-05 16:38:21.883 | [debug][recv:LC_GSERV_CONNECT_SUCCESS] raw=3c 00 00 00 70 1f 20 24 23 40 23 24 51 28 54 4a 45 40 23 24 21 40 23 24 21 40 23 24 10 72 14 0a 10 6e 16 0a 15 71 23 04 01 60 03 04 10 47 23 24 fc 8a cf 2e 21 40 23 24 20 40 23 24
2026-06-05 16:38:21.883 | [debug][recv:LC_GSERV_CONNECT_SUCCESS] dec=3c 00 00 00 51 5f 03 00 02 00 00 00 70 68 77 6e 64 00 00 00 00 00 00 00 00 00 00 00 31 32 37 2e 31 2e 35 2e 34 31 00 20 20 20 20 20 31 07 00 00 dd ca ec 0a 00 00 00 00 01 00 00 00
2026-06-05 16:38:21.883 | [10002] recv proto=LC_GSERV_CONNECT_SUCCESS len=60
2026-06-05 16:38:21.883 | [game] lobby returned 127.1.5.41:1841 character='phwnd' seed=0x0AECCADD
2026-06-05 16:38:21.883 | [game] host map 127.1.5.41 -> 128.14.237.136
2026-06-05 16:38:21.883 | [game] effective server 128.14.237.136:1841 character='phwnd' seed=0x0AECCADD
2026-06-05 16:38:22.180 | [net] connected 128.14.237.136:1841
2026-06-05 16:38:22.180 | [debug][send:CG_PLAY_START] len=12 proto=CG_PLAY_START xor=False
2026-06-05 16:38:22.180 | [debug][send:CG_PLAY_START] raw=0c 00 00 00 87 49 06 00 87 49 06 00
2026-06-05 16:38:22.180 | [debug][wire:CG_PLAY_START] len=24 raw=18 00 00 00 87 49 06 00 f5 08 c4 bb a9 6f f4 64 a3 32 3f a9 5b ac e4 2f
2026-06-05 16:38:22.181 | [game] send CG_PLAY_START
2026-06-05 16:38:22.181 | [debug][send:CG_ENTER] len=52 proto=CG_ENTER xor=False
2026-06-05 16:38:22.181 | [debug][send:CG_ENTER] raw=34 00 00 00 7d 45 06 00 dd ca ec 0a ee 3d dc 01 13 41 66 76 c8 c5 7c 00 00 00 00 00 00 00 00 00 00 00 00 00 70 68 77 6e 64 00 00 00 00 00 00 00 00 00 00 00
2026-06-05 16:38:22.181 | [debug][wire:CG_ENTER] len=64 raw=40 00 00 00 7d 45 06 00 df 6b 4b 0d 2a ce a0 e7 35 0e 79 7e 0a 1f 63 17 ac 1c 00 5b 0b fd 1b 33 87 e2 21 2e ee 9e 2b a5 85 25 3d 4a 06 58 06 cb 9a e1 04 5b 13 65 8a 2c ce 42 e9 89 71 de 47 58
2026-06-05 16:38:22.181 | [game] send CG_ENTER
2026-06-05 16:38:22.836 | [debug][recv:game] chunk-len=12648 firstLen=48 firstProto=511416
2026-06-05 16:38:22.836 | [debug][recv:game] raw=30 00 00 00 b8 cd 07 00 00 00 00 00 00 00 00 00 00 00 00 00 00 00 00 00 00 00 00 00 00 00 00 00 00 00 00 00 00 00 00 00 00 00 00 00 00 00 00 00 30 00 00 00 b8 cd 07 00 00 00 00 00 00 00 00 00 00 00 00 00 00 00 00 00 00 00 00 00 00 00 00 00 00 00 00 00 00 00 00 00 00 00 00 00 00 00 00 00 1c 00 00 00 34 ce 07 00 d7 e8 e8 00 00 00 00 00 14 00 00 00 02 00 00 00 00 00 00 00 54 00 00 00 1b 22 08 00 cf 02 00 00 6a 00 00 00 03 03 00 00 2d 00 00 00 09 02 00 00 15 00 00 00 53 01 00 00 ...(+12488 bytes)
2026-06-05 16:38:22.836 | [debug][recv:game] ascii=0..................................................
2026-06-05 16:38:22.836 | [chat] status source from post-enter: player_id=0x00000058 map_id=8
2026-06-05 16:38:23.138 | [debug][recv:game] chunk-len=2800 firstLen=0 firstProto=30791
2026-06-05 16:38:23.138 | [debug][recv:game] raw=00 00 00 00 47 78 00 00 0a 00 00 00 00 00 00 00 00 00 00 00 00 00 00 00 00 00 00 00 10 45 00 60 00 00 00 c8 00 00 00 00 00 00 00 00 00 00 00 00 00 00 00 00 00 00 00 00 00 00 00 00 00 00 00 00 00 00 00 00 00 00 00 00 00 00 00 00 00 00 00 00 00 00 00 00 00 00 00 00 00 00 00 00 00 00 00 00 62 22 06 00 00 00 00 00 00 00 00 00 00 00 00 00 00 00 00 00 00 00 00 00 00 00 00 00 00 00 00 00 00 00 00 00 00 00 00 00 00 00 00 00 00 00 00 00 00 00 00 00 00 00 00 00 00 00 00 00 00 00 00 00 ...(+2640 bytes)
2026-06-05 16:38:23.138 | [debug][recv:game] ascii=....Gx.......................E.`...................
2026-06-05 16:38:23.188 | [debug][send:CG_INIT_411555] len=18 proto=CG_INIT_411555 xor=False
2026-06-05 16:38:23.188 | [debug][send:CG_INIT_411555] raw=12 00 00 00 a3 47 06 00 00 00 ff ff ff ff ff ff ff ff
2026-06-05 16:38:23.188 | [debug][wire:CG_INIT_411555] len=32 raw=20 00 00 00 a3 47 06 00 0e b1 84 24 2c a5 eb f7 8a e4 71 d9 b6 26 d2 61 a8 ad 47 4d 16 8a af 66
2026-06-05 16:38:23.188 | [game] send CG_INIT_411555
2026-06-05 16:38:23.188 | [debug][send:CG_INIT_411589] len=20 proto=CG_INIT_411589 xor=False
2026-06-05 16:38:23.188 | [debug][send:CG_INIT_411589] raw=14 00 00 00 c5 47 06 00 00 00 00 00 ff ff ff ff ff ff ff ff
2026-06-05 16:38:23.188 | [debug][wire:CG_INIT_411589] len=32 raw=20 00 00 00 c5 47 06 00 90 a8 d0 b6 96 8b fe d5 03 1d ca 58 8f c6 37 f9 fa 88 7a 84 dd c9 ad 40
2026-06-05 16:38:23.188 | [game] send CG_INIT_411589
2026-06-05 16:38:23.188 | [debug][send:CG_INIT_411595] len=20 proto=CG_INIT_411595 xor=False
2026-06-05 16:38:23.188 | [debug][send:CG_INIT_411595] raw=14 00 00 00 cb 47 06 00 00 00 00 00 ff ff ff ff ff ff ff ff
2026-06-05 16:38:23.188 | [debug][wire:CG_INIT_411595] len=32 raw=20 00 00 00 cb 47 06 00 90 a8 d0 b6 96 8b fe d5 03 1d ca 58 8f c6 37 f9 fa 88 7a 84 dd c9 ad 40
2026-06-05 16:38:23.188 | [game] send CG_INIT_411595
2026-06-05 16:38:23.209 | [debug][send:CG_PLAY_START_2] len=12 proto=CG_PLAY_START xor=False
2026-06-05 16:38:23.209 | [debug][send:CG_PLAY_START_2] raw=0c 00 00 00 87 49 06 00 87 49 06 00
2026-06-05 16:38:23.209 | [debug][wire:CG_PLAY_START_2] len=24 raw=18 00 00 00 87 49 06 00 85 4c 47 ea b7 1f aa 52 b2 d7 b6 c9 8b c5 cf 63
2026-06-05 16:38:23.209 | [game] send CG_PLAY_START_2
2026-06-05 16:38:23.229 | [debug][send:CG_POST_ENTER_411570] len=12 proto=CG_POST_ENTER_411570 xor=False
2026-06-05 16:38:23.229 | [debug][send:CG_POST_ENTER_411570] raw=0c 00 00 00 b2 47 06 00 04 00 00 00
2026-06-05 16:38:23.229 | [debug][wire:CG_POST_ENTER_411570] len=24 raw=18 00 00 00 b2 47 06 00 58 13 86 08 f2 39 f7 cd 69 68 24 46 4c 5e 73 08
2026-06-05 16:38:23.229 | [game] send CG_POST_ENTER_411570
2026-06-05 16:38:23.508 | [net] connected 123.58.197.240:3000
2026-06-05 16:38:23.508 | [chat] send login opcode=0x00004100 len=69 raw=45 00 00 41 00 00 70 70 31 31 31 31 00 00 00 00 00 00 00 00 00 00 00 61 73 64 71 77 65 00 00 00 00 00 00 00 00 00 00 00 70 68 77 6e 64 00 00 00 00 00 00 00 00 00 00 00 00 01 00 00 00 1f ae 01 00 58 00 00 00
2026-06-05 16:38:23.508 | [chat] send map-status map=8 player=0x00000058 opcode=0x00004110 len=39 raw=27 00 10 41 00 00 08 00 00 00 08 00 00 00 70 68 77 6e 64 00 00 00 00 00 00 00 00 00 00 00 00 00 00 00 00 58 00 00 00
2026-06-05 16:38:23.759 | [debug][send:CG_POST_ENTER_411625] len=12 proto=CG_POST_ENTER_411625 xor=False
2026-06-05 16:38:23.759 | [debug][send:CG_POST_ENTER_411625] raw=0c 00 00 00 e9 47 06 00 00 00 00 00
2026-06-05 16:38:23.759 | [debug][wire:CG_POST_ENTER_411625] len=24 raw=18 00 00 00 e9 47 06 00 2d 78 be 97 8d e7 69 e2 90 80 6a fc 46 fa dc b3
2026-06-05 16:38:23.759 | [game] send CG_POST_ENTER_411625
2026-06-05 16:38:23.759 | [loop] online simulation is running; Ctrl+C to stop
2026-06-05 16:38:23.759 | [debug][recv:game] chunk-len=16800 firstLen=0 firstProto=0
2026-06-05 16:38:23.759 | [debug][recv:game] raw=00 00 00 00 00 00 00 00 ff ff ff ff 00 00 00 00 67 61 00 00 00 00 00 00 00 00 00 00 00 00 00 00 69 78 00 00 07 00 00 00 00 00 00 00 00 00 00 00 6a 78 00 00 07 00 00 00 00 00 00 00 00 00 00 00 6b 78 00 00 07 00 00 00 00 00 00 00 00 00 00 00 6c 78 00 00 07 00 00 00 00 00 00 00 00 00 00 00 00 00 00 00 00 00 00 00 00 00 00 00 00 00 00 00 00 00 00 00 00 00 00 00 00 00 00 00 00 00 00 00 e7 76 00 00 0a 00 00 00 00 00 00 00 00 00 00 00 01 00 00 00 00 00 00 00 00 00 00 00 00 00 00 00 ...(+16640 bytes)
2026-06-05 16:38:23.759 | [debug][recv:game] ascii=................ga..............ix.................
2026-06-05 16:38:24.010 | [debug][recv:chat] chunk-len=61 firstLen=16842813 firstProto=1752170500
2026-06-05 16:38:24.010 | [debug][recv:chat] raw=3d 00 01 01 04 00 70 68 77 6e 64 00 00 00 00 00 00 00 00 00 00 00 00 45 54 43 00 00 00 00 00 00 00 00 00 00 00 00 00 00 01 00 00 00 45 54 43 00 00 00 00 00 00 00 00 00 00 00 00 00 00
2026-06-05 16:38:24.010 | [debug][recv:chat] ascii==.....phwnd............ETC..................ETC....
2026-06-05 16:38:24.261 | [debug][recv:game] chunk-len=3733 firstLen=0 firstProto=0
2026-06-05 16:38:24.261 | [debug][recv:game] raw=00 00 00 00 00 00 00 00 00 00 00 00 00 00 00 00 00 00 00 00 00 00 00 00 00 00 00 00 00 00 00 00 00 00 00 00 00 00 00 00 00 00 00 00 00 00 00 00 00 00 00 00 00 00 00 00 00 00 00 00 00 00 00 00 00 00 00 00 00 00 00 00 00 00 00 00 00 00 00 00 00 00 00 00 00 00 00 00 00 00 00 00 00 00 00 00 00 00 00 00 00 00 00 00 00 00 00 00 00 00 00 00 00 00 00 00 00 00 00 00 00 00 00 00 00 00 00 00 00 00 00 00 00 00 00 00 00 00 00 00 00 00 00 00 00 00 00 00 00 00 00 00 00 00 00 00 00 00 00 00 ...(+3573 bytes)
2026-06-05 16:38:24.261 | [debug][recv:game] ascii=...................................................
2026-06-05 16:38:24.261 | [debug][recv:chat] chunk-len=79 firstLen=16908315 firstProto=1752170500
2026-06-05 16:38:24.261 | [debug][recv:chat] raw=1b 00 02 01 04 00 70 68 77 6e 64 00 00 00 00 00 00 00 00 00 00 00 00 00 00 00 00 34 00 32 01 04 00 70 68 77 6e 64 00 00 00 00 00 00 00 00 00 00 00 00 00 00 00 00 00 00 00 00 00 00 00 00 00 00 00 00 00 00 00 00 00 00 00 00 00 00 00 00 00
2026-06-05 16:38:24.261 | [debug][recv:chat] ascii=......phwnd................4.2...phwnd.............
2026-06-05 16:38:24.511 | [debug][recv:game] chunk-len=624 firstLen=28 firstProto=531024
2026-06-05 16:38:24.511 | [debug][recv:game] raw=1c 00 00 00 50 1a 08 00 62 09 00 00 03 00 00 00 f6 00 00 00 1b 01 00 00 47 00 00 00 1c 00 00 00 38 cc 07 00 f8 08 00 00 04 01 00 00 2d 01 00 00 03 01 00 00 2e 01 00 00 10 00 00 00 9b ce 07 00 00 00 00 00 00 00 00 00 54 00 00 00 1b 22 08 00 cf 02 00 00 6a 00 00 00 03 03 00 00 2d 00 00 00 09 02 00 00 15 00 00 00 53 01 00 00 03 01 00 00 94 15 00 00 5b 07 00 00 09 00 00 00 00 00 00 00 00 00 00 00 d0 01 00 00 06 00 00 00 06 00 00 00 05 00 00 00 05 00 00 00 05 00 00 00 d4 01 00 00 ...(+464 bytes)
2026-06-05 16:38:24.511 | [debug][recv:game] ascii=....P...b...............G.......8...........-......
2026-06-05 16:38:26.264 | [debug][recv:game] chunk-len=924 firstLen=28 firstProto=511032
2026-06-05 16:38:26.264 | [debug][recv:game] raw=1c 00 00 00 38 cc 07 00 f6 08 00 00 f1 00 00 00 3f 01 00 00 f0 00 00 00 3e 01 00 00 10 00 00 00 7b ce 07 00 5f 00 00 00 d4 fe ff ff 10 00 00 00 7b ce 07 00 5f 00 00 00 e4 40 00 00 10 00 00 00 7b ce 07 00 5f 00 00 00 e4 40 00 00 dc 02 00 00 1a cc 07 00 00 00 00 00 5f 00 00 00 70 65 75 77 00 00 00 00 00 00 00 00 00 00 00 00 00 01 00 00 30 01 00 00 97 00 00 00 02 00 00 00 02 00 00 00 50 c3 00 00 01 00 00 00 00 00 00 00 e0 15 00 00 8f 06 00 00 00 00 00 00 00 00 00 00 06 00 00 00 ...(+764 bytes)
2026-06-05 16:38:26.264 | [debug][recv:game] ascii=....8...........?.......>.......{..._..............
2026-06-05 16:38:26.765 | [debug][recv:game] chunk-len=796 firstLen=16 firstProto=511611
2026-06-05 16:38:26.765 | [debug][recv:game] raw=10 00 00 00 7b ce 07 00 60 00 00 00 d4 fe ff ff 10 00 00 00 7b ce 07 00 60 00 00 00 7b 41 00 00 10 00 00 00 7b ce 07 00 60 00 00 00 7b 41 00 00 dc 02 00 00 1a cc 07 00 00 00 00 00 60 00 00 00 70 6f 6e 67 00 00 00 00 00 00 00 00 00 00 00 00 00 01 00 00 30 01 00 00 99 00 00 00 05 00 00 00 02 00 00 00 50 c3 00 00 02 00 00 00 00 00 00 00 b1 11 00 00 4e 05 00 00 00 00 00 00 00 00 00 00 06 00 00 00 00 00 00 00 00 00 00 00 00 00 00 00 00 00 00 00 00 00 00 00 00 00 00 00 ab 23 00 00 ...(+636 bytes)
2026-06-05 16:38:26.765 | [debug][recv:game] ascii=....{...`...........{...`...{A......{...`...{A.....
2026-06-05 16:38:28.017 | [debug][recv:game] chunk-len=88 firstLen=16 firstProto=511611
2026-06-05 16:38:28.017 | [debug][recv:game] raw=10 00 00 00 7b ce 07 00 60 00 00 00 7b 41 00 00 10 00 00 00 c9 ce 07 00 60 00 00 00 00 00 00 00 1c 00 00 00 38 cc 07 00 41 09 00 00 fd 00 00 00 13 01 00 00 fc 00 00 00 14 01 00 00 1c 00 00 00 50 1a 08 00 62 09 00 00 03 00 00 00 f6 00 00 00 1b 01 00 00 47 00 00 00
2026-06-05 16:38:28.017 | [debug][recv:game] ascii=....{...`...{A..........`...........8...A..........
2026-06-05 16:38:28.768 | [debug][recv:game] chunk-len=28 firstLen=28 firstProto=511032
2026-06-05 16:38:28.768 | [debug][recv:game] raw=1c 00 00 00 38 cc 07 00 c4 08 00 00 dd 00 00 00 29 01 00 00 de 00 00 00 29 01 00 00
2026-06-05 16:38:28.768 | [debug][recv:game] ascii=....8...........).......)...
2026-06-05 16:38:29.520 | [debug][recv:game] chunk-len=28 firstLen=28 firstProto=531024
2026-06-05 16:38:29.520 | [debug][recv:game] raw=1c 00 00 00 50 1a 08 00 62 09 00 00 03 00 00 00 f6 00 00 00 1b 01 00 00 47 00 00 00
2026-06-05 16:38:29.520 | [debug][recv:game] ascii=....P...b...............G...
2026-06-05 16:38:31.523 | [debug][recv:game] chunk-len=56 firstLen=28 firstProto=511032
2026-06-05 16:38:31.523 | [debug][recv:game] raw=1c 00 00 00 38 cc 07 00 f6 08 00 00 f0 00 00 00 3e 01 00 00 f0 00 00 00 3f 01 00 00 1c 00 00 00 38 cc 07 00 b1 08 00 00 ed 00 00 00 28 01 00 00 ec 00 00 00 28 01 00 00
2026-06-05 16:38:31.523 | [debug][recv:game] ascii=....8...........>.......?.......8...........(......
2026-06-05 16:38:31.773 | [debug][recv:game] chunk-len=56 firstLen=28 firstProto=511032
2026-06-05 16:38:31.773 | [debug][recv:game] raw=1c 00 00 00 38 cc 07 00 f8 08 00 00 03 01 00 00 2e 01 00 00 04 01 00 00 2d 01 00 00 1c 00 00 00 50 1a 08 00 62 09 00 00 03 00 00 00 f6 00 00 00 1b 01 00 00 47 00 00 00
2026-06-05 16:38:31.773 | [debug][recv:game] ascii=....8...................-.......P...b..............
2026-06-05 16:38:32.524 | [debug][recv:game] chunk-len=28 firstLen=28 firstProto=511032
2026-06-05 16:38:32.524 | [debug][recv:game] raw=1c 00 00 00 38 cc 07 00 9b 08 00 00 f2 00 00 00 21 01 00 00 f2 00 00 00 22 01 00 00
2026-06-05 16:38:32.524 | [debug][recv:game] ascii=....8...........!......."...
2026-06-05 16:38:33.527 | [debug][recv:game] chunk-len=44 firstLen=44 firstProto=521023
2026-06-05 16:38:33.527 | [debug][recv:game] raw=2c 00 00 00 3f f3 07 00 62 09 00 00 03 00 00 00 f6 00 00 00 1b 01 00 00 47 00 00 00 3c 00 00 00 54 1a 00 00 a6 00 00 00 00 00 00 00
2026-06-05 16:38:33.527 | [debug][recv:game] ascii=,...?...b...............G...<...T...........
2026-06-05 16:38:33.777 | [debug][send:CG_GAME_ALIVE] len=12 proto=CG_GAME_ALIVE xor=False
2026-06-05 16:38:33.777 | [debug][send:CG_GAME_ALIVE] raw=0c 00 00 00 a1 45 06 00 a1 45 06 00
2026-06-05 16:38:33.777 | [debug][wire:CG_GAME_ALIVE] len=24 raw=18 00 00 00 a1 45 06 00 26 97 24 61 4a 3d cf 66 74 64 51 1a 42 f3 1e 82
2026-06-05 16:38:33.777 | [game] send CG_GAME_ALIVE
2026-06-05 16:38:34.278 | [debug][recv:game] chunk-len=28 firstLen=28 firstProto=511032
2026-06-05 16:38:34.278 | [debug][recv:game] raw=1c 00 00 00 38 cc 07 00 41 09 00 00 fc 00 00 00 14 01 00 00 fb 00 00 00 14 01 00 00
2026-06-05 16:38:34.278 | [debug][recv:game] ascii=....8...A...................
2026-06-05 16:38:35.529 | [debug][recv:game] chunk-len=44 firstLen=44 firstProto=521023
2026-06-05 16:38:35.529 | [debug][recv:game] raw=2c 00 00 00 3f f3 07 00 62 09 00 00 03 00 00 00 f6 00 00 00 1b 01 00 00 47 00 00 00 3c 00 00 00 18 1a 00 00 a6 00 00 00 02 00 00 00
2026-06-05 16:38:35.529 | [debug][recv:game] ascii=,...?...b...............G...<...............
2026-06-05 16:38:35.780 | [debug][recv:game] chunk-len=28 firstLen=28 firstProto=511032
2026-06-05 16:38:35.780 | [debug][recv:game] raw=1c 00 00 00 38 cc 07 00 c4 08 00 00 de 00 00 00 29 01 00 00 df 00 00 00 29 01 00 00
2026-06-05 16:38:35.780 | [debug][recv:game] ascii=....8...........).......)...
2026-06-05 16:38:37.282 | [debug][recv:game] chunk-len=28 firstLen=28 firstProto=511032
2026-06-05 16:38:37.282 | [debug][recv:game] raw=1c 00 00 00 38 cc 07 00 b1 08 00 00 ec 00 00 00 28 01 00 00 ed 00 00 00 27 01 00 00
2026-06-05 16:38:37.282 | [debug][recv:game] ascii=....8...........(.......'...
2026-06-05 16:38:37.533 | [debug][recv:game] chunk-len=56 firstLen=28 firstProto=511032
2026-06-05 16:38:37.533 | [debug][recv:game] raw=1c 00 00 00 38 cc 07 00 f6 08 00 00 f0 00 00 00 3f 01 00 00 ef 00 00 00 40 01 00 00 1c 00 00 00 50 1a 08 00 62 09 00 00 03 00 00 00 f6 00 00 00 1b 01 00 00 47 00 00 00
2026-06-05 16:38:37.533 | [debug][recv:game] ascii=....8...........?.......@.......P...b..............
2026-06-05 16:38:38.785 | [debug][recv:game] chunk-len=28 firstLen=28 firstProto=511032
2026-06-05 16:38:38.785 | [debug][recv:game] raw=1c 00 00 00 38 cc 07 00 9b 08 00 00 f2 00 00 00 22 01 00 00 f1 00 00 00 23 01 00 00
2026-06-05 16:38:38.785 | [debug][recv:game] ascii=....8...........".......#...
2026-06-05 16:38:40.036 | [debug][recv:game] chunk-len=44 firstLen=44 firstProto=521023
2026-06-05 16:38:40.036 | [debug][recv:game] raw=2c 00 00 00 3f f3 07 00 62 09 00 00 03 00 00 00 f6 00 00 00 1b 01 00 00 47 00 00 00 3c 00 00 00 dc 19 00 00 a6 00 00 00 00 00 00 00
2026-06-05 16:38:40.036 | [debug][recv:game] ascii=,...?...b...............G...<...............
2026-06-05 16:38:40.537 | [debug][recv:game] chunk-len=28 firstLen=28 firstProto=511032
2026-06-05 16:38:40.537 | [debug][recv:game] raw=1c 00 00 00 38 cc 07 00 41 09 00 00 fb 00 00 00 14 01 00 00 fa 00 00 00 13 01 00 00
2026-06-05 16:38:40.537 | [debug][recv:game] ascii=....8...A...................
2026-06-05 16:38:41.539 | [debug][recv:game] chunk-len=44 firstLen=44 firstProto=521023
2026-06-05 16:38:41.539 | [debug][recv:game] raw=2c 00 00 00 3f f3 07 00 62 09 00 00 03 00 00 00 f6 00 00 00 1b 01 00 00 47 00 00 00 3c 00 00 00 a0 19 00 00 a6 00 00 00 00 00 00 00
2026-06-05 16:38:41.539 | [debug][recv:game] ascii=,...?...b...............G...<...............
2026-06-05 16:38:42.290 | [debug][recv:game] chunk-len=28 firstLen=28 firstProto=511032
2026-06-05 16:38:42.290 | [debug][recv:game] raw=1c 00 00 00 38 cc 07 00 b1 08 00 00 ed 00 00 00 27 01 00 00 ec 00 00 00 28 01 00 00
2026-06-05 16:38:42.290 | [debug][recv:game] ascii=....8...........'.......(...
2026-06-05 16:38:42.791 | [debug][recv:game] chunk-len=28 firstLen=28 firstProto=511032
2026-06-05 16:38:42.791 | [debug][recv:game] raw=1c 00 00 00 38 cc 07 00 c4 08 00 00 df 00 00 00 29 01 00 00 de 00 00 00 29 01 00 00
2026-06-05 16:38:42.791 | [debug][recv:game] ascii=....8...........).......)...
2026-06-05 16:38:43.792 | [debug][send:CG_GAME_ALIVE] len=12 proto=CG_GAME_ALIVE xor=False
2026-06-05 16:38:43.792 | [debug][send:CG_GAME_ALIVE] raw=0c 00 00 00 a1 45 06 00 a1 45 06 00
2026-06-05 16:38:43.792 | [debug][wire:CG_GAME_ALIVE] len=24 raw=18 00 00 00 a1 45 06 00 85 82 fe 01 0e ce d5 21 f9 de 91 18 b3 94 bf 5f
2026-06-05 16:38:43.792 | [game] send CG_GAME_ALIVE
2026-06-05 16:38:44.042 | [debug][recv:game] chunk-len=28 firstLen=28 firstProto=531024
2026-06-05 16:38:44.042 | [debug][recv:game] raw=1c 00 00 00 50 1a 08 00 62 09 00 00 03 00 00 00 f6 00 00 00 1b 01 00 00 47 00 00 00
2026-06-05 16:38:44.042 | [debug][recv:game] ascii=....P...b...............G...
2026-06-05 16:38:44.543 | [debug][recv:game] chunk-len=28 firstLen=28 firstProto=511032
2026-06-05 16:38:44.543 | [debug][recv:game] raw=1c 00 00 00 38 cc 07 00 f8 08 00 00 04 01 00 00 2d 01 00 00 05 01 00 00 2c 01 00 00
2026-06-05 16:38:44.543 | [debug][recv:game] ascii=....8...........-.......,...
2026-06-05 16:38:44.794 | [debug][recv:game] chunk-len=28 firstLen=28 firstProto=511032
2026-06-05 16:38:44.794 | [debug][recv:game] raw=1c 00 00 00 38 cc 07 00 f6 08 00 00 ef 00 00 00 40 01 00 00 ef 00 00 00 3f 01 00 00
2026-06-05 16:38:44.794 | [debug][recv:game] ascii=....8...........@.......?...
2026-06-05 16:38:45.296 | [debug][recv:game] chunk-len=28 firstLen=28 firstProto=511032
2026-06-05 16:38:45.296 | [debug][recv:game] raw=1c 00 00 00 38 cc 07 00 9b 08 00 00 f1 00 00 00 23 01 00 00 f2 00 00 00 24 01 00 00
2026-06-05 16:38:45.296 | [debug][recv:game] ascii=....8...........#.......$...
2026-06-05 16:38:45.547 | [debug][recv:game] chunk-len=28 firstLen=28 firstProto=531024
2026-06-05 16:38:45.547 | [debug][recv:game] raw=1c 00 00 00 50 1a 08 00 62 09 00 00 03 00 00 00 f6 00 00 00 1b 01 00 00 47 00 00 00
2026-06-05 16:38:45.547 | [debug][recv:game] ascii=....P...b...............G...
2026-06-05 16:38:47.300 | [debug][recv:game] chunk-len=28 firstLen=28 firstProto=511032
2026-06-05 16:38:47.300 | [debug][recv:game] raw=1c 00 00 00 38 cc 07 00 41 09 00 00 fa 00 00 00 13 01 00 00 fb 00 00 00 12 01 00 00
2026-06-05 16:38:47.300 | [debug][recv:game] ascii=....8...A...................
2026-06-05 16:38:47.550 | [debug][recv:game] chunk-len=28 firstLen=28 firstProto=531024
2026-06-05 16:38:47.550 | [debug][recv:game] raw=1c 00 00 00 50 1a 08 00 62 09 00 00 03 00 00 00 f6 00 00 00 1b 01 00 00 47 00 00 00
2026-06-05 16:38:47.550 | [debug][recv:game] ascii=....P...b...............G...
2026-06-05 16:38:47.801 | [debug][recv:game] chunk-len=28 firstLen=28 firstProto=511032
2026-06-05 16:38:47.801 | [debug][recv:game] raw=1c 00 00 00 38 cc 07 00 b1 08 00 00 ec 00 00 00 28 01 00 00 eb 00 00 00 29 01 00 00
2026-06-05 16:38:47.801 | [debug][recv:game] ascii=....8...........(.......)...
2026-06-05 16:38:48.302 | [debug][recv:game] chunk-len=28 firstLen=28 firstProto=511032
2026-06-05 16:38:48.302 | [debug][recv:game] raw=1c 00 00 00 38 cc 07 00 c4 08 00 00 de 00 00 00 29 01 00 00 dd 00 00 00 2a 01 00 00
2026-06-05 16:38:48.302 | [debug][recv:game] ascii=....8...........).......*...
2026-06-05 16:38:49.554 | [debug][recv:chat] chunk-len=146 firstLen=1114258 firstProto=65540
2026-06-05 16:38:49.554 | [debug][recv:chat] raw=92 00 11 00 04 00 01 00 00 00 31 36 3a 33 38 3a 35 32 20 a8 b8 b4 63 a4 70 ab a2 a4 f1 20 a6 62 20 bf f2 b8 f1 b4 cb aa 4c 20 ad ab a5 cd a4 46 00 00 00 00 00 00 00 00 00 00 00 00 00 00 00 00 00 00 00 00 00 00 00 00 00 00 00 00 00 00 00 00 00 00 00 00 00 00 00 00 00 00 00 00 00 00 00 00 00 00 00 00 00 00 00 00 00 00 00 00 00 00 00 00 00 00 00 00 00 00 00 00 00 00 00 00 00 00 00 00 00 00 00 00 00 00 00 00 00 00 00 00 00 00 00 00 00 00
2026-06-05 16:38:49.554 | [debug][recv:chat] ascii=..........16:38:52 ...c.p.... .b .......L .....F...
2026-06-05 16:38:50.305 | [debug][recv:game] chunk-len=148 firstLen=28 firstProto=531024
2026-06-05 16:38:50.305 | [debug][recv:game] raw=1c 00 00 00 50 1a 08 00 62 09 00 00 03 00 00 00 f6 00 00 00 1b 01 00 00 47 00 00 00 78 00 00 00 36 cc 07 00 95 08 00 00 dc 00 00 00 37 01 00 00 8f 0a 00 00 05 00 00 00 20 00 00 00 00 00 00 00 00 00 00 00 00 00 00 00 00 00 00 00 00 00 00 00 00 00 00 00 00 00 00 00 00 00 00 00 00 00 00 00 00 00 00 00 00 00 00 00 00 00 00 00 00 00 00 00 00 00 00 00 00 00 00 00 00 00 00 00 00 00 00 00 00 00 00 00 00 00 00 00 00 00 00 00 00 00 00 00 00 00 00 00
2026-06-05 16:38:50.305 | [debug][recv:game] ascii=....P...b...............G...x...6...........7......
2026-06-05 16:38:51.557 | [debug][recv:game] chunk-len=56 firstLen=28 firstProto=511032
2026-06-05 16:38:51.557 | [debug][recv:game] raw=1c 00 00 00 38 cc 07 00 f8 08 00 00 05 01 00 00 2c 01 00 00 06 01 00 00 2c 01 00 00 1c 00 00 00 38 cc 07 00 9b 08 00 00 f2 00 00 00 24 01 00 00 f2 00 00 00 25 01 00 00
2026-06-05 16:38:51.557 | [debug][recv:game] ascii=....8...........,.......,.......8...........$......
2026-06-05 16:38:51.807 | [debug][recv:game] chunk-len=44 firstLen=44 firstProto=521023
2026-06-05 16:38:51.807 | [debug][recv:game] raw=2c 00 00 00 3f f3 07 00 62 09 00 00 03 00 00 00 f6 00 00 00 1b 01 00 00 47 00 00 00 3c 00 00 00 64 19 00 00 a6 00 00 00 00 00 00 00
2026-06-05 16:38:51.807 | [debug][recv:game] ascii=,...?...b...............G...<...d...........
2026-06-05 16:38:52.308 | [debug][recv:game] chunk-len=28 firstLen=28 firstProto=511032
2026-06-05 16:38:52.308 | [debug][recv:game] raw=1c 00 00 00 38 cc 07 00 f6 08 00 00 ef 00 00 00 3f 01 00 00 ee 00 00 00 3e 01 00 00
2026-06-05 16:38:52.308 | [debug][recv:game] ascii=....8...........?.......>...
2026-06-05 16:38:53.560 | [debug][recv:game] chunk-len=28 firstLen=28 firstProto=511032
2026-06-05 16:38:53.560 | [debug][recv:game] raw=1c 00 00 00 38 cc 07 00 41 09 00 00 fb 00 00 00 12 01 00 00 fc 00 00 00 11 01 00 00
2026-06-05 16:38:53.560 | [debug][recv:game] ascii=....8...A...................
2026-06-05 16:38:53.811 | [debug][recv:game] chunk-len=28 firstLen=28 firstProto=531024
2026-06-05 16:38:53.811 | [debug][recv:game] raw=1c 00 00 00 50 1a 08 00 62 09 00 00 03 00 00 00 f6 00 00 00 1b 01 00 00 47 00 00 00
2026-06-05 16:38:53.811 | [debug][recv:game] ascii=....P...b...............G...
2026-06-05 16:38:53.811 | [debug][send:CG_GAME_ALIVE] len=12 proto=CG_GAME_ALIVE xor=False
2026-06-05 16:38:53.811 | [debug][send:CG_GAME_ALIVE] raw=0c 00 00 00 a1 45 06 00 a1 45 06 00
2026-06-05 16:38:53.811 | [debug][wire:CG_GAME_ALIVE] len=24 raw=18 00 00 00 a1 45 06 00 20 0b f9 c3 04 ca f5 f3 ab 9d e9 2d 31 8b 25 eb
2026-06-05 16:38:53.811 | [game] send CG_GAME_ALIVE
2026-06-05 16:38:54.312 | [debug][recv:game] chunk-len=28 firstLen=28 firstProto=511032
2026-06-05 16:38:54.312 | [debug][recv:game] raw=1c 00 00 00 38 cc 07 00 c4 08 00 00 dd 00 00 00 2a 01 00 00 de 00 00 00 29 01 00 00
2026-06-05 16:38:54.312 | [debug][recv:game] ascii=....8...........*.......)...
2026-06-05 16:38:55.313 | [debug][recv:game] chunk-len=28 firstLen=28 firstProto=511032
2026-06-05 16:38:55.313 | [debug][recv:game] raw=1c 00 00 00 38 cc 07 00 b1 08 00 00 eb 00 00 00 29 01 00 00 eb 00 00 00 2a 01 00 00
2026-06-05 16:38:55.313 | [debug][recv:game] ascii=....8...........).......*...
2026-06-05 16:38:55.814 | [debug][recv:game] chunk-len=44 firstLen=44 firstProto=521023
2026-06-05 16:38:55.814 | [debug][recv:game] raw=2c 00 00 00 3f f3 07 00 62 09 00 00 03 00 00 00 f6 00 00 00 1b 01 00 00 47 00 00 00 3c 00 00 00 28 19 00 00 a6 00 00 00 00 00 00 00
2026-06-05 16:38:55.814 | [debug][recv:game] ascii=,...?...b...............G...<...(...........
2026-06-05 16:38:58.067 | [debug][recv:game] chunk-len=56 firstLen=28 firstProto=511032
2026-06-05 16:38:58.067 | [debug][recv:game] raw=1c 00 00 00 38 cc 07 00 95 08 00 00 dc 00 00 00 37 01 00 00 dc 00 00 00 36 01 00 00 1c 00 00 00 50 1a 08 00 62 09 00 00 03 00 00 00 f6 00 00 00 1b 01 00 00 47 00 00 00
2026-06-05 16:38:58.067 | [debug][recv:game] ascii=....8...........7.......6.......P...b..............
2026-06-05 16:38:58.318 | [debug][recv:game] chunk-len=28 firstLen=28 firstProto=511032
2026-06-05 16:38:58.318 | [debug][recv:game] raw=1c 00 00 00 38 cc 07 00 f8 08 00 00 06 01 00 00 2c 01 00 00 06 01 00 00 2b 01 00 00
2026-06-05 16:38:58.318 | [debug][recv:game] ascii=....8...........,.......+...
2026-06-05 16:38:58.819 | [debug][recv:game] chunk-len=28 firstLen=28 firstProto=511032
2026-06-05 16:38:58.819 | [debug][recv:game] raw=1c 00 00 00 38 cc 07 00 9b 08 00 00 f2 00 00 00 25 01 00 00 f2 00 00 00 26 01 00 00
2026-06-05 16:38:58.819 | [debug][recv:game] ascii=....8...........%.......&...
2026-06-05 16:38:59.569 | [debug][recv:game] chunk-len=28 firstLen=28 firstProto=531024
2026-06-05 16:38:59.569 | [debug][recv:game] raw=1c 00 00 00 50 1a 08 00 62 09 00 00 03 00 00 00 f6 00 00 00 1b 01 00 00 47 00 00 00
2026-06-05 16:38:59.569 | [debug][recv:game] ascii=....P...b...............G...
2026-06-05 16:38:59.820 | [debug][recv:game] chunk-len=28 firstLen=28 firstProto=511032
2026-06-05 16:38:59.820 | [debug][recv:game] raw=1c 00 00 00 38 cc 07 00 c4 08 00 00 de 00 00 00 29 01 00 00 df 00 00 00 28 01 00 00
2026-06-05 16:38:59.820 | [debug][recv:game] ascii=....8...........).......(...
2026-06-05 16:39:01.071 | [debug][recv:game] chunk-len=56 firstLen=28 firstProto=511032
2026-06-05 16:39:01.071 | [debug][recv:game] raw=1c 00 00 00 38 cc 07 00 f6 08 00 00 ee 00 00 00 3e 01 00 00 ed 00 00 00 3e 01 00 00 1c 00 00 00 38 cc 07 00 41 09 00 00 fc 00 00 00 11 01 00 00 fd 00 00 00 11 01 00 00
2026-06-05 16:39:01.071 | [debug][recv:game] ascii=....8...........>.......>.......8...A..............
2026-06-05 16:39:01.322 | [debug][recv:chat] chunk-len=6 firstLen=4294901766
2026-06-05 16:39:01.322 | [debug][recv:chat] raw=06 00 ff ff 0f 00
2026-06-05 16:39:01.322 | [debug][recv:chat] ascii=......
2026-06-05 16:39:01.573 | [debug][recv:game] chunk-len=28 firstLen=28 firstProto=531024
2026-06-05 16:39:01.573 | [debug][recv:game] raw=1c 00 00 00 50 1a 08 00 62 09 00 00 03 00 00 00 f6 00 00 00 1b 01 00 00 47 00 00 00
2026-06-05 16:39:01.573 | [debug][recv:game] ascii=....P...b...............G...
2026-06-05 16:39:02.574 | [debug][recv:game] chunk-len=28 firstLen=28 firstProto=511032
2026-06-05 16:39:02.574 | [debug][recv:game] raw=1c 00 00 00 38 cc 07 00 b1 08 00 00 eb 00 00 00 2a 01 00 00 ec 00 00 00 2b 01 00 00
2026-06-05 16:39:02.574 | [debug][recv:game] ascii=....8...........*.......+...
2026-06-05 16:39:03.327 | [debug][recv:game] chunk-len=28 firstLen=28 firstProto=511032
2026-06-05 16:39:03.327 | [debug][recv:game] raw=1c 00 00 00 38 cc 07 00 95 08 00 00 dc 00 00 00 36 01 00 00 dc 00 00 00 37 01 00 00
2026-06-05 16:39:03.327 | [debug][recv:game] ascii=....8...........6.......7...
2026-06-05 16:39:03.577 | [debug][recv:game] chunk-len=116 firstLen=28 firstProto=511000
2026-06-05 16:39:03.577 | [debug][recv:game] raw=1c 00 00 00 18 cc 07 00 49 00 00 00 00 00 00 00 e8 00 00 00 3c 01 00 00 bc 02 00 00 10 00 00 00 cd cd 07 00 49 00 00 00 01 10 00 00 1c 00 00 00 56 cc 07 00 7a 00 00 00 49 00 00 00 05 00 00 00 e8 00 00 00 3c 01 00 00 2c 00 00 00 3f f3 07 00 62 09 00 00 03 00 00 00 f6 00 00 00 1b 01 00 00 47 00 00 00 3c 00 00 00 ec 18 00 00 a6 00 00 00 00 00 00 00
2026-06-05 16:39:03.577 | [debug][recv:game] ascii=........I...........<...............I..............
2026-06-05 16:39:03.577 | [debug][recv:chat] chunk-len=146 firstLen=1114258 firstProto=65540
2026-06-05 16:39:03.577 | [debug][recv:chat] raw=92 00 11 00 04 00 01 00 00 00 31 36 3a 33 39 3a 30 36 20 b5 e6 c0 59 aa ba a4 ec c0 4a a4 70 a7 cc 20 a6 62 20 a7 c6 ba b8 af 53 c3 e4 b9 d2 20 ad ab a5 cd a4 46 00 00 00 00 00 00 00 00 00 00 00 00 00 00 00 00 00 00 00 00 00 00 00 00 00 00 00 00 00 00 00 00 00 00 00 00 00 00 00 00 00 00 00 00 00 00 00 00 00 00 00 00 00 00 00 00 00 00 00 00 00 00 00 00 00 00 00 00 00 00 00 00 00 00 00 00 00 00 00 00 00 00 00 00 00 00 00 00 00 00 00 00
2026-06-05 16:39:03.577 | [debug][recv:chat] ascii=..........16:39:06 ...Y.....J.p.. .b .....S.... ...
2026-06-05 16:39:03.828 | [debug][send:CG_GAME_ALIVE] len=12 proto=CG_GAME_ALIVE xor=False
2026-06-05 16:39:03.828 | [debug][send:CG_GAME_ALIVE] raw=0c 00 00 00 a1 45 06 00 a1 45 06 00
2026-06-05 16:39:03.828 | [debug][wire:CG_GAME_ALIVE] len=24 raw=18 00 00 00 a1 45 06 00 cc 05 3c 60 e4 a7 74 2a 1b 16 3f 29 ed 08 02 e2
2026-06-05 16:39:03.828 | [game] send CG_GAME_ALIVE
2026-06-05 16:39:04.078 | [debug][recv:game] chunk-len=80 firstLen=16 firstProto=511059
2026-06-05 16:39:04.078 | [debug][recv:game] raw=10 00 00 00 53 cc 07 00 49 00 00 00 0c 00 00 00 10 00 00 00 7b ce 07 00 49 00 00 00 71 81 03 00 10 00 00 00 7b ce 07 00 49 00 00 00 71 81 03 00 20 00 00 00 61 f3 07 00 7a 00 00 00 49 00 00 00 49 00 00 00 1e 00 00 00 0c 00 00 00 40 77 1b 00
2026-06-05 16:39:04.078 | [debug][recv:game] ascii=....S...I...........{...I...q.......{...I...q......
2026-06-05 16:39:05.080 | [debug][recv:game] chunk-len=28 firstLen=28 firstProto=511032
2026-06-05 16:39:05.080 | [debug][recv:game] raw=1c 00 00 00 38 cc 07 00 f8 08 00 00 06 01 00 00 2b 01 00 00 07 01 00 00 2c 01 00 00
2026-06-05 16:39:05.080 | [debug][recv:game] ascii=....8...........+.......,...
2026-06-05 16:39:05.581 | [debug][recv:game] chunk-len=28 firstLen=28 firstProto=531024
2026-06-05 16:39:05.581 | [debug][recv:game] raw=1c 00 00 00 50 1a 08 00 62 09 00 00 03 00 00 00 f6 00 00 00 1b 01 00 00 47 00 00 00
2026-06-05 16:39:05.581 | [debug][recv:game] ascii=....P...b...............G...
2026-06-05 16:39:05.831 | [debug][recv:game] chunk-len=28 firstLen=28 firstProto=511032
2026-06-05 16:39:05.831 | [debug][recv:game] raw=1c 00 00 00 38 cc 07 00 9b 08 00 00 f2 00 00 00 26 01 00 00 f1 00 00 00 25 01 00 00
2026-06-05 16:39:05.831 | [debug][recv:game] ascii=....8...........&.......%...
2026-06-05 16:39:06.331 | [debug][recv:game] chunk-len=28 firstLen=28 firstProto=511032
2026-06-05 16:39:06.331 | [debug][recv:game] raw=1c 00 00 00 38 cc 07 00 f6 08 00 00 ed 00 00 00 3e 01 00 00 ee 00 00 00 3e 01 00 00
2026-06-05 16:39:06.331 | [debug][recv:game] ascii=....8...........>.......>...
2026-06-05 16:39:07.333 | [debug][recv:game] chunk-len=28 firstLen=28 firstProto=511032
2026-06-05 16:39:07.333 | [debug][recv:game] raw=1c 00 00 00 38 cc 07 00 c4 08 00 00 df 00 00 00 28 01 00 00 df 00 00 00 29 01 00 00
2026-06-05 16:39:07.333 | [debug][recv:game] ascii=....8...........(.......)...
2026-06-05 16:39:07.834 | [debug][recv:game] chunk-len=56 firstLen=28 firstProto=511032
2026-06-05 16:39:07.834 | [debug][recv:game] raw=1c 00 00 00 38 cc 07 00 41 09 00 00 fd 00 00 00 11 01 00 00 fd 00 00 00 12 01 00 00 1c 00 00 00 50 1a 08 00 62 09 00 00 03 00 00 00 f6 00 00 00 1b 01 00 00 47 00 00 00
2026-06-05 16:39:07.834 | [debug][recv:game] ascii=....8...A.......................P...b..............
2026-06-05 16:39:08.336 | [debug][recv:game] chunk-len=28 firstLen=28 firstProto=511032
2026-06-05 16:39:08.336 | [debug][recv:game] raw=1c 00 00 00 38 cc 07 00 95 08 00 00 dc 00 00 00 37 01 00 00 dd 00 00 00 36 01 00 00
2026-06-05 16:39:08.336 | [debug][recv:game] ascii=....8...........7.......6...
2026-06-05 16:39:10.840 | [debug][recv:game] chunk-len=44 firstLen=44 firstProto=521023
2026-06-05 16:39:10.840 | [debug][recv:game] raw=2c 00 00 00 3f f3 07 00 62 09 00 00 03 00 00 00 f6 00 00 00 1b 01 00 00 47 00 00 00 3c 00 00 00 b0 18 00 00 a6 00 00 00 00 00 00 00
2026-06-05 16:39:10.840 | [debug][recv:game] ascii=,...?...b...............G...<...............
2026-06-05 16:39:11.090 | [debug][recv:game] chunk-len=28 firstLen=28 firstProto=511032
2026-06-05 16:39:11.090 | [debug][recv:game] raw=1c 00 00 00 38 cc 07 00 b1 08 00 00 ec 00 00 00 2b 01 00 00 eb 00 00 00 2a 01 00 00
2026-06-05 16:39:11.090 | [debug][recv:game] ascii=....8...........+.......*...
2026-06-05 16:39:11.591 | [debug][recv:game] chunk-len=28 firstLen=28 firstProto=531024
2026-06-05 16:39:11.591 | [debug][recv:game] raw=1c 00 00 00 50 1a 08 00 62 09 00 00 03 00 00 00 f6 00 00 00 1b 01 00 00 47 00 00 00
2026-06-05 16:39:11.591 | [debug][recv:game] ascii=....P...b...............G...
2026-06-05 16:39:13.594 | [debug][recv:game] chunk-len=112 firstLen=28 firstProto=511032
2026-06-05 16:39:13.594 | [debug][recv:game] raw=1c 00 00 00 38 cc 07 00 41 09 00 00 fd 00 00 00 12 01 00 00 fe 00 00 00 11 01 00 00 1c 00 00 00 38 cc 07 00 9b 08 00 00 f1 00 00 00 25 01 00 00 f2 00 00 00 26 01 00 00 1c 00 00 00 38 cc 07 00 f8 08 00 00 07 01 00 00 2c 01 00 00 06 01 00 00 2d 01 00 00 1c 00 00 00 38 cc 07 00 f6 08 00 00 ee 00 00 00 3e 01 00 00 ef 00 00 00 3e 01 00 00
2026-06-05 16:39:13.594 | [debug][recv:game] ascii=....8...A.......................8...........%......
2026-06-05 16:39:13.844 | [debug][send:CG_GAME_ALIVE] len=12 proto=CG_GAME_ALIVE xor=False
2026-06-05 16:39:13.844 | [debug][send:CG_GAME_ALIVE] raw=0c 00 00 00 a1 45 06 00 a1 45 06 00
2026-06-05 16:39:13.844 | [debug][wire:CG_GAME_ALIVE] len=24 raw=18 00 00 00 a1 45 06 00 c0 89 07 25 82 6c 5f d5 c0 b1 0f fa ef 7b 2d db
2026-06-05 16:39:13.844 | [game] send CG_GAME_ALIVE
2026-06-05 16:39:14.345 | [debug][recv:game] chunk-len=56 firstLen=28 firstProto=531024
2026-06-05 16:39:14.345 | [debug][recv:game] raw=1c 00 00 00 50 1a 08 00 62 09 00 00 03 00 00 00 f6 00 00 00 1b 01 00 00 47 00 00 00 1c 00 00 00 38 cc 07 00 c4 08 00 00 df 00 00 00 29 01 00 00 e0 00 00 00 2a 01 00 00
2026-06-05 16:39:14.345 | [debug][recv:game] ascii=....P...b...............G.......8...........)......
2026-06-05 16:39:16.098 | [debug][recv:game] chunk-len=28 firstLen=28 firstProto=531024
2026-06-05 16:39:16.098 | [debug][recv:game] raw=1c 00 00 00 50 1a 08 00 62 09 00 00 03 00 00 00 f6 00 00 00 1b 01 00 00 47 00 00 00
2026-06-05 16:39:16.098 | [debug][recv:game] ascii=....P...b...............G...
2026-06-05 16:39:16.599 | [debug][recv:game] chunk-len=28 firstLen=28 firstProto=511032
2026-06-05 16:39:16.599 | [debug][recv:game] raw=1c 00 00 00 38 cc 07 00 95 08 00 00 dd 00 00 00 36 01 00 00 dd 00 00 00 35 01 00 00
2026-06-05 16:39:16.599 | [debug][recv:game] ascii=....8...........6.......5...
2026-06-05 16:39:18.101 | [debug][recv:game] chunk-len=28 firstLen=28 firstProto=531024
2026-06-05 16:39:18.101 | [debug][recv:game] raw=1c 00 00 00 50 1a 08 00 62 09 00 00 03 00 00 00 f6 00 00 00 1b 01 00 00 47 00 00 00
2026-06-05 16:39:18.101 | [debug][recv:game] ascii=....P...b...............G...
2026-06-05 16:39:18.601 | [debug][recv:game] chunk-len=28 firstLen=28 firstProto=511032
2026-06-05 16:39:18.601 | [debug][recv:game] raw=1c 00 00 00 38 cc 07 00 b1 08 00 00 eb 00 00 00 2a 01 00 00 eb 00 00 00 2b 01 00 00
2026-06-05 16:39:18.601 | [debug][recv:game] ascii=....8...........*.......+...
2026-06-05 16:39:18.852 | [debug][recv:game] chunk-len=28 firstLen=28 firstProto=511032
2026-06-05 16:39:18.852 | [debug][recv:game] raw=1c 00 00 00 38 cc 07 00 9b 08 00 00 f2 00 00 00 26 01 00 00 f1 00 00 00 25 01 00 00
2026-06-05 16:39:18.852 | [debug][recv:game] ascii=....8...........&.......%...
2026-06-05 16:39:19.102 | [debug][recv:game] chunk-len=56 firstLen=28 firstProto=511032
2026-06-05 16:39:19.102 | [debug][recv:game] raw=1c 00 00 00 38 cc 07 00 f8 08 00 00 06 01 00 00 2d 01 00 00 07 01 00 00 2c 01 00 00 1c 00 00 00 38 cc 07 00 c4 08 00 00 e0 00 00 00 2a 01 00 00 e1 00 00 00 2a 01 00 00
2026-06-05 16:39:19.102 | [debug][recv:game] ascii=....8...........-.......,.......8...........*......
2026-06-05 16:39:19.603 | [debug][recv:game] chunk-len=28 firstLen=28 firstProto=511032
2026-06-05 16:39:19.603 | [debug][recv:game] raw=1c 00 00 00 38 cc 07 00 41 09 00 00 fe 00 00 00 11 01 00 00 fd 00 00 00 11 01 00 00
2026-06-05 16:39:19.603 | [debug][recv:game] ascii=....8...A...................
2026-06-05 16:39:20.354 | [debug][recv:game] chunk-len=56 firstLen=28 firstProto=531024
2026-06-05 16:39:20.354 | [debug][recv:game] raw=1c 00 00 00 50 1a 08 00 62 09 00 00 03 00 00 00 f6 00 00 00 1b 01 00 00 47 00 00 00 1c 00 00 00 38 cc 07 00 f6 08 00 00 ef 00 00 00 3e 01 00 00 ee 00 00 00 3f 01 00 00
2026-06-05 16:39:20.354 | [debug][recv:game] ascii=....P...b...............G.......8...........>......
2026-06-05 16:39:21.605 | [debug][recv:game] chunk-len=28 firstLen=28 firstProto=531024
2026-06-05 16:39:21.605 | [debug][recv:game] raw=1c 00 00 00 50 1a 08 00 62 09 00 00 03 00 00 00 f6 00 00 00 1b 01 00 00 47 00 00 00
2026-06-05 16:39:21.605 | [debug][recv:game] ascii=....P...b...............G...
2026-06-05 16:39:23.358 | [debug][recv:game] chunk-len=28 firstLen=28 firstProto=511032
2026-06-05 16:39:23.358 | [debug][recv:game] raw=1c 00 00 00 38 cc 07 00 95 08 00 00 dd 00 00 00 35 01 00 00 dd 00 00 00 36 01 00 00
2026-06-05 16:39:23.358 | [debug][recv:game] ascii=....8...........5.......6...
2026-06-05 16:39:23.608 | [debug][recv:game] chunk-len=28 firstLen=28 firstProto=531024
2026-06-05 16:39:23.608 | [debug][recv:game] raw=1c 00 00 00 50 1a 08 00 62 09 00 00 03 00 00 00 f6 00 00 00 1b 01 00 00 47 00 00 00
2026-06-05 16:39:23.608 | [debug][recv:game] ascii=....P...b...............G...
2026-06-05 16:39:23.859 | [debug][send:CG_GAME_ALIVE] len=12 proto=CG_GAME_ALIVE xor=False
2026-06-05 16:39:23.859 | [debug][send:CG_GAME_ALIVE] raw=0c 00 00 00 a1 45 06 00 a1 45 06 00
2026-06-05 16:39:23.859 | [debug][wire:CG_GAME_ALIVE] len=24 raw=18 00 00 00 a1 45 06 00 8d af 7b f2 da 45 6d 74 69 87 af 39 73 47 0e 4a
2026-06-05 16:39:23.859 | [game] send CG_GAME_ALIVE
2026-06-05 16:39:24.359 | [debug][recv:game] chunk-len=28 firstLen=28 firstProto=511032
2026-06-05 16:39:24.359 | [debug][recv:game] raw=1c 00 00 00 38 cc 07 00 b1 08 00 00 eb 00 00 00 2b 01 00 00 eb 00 00 00 2c 01 00 00
2026-06-05 16:39:24.359 | [debug][recv:game] ascii=....8...........+.......,...
2026-06-05 16:39:25.360 | [debug][recv:game] chunk-len=28 firstLen=28 firstProto=511032
2026-06-05 16:39:25.360 | [debug][recv:game] raw=1c 00 00 00 38 cc 07 00 c4 08 00 00 e1 00 00 00 2a 01 00 00 e0 00 00 00 29 01 00 00
2026-06-05 16:39:25.360 | [debug][recv:game] ascii=....8...........*.......)...
2026-06-05 16:39:25.611 | [debug][recv:game] chunk-len=28 firstLen=28 firstProto=531024
2026-06-05 16:39:25.611 | [debug][recv:game] raw=1c 00 00 00 50 1a 08 00 62 09 00 00 03 00 00 00 f6 00 00 00 1b 01 00 00 47 00 00 00
2026-06-05 16:39:25.611 | [debug][recv:game] ascii=....P...b...............G...
2026-06-05 16:39:26.863 | [debug][recv:game] chunk-len=84 firstLen=28 firstProto=511032
2026-06-05 16:39:26.863 | [debug][recv:game] raw=1c 00 00 00 38 cc 07 00 f6 08 00 00 ee 00 00 00 3f 01 00 00 ee 00 00 00 3e 01 00 00 1c 00 00 00 38 cc 07 00 41 09 00 00 fd 00 00 00 11 01 00 00 fc 00 00 00 10 01 00 00 1c 00 00 00 38 cc 07 00 9b 08 00 00 f1 00 00 00 25 01 00 00 f0 00 00 00 25 01 00 00
2026-06-05 16:39:26.863 | [debug][recv:game] ascii=....8...........?.......>.......8...A..............
2026-06-05 16:39:27.615 | [debug][recv:game] chunk-len=28 firstLen=28 firstProto=531024
2026-06-05 16:39:27.615 | [debug][recv:game] raw=1c 00 00 00 50 1a 08 00 62 09 00 00 03 00 00 00 f6 00 00 00 1b 01 00 00 47 00 00 00
2026-06-05 16:39:27.615 | [debug][recv:game] ascii=....P...b...............G...
2026-06-05 16:39:29.619 | [debug][recv:game] chunk-len=44 firstLen=44 firstProto=521023
2026-06-05 16:39:29.619 | [debug][recv:game] raw=2c 00 00 00 3f f3 07 00 62 09 00 00 03 00 00 00 f6 00 00 00 1b 01 00 00 47 00 00 00 3c 00 00 00 74 18 00 00 a6 00 00 00 00 00 00 00
2026-06-05 16:39:29.619 | [debug][recv:game] ascii=,...?...b...............G...<...t...........
2026-06-05 16:39:30.120 | [debug][recv:game] chunk-len=28 firstLen=28 firstProto=511032
2026-06-05 16:39:30.120 | [debug][recv:game] raw=1c 00 00 00 38 cc 07 00 b1 08 00 00 eb 00 00 00 2c 01 00 00 ec 00 00 00 2d 01 00 00
2026-06-05 16:39:30.120 | [debug][recv:game] ascii=....8...........,.......-...
2026-06-05 16:39:30.871 | [debug][recv:game] chunk-len=28 firstLen=28 firstProto=511032
2026-06-05 16:39:30.871 | [debug][recv:game] raw=1c 00 00 00 38 cc 07 00 f8 08 00 00 07 01 00 00 2c 01 00 00 06 01 00 00 2b 01 00 00
2026-06-05 16:39:30.871 | [debug][recv:game] ascii=....8...........,.......+...
2026-06-05 16:39:31.121 | [debug][recv:game] chunk-len=28 firstLen=28 firstProto=511032
2026-06-05 16:39:31.121 | [debug][recv:game] raw=1c 00 00 00 38 cc 07 00 95 08 00 00 dd 00 00 00 36 01 00 00 dc 00 00 00 35 01 00 00
2026-06-05 16:39:31.121 | [debug][recv:game] ascii=....8...........6.......5...
2026-06-05 16:39:31.623 | [debug][recv:game] chunk-len=28 firstLen=28 firstProto=531024
2026-06-05 16:39:31.623 | [debug][recv:game] raw=1c 00 00 00 50 1a 08 00 62 09 00 00 03 00 00 00 f6 00 00 00 1b 01 00 00 47 00 00 00
2026-06-05 16:39:31.623 | [debug][recv:game] ascii=....P...b...............G...
2026-06-05 16:39:31.873 | [debug][recv:game] chunk-len=28 firstLen=28 firstProto=511032
2026-06-05 16:39:31.873 | [debug][recv:game] raw=1c 00 00 00 38 cc 07 00 f6 08 00 00 ee 00 00 00 3e 01 00 00 ef 00 00 00 3f 01 00 00
2026-06-05 16:39:31.873 | [debug][recv:game] ascii=....8...........>.......?...
2026-06-05 16:39:32.374 | [debug][recv:game] chunk-len=28 firstLen=28 firstProto=511032
2026-06-05 16:39:32.374 | [debug][recv:game] raw=1c 00 00 00 38 cc 07 00 c4 08 00 00 e0 00 00 00 29 01 00 00 e1 00 00 00 28 01 00 00
2026-06-05 16:39:32.374 | [debug][recv:game] ascii=....8...........).......(...
2026-06-05 16:39:32.875 | [debug][recv:game] chunk-len=28 firstLen=28 firstProto=511032
2026-06-05 16:39:32.875 | [debug][recv:game] raw=1c 00 00 00 38 cc 07 00 9b 08 00 00 f0 00 00 00 25 01 00 00 ef 00 00 00 24 01 00 00
2026-06-05 16:39:32.875 | [debug][recv:game] ascii=....8...........%.......$...
2026-06-05 16:39:33.626 | [debug][recv:game] chunk-len=28 firstLen=28 firstProto=531024
2026-06-05 16:39:33.626 | [debug][recv:game] raw=1c 00 00 00 50 1a 08 00 62 09 00 00 03 00 00 00 f6 00 00 00 1b 01 00 00 47 00 00 00
2026-06-05 16:39:33.626 | [debug][recv:game] ascii=....P...b...............G...
2026-06-05 16:39:33.877 | [debug][recv:game] chunk-len=28 firstLen=28 firstProto=511032
2026-06-05 16:39:33.877 | [debug][recv:game] raw=1c 00 00 00 38 cc 07 00 41 09 00 00 fc 00 00 00 10 01 00 00 fd 00 00 00 0f 01 00 00
2026-06-05 16:39:33.877 | [debug][recv:game] ascii=....8...A...................
2026-06-05 16:39:33.877 | [debug][send:CG_GAME_ALIVE] len=12 proto=CG_GAME_ALIVE xor=False
2026-06-05 16:39:33.877 | [debug][send:CG_GAME_ALIVE] raw=0c 00 00 00 a1 45 06 00 a1 45 06 00
2026-06-05 16:39:33.877 | [debug][wire:CG_GAME_ALIVE] len=24 raw=18 00 00 00 a1 45 06 00 ff ba 78 6d 50 72 67 80 5c 45 9c 82 4d 81 28 f1
2026-06-05 16:39:33.877 | [game] send CG_GAME_ALIVE
2026-06-05 16:39:35.379 | [debug][recv:game] chunk-len=28 firstLen=28 firstProto=511032
2026-06-05 16:39:35.379 | [debug][recv:game] raw=1c 00 00 00 38 cc 07 00 b1 08 00 00 ec 00 00 00 2d 01 00 00 ec 00 00 00 2e 01 00 00
2026-06-05 16:39:35.379 | [debug][recv:game] ascii=....8...........-...........
2026-06-05 16:39:35.630 | [debug][recv:game] chunk-len=28 firstLen=28 firstProto=531024
2026-06-05 16:39:35.630 | [debug][recv:game] raw=1c 00 00 00 50 1a 08 00 62 09 00 00 03 00 00 00 f6 00 00 00 1b 01 00 00 47 00 00 00
2026-06-05 16:39:35.630 | [debug][recv:game] ascii=....P...b...............G...
2026-06-05 16:39:35.880 | [error] attempt 1 failed
2026-06-05 16:39:35.881 | Traceback (most recent call last):
2026-06-05 16:39:35.881 |   File "so3d_online_login_client.py", line 689, in run_forever
2026-06-05 16:39:35.881 |     run_with_log(args, log_dir, console=console)
2026-06-05 16:39:35.881 |   File "so3d_online_login_client.py", line 677, in run_with_log
2026-06-05 16:39:35.881 |     run(args)
2026-06-05 16:39:35.881 |   File "so3d_online_login_client.py", line 1617, in run
2026-06-05 16:39:35.881 |     drain_socket(login, "lobby", enabled=debug)
2026-06-05 16:39:35.881 |   File "so3d_online_login_client.py", line 1181, in drain_socket
2026-06-05 16:39:35.881 |     readable, _writable, _errored = select.select([sock], [], [], 0)
2026-06-05 16:39:35.881 |                                     ^^^^^^^^^^^^^^^^^^^^^^^^^^^^^^^^
2026-06-05 16:39:35.881 | ValueError: file descriptor cannot be a negative integer (-1)
