2026-06-30 17:25:09.124 | 上线 baligei4/baligei4
2026-06-30 17:25:09.124 | 当前金币 200,000
2026-06-30 17:25:09.175 | 抛竿 #1
2026-06-30 17:25:09.175 | 定时使用 背包擴充卷1(19113)
2026-06-30 17:25:09.175 | 定时使用 背包擴充卷2(21471)
2026-06-30 17:25:09.175 | 定时使用 背包擴充卷3(23189)
2026-06-30 17:25:21.636 | 补货购买失败 進階擺攤(7899):HTTP Error 400: Bad Request
2026-06-30 17:25:21.887 | 确认使用 背包擴充卷1(19113)(剩 0)
2026-06-30 17:25:21.888 | 确认使用 背包擴充卷2(21471)(剩 0)
2026-06-30 17:25:21.888 | 确认使用 背包擴充卷3(23189)(剩 0)
2026-06-30 17:25:47.935 | 收线 #1
2026-06-30 17:25:48.186 | 钓到 豪華的嬰兒副食品(3690)(累计 1 次,鱼饵剩 299)
2026-06-30 17:26:26.756 | 收线 #2
2026-06-30 17:26:27.006 | 钓到 咕咕-博士咕咕(107)(累计 2 次,鱼饵剩 298)
2026-06-30 17:27:05.336 | 收线 #3
2026-06-30 17:27:05.588 | 钓到 錢包(5500)(9248)(累计 3 次,鱼饵剩 297)
2026-06-30 17:27:43.177 | 收线 #4
2026-06-30 17:27:43.428 | 钓到 鑽石(434)(累计 4 次,鱼饵剩 296)
2026-06-30 17:28:21.009 | 收线 #5
2026-06-30 17:28:21.262 | 钓到 奶粉(3689)(累计 5 次,鱼饵剩 295)
2026-06-30 17:28:59.830 | 收线 #6
2026-06-30 17:29:00.081 | 钓到 蝙蝠翅膀蛋(558)(累计 6 次,鱼饵剩 294)
2026-06-30 17:29:36.917 | 收线 #7
2026-06-30 17:29:37.168 | 钓到 豪華的嬰兒副食品(3690)(累计 7 次,鱼饵剩 293)
2026-06-30 17:30:09.233 | 定时使用 黃金釣鉤(8030)
2026-06-30 17:30:19.663 | 补货购买失败 進階擺攤(7899):HTTP Error 400: Bad Request
2026-06-30 17:30:19.914 | 收线 #8
2026-06-30 17:30:20.165 | 钓到 咕咕-花苞(135)(累计 8 次,鱼饵剩 292)
2026-06-30 17:30:20.165 | 钓到 錢包(5500)(9248)(累计 9 次,鱼饵剩 291)
2026-06-30 17:30:58.247 | 收线 #9
2026-06-30 17:30:58.498 | 钓到 奶粉(3689)(累计 10 次,鱼饵剩 290)
2026-06-30 17:30:58.498 | 钓到 蝙蝠翅膀蛋(558)(累计 11 次,鱼饵剩 289)
2026-06-30 17:31:36.073 | 收线 #10
2026-06-30 17:31:36.324 | 钓到 水晶(432)(累计 12 次,鱼饵剩 288)
2026-06-30 17:31:36.324 | 钓到 錢包(5500)(9248)(累计 13 次,鱼饵剩 287)
2026-06-30 17:32:13.898 | 收线 #11
2026-06-30 17:32:14.149 | 钓到 水晶(432)(累计 14 次,鱼饵剩 286)
2026-06-30 17:32:14.149 | 钓到 羽毛蛋(559)(累计 15 次,鱼饵剩 285)
2026-06-30 17:32:50.717 | 收线 #12
2026-06-30 17:32:50.968 | 钓到 羽毛蛋(559)(累计 16 次,鱼饵剩 284)
2026-06-30 17:32:50.968 | 钓到 豪華的嬰兒副食品(3690)(累计 17 次,鱼饵剩 283)
2026-06-30 17:33:27.782 | 收线 #13
2026-06-30 17:33:28.033 | 钓到 羽毛蛋(559)(累计 18 次,鱼饵剩 282)
2026-06-30 17:33:28.033 | 钓到 羽毛蛋(559)(累计 19 次,鱼饵剩 281)
2026-06-30 17:34:04.608 | 收线 #14
2026-06-30 17:34:04.859 | 钓到 咕咕-豆莢皮(134)(累计 20 次,鱼饵剩 280)
2026-06-30 17:34:04.859 | 钓到 水晶(432)(累计 21 次,鱼饵剩 279)
2026-06-30 17:34:42.462 | 收线 #15
2026-06-30 17:34:42.712 | 钓到 鑽石(434)(累计 22 次,鱼饵剩 278)
2026-06-30 17:34:42.712 | 钓到 豪華的嬰兒副食品(3690)(累计 23 次,鱼饵剩 277)
2026-06-30 17:35:19.812 | 补货购买失败 進階擺攤(7899):HTTP Error 400: Bad Request
2026-06-30 17:35:20.063 | 收线 #16
2026-06-30 17:35:20.313 | 钓到 豪華的嬰兒副食品(3690)(累计 24 次,鱼饵剩 276)
2026-06-30 17:35:20.313 | 钓到 紅寶石(433)(累计 25 次,鱼饵剩 275)
2026-06-30 17:35:57.642 | 收线 #17
2026-06-30 17:35:57.893 | 钓到 咕咕-菜頭弟弟(132)(累计 26 次,鱼饵剩 274)
2026-06-30 17:35:57.893 | 钓到 錢包(5500)(9248)(累计 27 次,鱼饵剩 273)
2026-06-30 17:36:34.477 | 收线 #18
2026-06-30 17:36:34.727 | 钓到 咕咕-博士咕咕(107)(累计 28 次,鱼饵剩 272)
2026-06-30 17:36:34.727 | 钓到 紅寶石(433)(累计 29 次,鱼饵剩 271)
2026-06-30 17:37:11.813 | 收线 #19
2026-06-30 17:37:12.063 | 钓到 豪華的嬰兒副食品(3690)(累计 30 次,鱼饵剩 270)
2026-06-30 17:37:12.063 | 钓到 豪華的嬰兒副食品(3690)(累计 31 次,鱼饵剩 269)
2026-06-30 17:37:49.891 | 收线 #20
2026-06-30 17:37:50.141 | 钓到 紅寶石(433)(累计 32 次,鱼饵剩 268)
2026-06-30 17:37:50.141 | 钓到 咕咕-豆莢皮(134)(累计 33 次,鱼饵剩 267)
2026-06-30 17:38:26.726 | 收线 #21
2026-06-30 17:38:26.977 | 钓到 羽毛蛋(559)(累计 34 次,鱼饵剩 266)
2026-06-30 17:38:26.977 | 钓到 豪華的嬰兒副食品(3690)(累计 35 次,鱼饵剩 265)
2026-06-30 17:39:04.799 | 收线 #22
2026-06-30 17:39:05.049 | 钓到 錢包(5500)(9248)(累计 36 次,鱼饵剩 264)
2026-06-30 17:39:05.049 | 钓到 咕咕-花苞(135)(累计 37 次,鱼饵剩 263)
2026-06-30 17:39:40.881 | 收线 #23
2026-06-30 17:39:41.132 | 钓到 豪華的嬰兒副食品(3690)(累计 38 次,鱼饵剩 262)
2026-06-30 17:39:41.132 | 钓到 錢包(5500)(9248)(累计 39 次,鱼饵剩 261)
2026-06-30 17:40:10.752 | 补货购买失败 進階擺攤(7899):HTTP Error 400: Bad Request
2026-06-30 17:40:19.024 | 收线 #24
2026-06-30 17:40:19.275 | 钓到 蝙蝠翅膀蛋(558)(累计 40 次,鱼饵剩 260)
2026-06-30 17:40:19.275 | 钓到 粉紅鑽(3981)(累计 41 次,鱼饵剩 259)
2026-06-30 17:40:57.104 | 收线 #25
2026-06-30 17:40:57.355 | 钓到 奶粉(3689)(累计 42 次,鱼饵剩 258)
2026-06-30 17:40:57.356 | 钓到 錢包(5500)(9248)(累计 43 次,鱼饵剩 257)
2026-06-30 17:41:36.190 | 收线 #26
2026-06-30 17:41:36.441 | 钓到 奶粉(3689)(累计 44 次,鱼饵剩 256)
2026-06-30 17:41:36.441 | 钓到 羽毛蛋(559)(累计 45 次,鱼饵剩 255)
2026-06-30 17:42:15.268 | 收线 #27
2026-06-30 17:42:15.519 | 钓到 奶粉(3689)(累计 46 次,鱼饵剩 254)
2026-06-30 17:42:15.519 | 钓到 粉紅鑽(3981)(累计 47 次,鱼饵剩 253)
2026-06-30 17:42:52.087 | 收线 #28
2026-06-30 17:42:52.338 | 钓到 咕咕-豆莢皮(134)(累计 48 次,鱼饵剩 252)
2026-06-30 17:42:52.338 | 钓到 咕咕大力丸(3691)(累计 49 次,鱼饵剩 251)
2026-06-30 17:43:29.414 | 收线 #29
2026-06-30 17:43:29.665 | 钓到 奶粉(3689)(累计 50 次,鱼饵剩 250)
2026-06-30 17:43:29.665 | 钓到 豪華的嬰兒副食品(3690)(累计 51 次,鱼饵剩 249)
2026-06-30 17:44:06.499 | 收线 #30
2026-06-30 17:44:06.749 | 钓到 錢包(5500)(9248)(累计 52 次,鱼饵剩 248)
2026-06-30 17:44:06.749 | 钓到 咕咕-菜頭弟弟(132)(累计 53 次,鱼饵剩 247)
2026-06-30 17:44:44.328 | 收线 #31
2026-06-30 17:44:44.580 | 钓到 錢包(5500)(9248)(累计 54 次,鱼饵剩 246)
2026-06-30 17:44:44.580 | 钓到 錢包(5500)(9248)(累计 55 次,鱼饵剩 245)
2026-06-30 17:45:10.968 | 补货购买失败 進階擺攤(7899):HTTP Error 400: Bad Request
2026-06-30 17:45:20.488 | 收线 #32
2026-06-30 17:45:20.739 | 钓到 羽毛蛋(559)(累计 56 次,鱼饵剩 244)
2026-06-30 17:45:20.739 | 钓到 奶粉(3689)(累计 57 次,鱼饵剩 243)
2026-06-30 17:45:59.073 | 收线 #33
2026-06-30 17:45:59.324 | 钓到 咕咕-菜頭弟弟(132)(累计 58 次,鱼饵剩 242)
2026-06-30 17:45:59.324 | 钓到 咕咕-花苞(135)(累计 59 次,鱼饵剩 241)
2026-06-30 17:46:36.402 | 收线 #34
2026-06-30 17:46:36.653 | 钓到 咕咕-傻瓜咕咕(106)(累计 60 次,鱼饵剩 240)
2026-06-30 17:46:36.653 | 钓到 豪華的嬰兒副食品(3690)(累计 61 次,鱼饵剩 239)
2026-06-30 17:47:14.743 | 收线 #35
2026-06-30 17:47:14.993 | 钓到 咕咕-豆莢皮(134)(累计 62 次,鱼饵剩 238)
2026-06-30 17:47:14.993 | 钓到 鑽石(434)(累计 63 次,鱼饵剩 237)
2026-06-30 17:47:51.321 | 收线 #36
2026-06-30 17:47:51.573 | 钓到 咕咕-博士咕咕(107)(累计 64 次,鱼饵剩 236)
2026-06-30 17:47:51.573 | 钓到 咕咕大力丸(3691)(累计 65 次,鱼饵剩 235)
2026-06-30 17:48:28.897 | 收线 #37
2026-06-30 17:48:29.147 | 钓到 豪華的嬰兒副食品(3690)(累计 66 次,鱼饵剩 234)
2026-06-30 17:48:29.147 | 钓到 豪華的嬰兒副食品(3690)(累计 67 次,鱼饵剩 233)
2026-06-30 17:49:07.973 | 收线 #38
2026-06-30 17:49:08.225 | 钓到 錢包(5500)(9248)(累计 68 次,鱼饵剩 232)
2026-06-30 17:49:08.225 | 钓到 咕咕-健康的咕咕(108)(累计 69 次,鱼饵剩 231)
2026-06-30 17:49:46.810 | 收线 #39
2026-06-30 17:49:47.061 | 钓到 豪華的嬰兒副食品(3690)(累计 70 次,鱼饵剩 230)
2026-06-30 17:49:47.061 | 钓到 奶粉(3689)(累计 71 次,鱼饵剩 229)
2026-06-30 17:50:11.388 | 泡点购买 進階擺攤(7899) x1
2026-06-30 17:50:11.639 | 补货搬运 進階擺攤(7899) x1
2026-06-30 17:50:25.915 | 收线 #40
2026-06-30 17:50:26.167 | 钓到 錢包(5500)(9248)(累计 72 次,鱼饵剩 228)
2026-06-30 17:50:26.167 | 钓到 錢包(5500)(9248)(累计 73 次,鱼饵剩 227)
2026-06-30 17:51:04.241 | 收线 #41
2026-06-30 17:51:04.491 | 钓到 紅寶石(433)(累计 74 次,鱼饵剩 226)
2026-06-30 17:51:04.491 | 钓到 蝙蝠翅膀蛋(558)(累计 75 次,鱼饵剩 225)
2026-06-30 17:51:42.823 | 收线 #42
2026-06-30 17:51:43.074 | 钓到 咕咕-菜頭弟弟(132)(累计 76 次,鱼饵剩 224)
2026-06-30 17:51:43.074 | 钓到 粉紅鑽(3981)(累计 77 次,鱼饵剩 223)
2026-06-30 17:52:20.402 | 收线 #43
2026-06-30 17:52:20.653 | 钓到 羽毛蛋(559)(累计 78 次,鱼饵剩 222)
2026-06-30 17:52:20.653 | 钓到 羽毛蛋(559)(累计 79 次,鱼饵剩 221)
2026-06-30 17:52:57.478 | 收线 #44
2026-06-30 17:52:57.729 | 钓到 咕咕-不平凡的咕咕(109)(累计 80 次,鱼饵剩 220)
2026-06-30 17:52:57.729 | 钓到 奶粉(3689)(累计 81 次,鱼饵剩 219)
2026-06-30 17:53:35.315 | 收线 #45
2026-06-30 17:53:35.566 | 钓到 咕咕-菜頭弟弟(132)(累计 82 次,鱼饵剩 218)
2026-06-30 17:53:35.566 | 钓到 咕咕-花苞(135)(累计 83 次,鱼饵剩 217)
2026-06-30 17:54:13.142 | 收线 #46
2026-06-30 17:54:13.393 | 钓到 奶粉(3689)(累计 84 次,鱼饵剩 216)
2026-06-30 17:54:13.393 | 钓到 羽毛蛋(559)(累计 85 次,鱼饵剩 215)
2026-06-30 17:54:51.968 | 收线 #47
2026-06-30 17:54:52.219 | 钓到 咕咕-健康的咕咕(108)(累计 86 次,鱼饵剩 214)
2026-06-30 17:54:52.219 | 钓到 咕咕-健康的咕咕(108)(累计 87 次,鱼饵剩 213)
2026-06-30 17:55:10.008 | 定时使用 進階擺攤(7899)
2026-06-30 17:55:11.879 | 补货购买失败 進階擺攤(7899):HTTP Error 400: Bad Request
2026-06-30 17:55:30.424 | 收线 #48
2026-06-30 17:55:30.675 | 钓到 錢包(5500)(9248)(累计 88 次,鱼饵剩 212)
2026-06-30 17:55:30.675 | 钓到 咕咕-健康的咕咕(108)(累计 89 次,鱼饵剩 211)
2026-06-30 17:56:06.752 | 收线 #49
2026-06-30 17:56:07.003 | 钓到 奶粉(3689)(累计 90 次,鱼饵剩 210)
2026-06-30 17:56:07.003 | 钓到 羽毛蛋(559)(累计 91 次,鱼饵剩 209)
2026-06-30 17:56:44.092 | 收线 #50
2026-06-30 17:56:44.343 | 钓到 奶粉(3689)(累计 92 次,鱼饵剩 208)
2026-06-30 17:56:44.343 | 钓到 奶粉(3689)(累计 93 次,鱼饵剩 207)
2026-06-30 17:57:21.670 | 收线 #51
2026-06-30 17:57:21.921 | 钓到 豪華的嬰兒副食品(3690)(累计 94 次,鱼饵剩 206)
2026-06-30 17:57:21.921 | 钓到 咕咕-健康的咕咕(108)(累计 95 次,鱼饵剩 205)
2026-06-30 17:57:58.000 | 收线 #52
2026-06-30 17:57:58.250 | 钓到 錢包(5500)(9248)(累计 96 次,鱼饵剩 204)
2026-06-30 17:57:58.250 | 钓到 咕咕-傻瓜咕咕(106)(累计 97 次,鱼饵剩 203)
2026-06-30 17:58:35.331 | 收线 #53
2026-06-30 17:58:35.582 | 钓到 粉紅鑽(3981)(累计 98 次,鱼饵剩 202)
2026-06-30 17:58:35.582 | 钓到 豪華的嬰兒副食品(3690)(累计 99 次,鱼饵剩 201)
2026-06-30 17:59:14.167 | 收线 #54
2026-06-30 17:59:14.418 | 钓到 咕咕-不平凡的咕咕(109)(累计 100 次,鱼饵剩 200)
2026-06-30 17:59:14.418 | 钓到 羽毛蛋(559)(累计 101 次,鱼饵剩 199)
2026-06-30 17:59:51.745 | 收线 #55
2026-06-30 17:59:51.995 | 钓到 鑽石(434)(累计 102 次,鱼饵剩 198)
2026-06-30 17:59:51.995 | 钓到 咕咕-小南瓜(133)(累计 103 次,鱼饵剩 197)
2026-06-30 18:00:21.605 | 补货购买失败 進階擺攤(7899):<urlopen error [WinError 10061] 由于目标计算机积极拒绝，无法连接。>
2026-06-30 18:00:29.626 | 收线 #56
2026-06-30 18:00:29.877 | 钓到 咕咕-博士咕咕(107)(累计 104 次,鱼饵剩 196)
2026-06-30 18:00:29.877 | 钓到 羽毛蛋(559)(累计 105 次,鱼饵剩 195)
2026-06-30 18:01:07.459 | 收线 #57
2026-06-30 18:01:07.710 | 钓到 羽毛蛋(559)(累计 106 次,鱼饵剩 194)
2026-06-30 18:01:07.710 | 钓到 咕咕-健康的咕咕(108)(累计 107 次,鱼饵剩 193)
2026-06-30 18:01:44.784 | 收线 #58
2026-06-30 18:01:45.035 | 钓到 豪華的嬰兒副食品(3690)(累计 108 次,鱼饵剩 192)
2026-06-30 18:01:45.035 | 钓到 鑽石(434)(累计 109 次,鱼饵剩 191)
2026-06-30 18:02:23.360 | 收线 #59
2026-06-30 18:02:23.611 | 钓到 奶粉(3689)(累计 110 次,鱼饵剩 190)
2026-06-30 18:02:23.611 | 钓到 鑽石(434)(累计 111 次,鱼饵剩 189)
2026-06-30 18:03:00.182 | 收线 #60
2026-06-30 18:03:00.433 | 钓到 錢包(5500)(9248)(累计 112 次,鱼饵剩 188)
2026-06-30 18:03:00.433 | 钓到 羽毛蛋(559)(累计 113 次,鱼饵剩 187)
2026-06-30 18:03:37.506 | 收线 #61
2026-06-30 18:03:37.758 | 钓到 錢包(5500)(9248)(累计 114 次,鱼饵剩 186)
2026-06-30 18:03:37.758 | 钓到 咕咕-花苞(135)(累计 115 次,鱼饵剩 185)
2026-06-30 18:04:14.835 | 收线 #62
2026-06-30 18:04:15.086 | 钓到 錢包(5500)(9248)(累计 116 次,鱼饵剩 184)
2026-06-30 18:04:15.086 | 钓到 咕咕大力丸(3691)(累计 117 次,鱼饵剩 183)
2026-06-30 18:04:51.158 | 收线 #63
2026-06-30 18:04:51.408 | 钓到 咕咕-不平凡的咕咕(109)(累计 118 次,鱼饵剩 182)
2026-06-30 18:04:51.408 | 钓到 鑽石(434)(累计 119 次,鱼饵剩 181)
2026-06-30 18:06:02.879 | 上线 baligei4/baligei4
2026-06-30 18:06:02.881 | 当前金币 200,000
2026-06-30 18:06:02.935 | 抛竿 #1
2026-06-30 18:07:05.119 | 上线 baligei4/baligei4
2026-06-30 18:07:05.119 | 当前金币 200,000
2026-06-30 18:07:05.171 | 抛竿 #1
2026-06-30 18:07:06.478 | 补货购买失败 進階擺攤(7899):HTTP Error 400: Bad Request
2026-06-30 18:07:42.550 | 收线 #1
2026-06-30 18:07:42.801 | 钓到 咕咕-菜頭弟弟(132)(累计 1 次,鱼饵剩 180)
2026-06-30 18:07:42.801 | 钓到 奶粉(3689)(累计 2 次,鱼饵剩 179)
2026-06-30 18:08:19.882 | 收线 #2
2026-06-30 18:08:20.132 | 钓到 咕咕-小南瓜(133)(累计 3 次,鱼饵剩 178)
2026-06-30 18:08:20.132 | 钓到 咕咕-花苞(135)(累计 4 次,鱼饵剩 177)
2026-06-30 18:08:56.454 | 收线 #3
2026-06-30 18:08:56.705 | 钓到 咕咕-小南瓜(133)(累计 5 次,鱼饵剩 176)
2026-06-30 18:08:56.705 | 钓到 豪華的嬰兒副食品(3690)(累计 6 次,鱼饵剩 175)
2026-06-30 18:09:34.034 | 收线 #4
2026-06-30 18:09:34.284 | 钓到 粉紅鑽(3981)(累计 7 次,鱼饵剩 174)
2026-06-30 18:09:34.284 | 钓到 水晶(432)(累计 8 次,鱼饵剩 173)
2026-06-30 18:10:11.112 | 收线 #5
2026-06-30 18:10:11.363 | 钓到 咕咕-花苞(135)(累计 9 次,鱼饵剩 172)
2026-06-30 18:10:11.363 | 钓到 咕咕-花苞(135)(累计 10 次,鱼饵剩 171)
2026-06-30 18:10:49.936 | 收线 #6
2026-06-30 18:10:50.187 | 钓到 粉紅鑽(3981)(累计 11 次,鱼饵剩 170)
2026-06-30 18:10:50.187 | 钓到 咕咕-不平凡的咕咕(109)(累计 12 次,鱼饵剩 169)
2026-06-30 18:11:26.507 | 收线 #7
2026-06-30 18:11:26.758 | 钓到 咕咕-小南瓜(133)(累计 13 次,鱼饵剩 168)
2026-06-30 18:11:26.758 | 钓到 咕咕-小南瓜(133)(累计 14 次,鱼饵剩 167)
2026-06-30 18:12:04.844 | 收线 #8
2026-06-30 18:12:05.095 | 钓到 鑽石(434)(累计 15 次,鱼饵剩 166)
2026-06-30 18:12:05.095 | 钓到 咕咕-菜頭弟弟(132)(累计 16 次,鱼饵剩 165)
2026-06-30 18:12:06.128 | 补货购买失败 進階擺攤(7899):HTTP Error 400: Bad Request
2026-06-30 18:12:42.456 | 收线 #9
2026-06-30 18:12:42.706 | 钓到 鑽石(434)(累计 17 次,鱼饵剩 164)
2026-06-30 18:12:42.706 | 钓到 咕咕大力丸(3691)(累计 18 次,鱼饵剩 163)
2026-06-30 18:13:19.536 | 收线 #10
2026-06-30 18:13:19.786 | 钓到 水晶(432)(累计 19 次,鱼饵剩 162)
2026-06-30 18:13:19.786 | 钓到 咕咕-豆莢皮(134)(累计 20 次,鱼饵剩 161)
2026-06-30 18:13:57.114 | 收线 #11
2026-06-30 18:13:57.365 | 钓到 奶粉(3689)(累计 21 次,鱼饵剩 160)
2026-06-30 18:13:57.365 | 钓到 羽毛蛋(559)(累计 22 次,鱼饵剩 159)
2026-06-30 18:14:34.206 | 收线 #12
2026-06-30 18:14:34.456 | 钓到 水晶(432)(累计 23 次,鱼饵剩 158)
2026-06-30 18:14:34.456 | 钓到 咕咕-健康的咕咕(108)(累计 24 次,鱼饵剩 157)
2026-06-30 18:15:12.288 | 收线 #13
2026-06-30 18:15:12.539 | 钓到 奶粉(3689)(累计 25 次,鱼饵剩 156)
2026-06-30 18:15:12.539 | 钓到 咕咕-不平凡的咕咕(109)(累计 26 次,鱼饵剩 155)
2026-06-30 18:15:48.601 | 收线 #14
2026-06-30 18:15:48.852 | 钓到 咕咕-豆莢皮(134)(累计 27 次,鱼饵剩 154)
2026-06-30 18:15:48.852 | 钓到 粉紅鑽(3981)(累计 28 次,鱼饵剩 153)
2026-06-30 18:16:26.931 | 收线 #15
2026-06-30 18:16:27.182 | 钓到 豪華的嬰兒副食品(3690)(累计 29 次,鱼饵剩 152)
2026-06-30 18:16:27.182 | 钓到 豪華的嬰兒副食品(3690)(累计 30 次,鱼饵剩 151)
2026-06-30 18:17:05.008 | 收线 #16
2026-06-30 18:17:05.259 | 钓到 錢包(5500)(9248)(累计 31 次,鱼饵剩 150)
2026-06-30 18:17:05.259 | 钓到 奶粉(3689)(累计 32 次,鱼饵剩 149)
2026-06-30 18:17:06.822 | 补货购买失败 進階擺攤(7899):HTTP Error 400: Bad Request
2026-06-30 18:17:41.895 | 收线 #17
2026-06-30 18:17:42.146 | 钓到 粉紅鑽(3981)(累计 33 次,鱼饵剩 148)
2026-06-30 18:17:42.146 | 钓到 豪華的嬰兒副食品(3690)(累计 34 次,鱼饵剩 147)
2026-06-30 18:18:19.732 | 收线 #18
2026-06-30 18:18:19.983 | 钓到 咕咕大力丸(3691)(累计 35 次,鱼饵剩 146)
2026-06-30 18:18:19.983 | 钓到 豪華的嬰兒副食品(3690)(累计 36 次,鱼饵剩 145)
2026-06-30 18:18:58.333 | 收线 #19
2026-06-30 18:18:58.583 | 钓到 奶粉(3689)(累计 37 次,鱼饵剩 144)
2026-06-30 18:18:58.583 | 钓到 奶粉(3689)(累计 38 次,鱼饵剩 143)
2026-06-30 18:19:36.169 | 收线 #20
2026-06-30 18:19:36.420 | 钓到 咕咕-傻瓜咕咕(106)(累计 39 次,鱼饵剩 142)
2026-06-30 18:19:36.420 | 钓到 粉紅鑽(3981)(累计 40 次,鱼饵剩 141)
2026-06-30 18:20:12.764 | 收线 #21
2026-06-30 18:20:13.014 | 钓到 鑽石(434)(累计 41 次,鱼饵剩 140)
2026-06-30 18:20:13.014 | 钓到 豪華的嬰兒副食品(3690)(累计 42 次,鱼饵剩 139)
2026-06-30 18:20:49.105 | 收线 #22
2026-06-30 18:20:49.356 | 钓到 錢包(5500)(9248)(累计 43 次,鱼饵剩 138)
2026-06-30 18:20:49.356 | 钓到 羽毛蛋(559)(累计 44 次,鱼饵剩 137)
2026-06-30 18:21:27.441 | 收线 #23
2026-06-30 18:21:27.691 | 钓到 紅寶石(433)(累计 45 次,鱼饵剩 136)
2026-06-30 18:21:27.691 | 钓到 水晶(432)(累计 46 次,鱼饵剩 135)
2026-06-30 18:22:04.797 | 收线 #24
2026-06-30 18:22:05.047 | 钓到 粉紅鑽(3981)(累计 47 次,鱼饵剩 134)
2026-06-30 18:22:05.047 | 钓到 咕咕-花苞(135)(累计 48 次,鱼饵剩 133)
2026-06-30 18:22:06.350 | 补货购买失败 進階擺攤(7899):HTTP Error 400: Bad Request
2026-06-30 18:22:42.423 | 收线 #25
2026-06-30 18:22:42.674 | 钓到 羽毛蛋(559)(累计 49 次,鱼饵剩 132)
2026-06-30 18:22:42.674 | 钓到 紅寶石(433)(累计 50 次,鱼饵剩 131)
2026-06-30 18:23:20.776 | 收线 #26
2026-06-30 18:23:21.027 | 钓到 蝙蝠翅膀蛋(558)(累计 51 次,鱼饵剩 130)
2026-06-30 18:23:21.027 | 钓到 粉紅鑽(3981)(累计 52 次,鱼饵剩 129)
2026-06-30 18:23:59.370 | 收线 #27
2026-06-30 18:23:59.621 | 钓到 粉紅鑽(3981)(累计 53 次,鱼饵剩 128)
2026-06-30 18:23:59.621 | 钓到 錢包(5500)(9248)(累计 54 次,鱼饵剩 127)
2026-06-30 18:24:35.464 | 收线 #28
2026-06-30 18:24:35.716 | 钓到 咕咕-傻瓜咕咕(106)(累计 55 次,鱼饵剩 126)
2026-06-30 18:24:35.716 | 钓到 錢包(5500)(9248)(累计 56 次,鱼饵剩 125)
2026-06-30 18:25:13.324 | 收线 #29
2026-06-30 18:25:13.574 | 钓到 錢包(5500)(9248)(累计 57 次,鱼饵剩 124)
2026-06-30 18:25:13.574 | 钓到 粉紅鑽(3981)(累计 58 次,鱼饵剩 123)
2026-06-30 18:25:52.177 | 收线 #30
2026-06-30 18:25:52.428 | 钓到 紅寶石(433)(累计 59 次,鱼饵剩 122)
2026-06-30 18:25:52.428 | 钓到 咕咕-博士咕咕(107)(累计 60 次,鱼饵剩 121)
2026-06-30 18:26:29.295 | 收线 #31
2026-06-30 18:26:29.547 | 钓到 咕咕-豆莢皮(134)(累计 61 次,鱼饵剩 120)
2026-06-30 18:26:29.547 | 钓到 咕咕-菜頭弟弟(132)(累计 62 次,鱼饵剩 119)
2026-06-30 18:27:06.528 | 补货购买失败 進階擺攤(7899):HTTP Error 400: Bad Request
2026-06-30 18:27:06.779 | 收线 #32
2026-06-30 18:27:07.030 | 钓到 豪華的嬰兒副食品(3690)(累计 63 次,鱼饵剩 118)
2026-06-30 18:27:07.030 | 钓到 羽毛蛋(559)(累计 64 次,鱼饵剩 117)
2026-06-30 18:27:43.367 | 收线 #33
2026-06-30 18:27:43.618 | 钓到 錢包(5500)(9248)(累计 65 次,鱼饵剩 116)
2026-06-30 18:27:43.618 | 钓到 鑽石(434)(累计 66 次,鱼饵剩 115)
2026-06-30 18:28:21.458 | 收线 #34
2026-06-30 18:28:21.709 | 钓到 紅寶石(433)(累计 67 次,鱼饵剩 114)
2026-06-30 18:28:21.709 | 钓到 咕咕-博士咕咕(107)(累计 68 次,鱼饵剩 113)
2026-06-30 18:28:57.789 | 收线 #35
2026-06-30 18:28:58.039 | 钓到 咕咕-健康的咕咕(108)(累计 69 次,鱼饵剩 112)
2026-06-30 18:28:58.039 | 钓到 豪華的嬰兒副食品(3690)(累计 70 次,鱼饵剩 111)
2026-06-30 18:29:36.370 | 收线 #36
2026-06-30 18:29:36.621 | 钓到 豪華的嬰兒副食品(3690)(累计 71 次,鱼饵剩 110)
2026-06-30 18:29:36.621 | 钓到 紅寶石(433)(累计 72 次,鱼饵剩 109)
2026-06-30 18:30:14.734 | 收线 #37
2026-06-30 18:30:14.985 | 钓到 豪華的嬰兒副食品(3690)(累计 73 次,鱼饵剩 108)
2026-06-30 18:30:14.985 | 钓到 奶粉(3689)(累计 74 次,鱼饵剩 107)
2026-06-30 18:30:51.817 | 收线 #38
2026-06-30 18:30:52.068 | 钓到 粉紅鑽(3981)(累计 75 次,鱼饵剩 106)
2026-06-30 18:30:52.068 | 钓到 豪華的嬰兒副食品(3690)(累计 76 次,鱼饵剩 105)
2026-06-30 18:31:28.160 | 收线 #39
2026-06-30 18:31:28.411 | 钓到 粉紅鑽(3981)(累计 77 次,鱼饵剩 104)
2026-06-30 18:31:28.411 | 钓到 咕咕大力丸(3691)(累计 78 次,鱼饵剩 103)
2026-06-30 18:32:04.510 | 收线 #40
2026-06-30 18:32:04.761 | 钓到 奶粉(3689)(累计 79 次,鱼饵剩 102)
2026-06-30 18:32:04.761 | 钓到 咕咕-小南瓜(133)(累计 80 次,鱼饵剩 101)
2026-06-30 18:32:06.584 | 补货购买失败 進階擺攤(7899):HTTP Error 400: Bad Request
2026-06-30 18:32:40.673 | 收线 #41
2026-06-30 18:32:40.924 | 钓到 豪華的嬰兒副食品(3690)(累计 81 次,鱼饵剩 100)
2026-06-30 18:32:40.924 | 钓到 咕咕-健康的咕咕(108)(累计 82 次,鱼饵剩 99)
2026-06-30 18:33:17.506 | 收线 #42
2026-06-30 18:33:17.756 | 钓到 奶粉(3689)(累计 83 次,鱼饵剩 98)
2026-06-30 18:33:17.756 | 钓到 咕咕大力丸(3691)(累计 84 次,鱼饵剩 97)
2026-06-30 18:33:54.102 | 收线 #43
2026-06-30 18:33:54.353 | 钓到 粉紅鑽(3981)(累计 85 次,鱼饵剩 96)
2026-06-30 18:33:54.353 | 钓到 咕咕大力丸(3691)(累计 86 次,鱼饵剩 95)
2026-06-30 18:34:30.681 | 收线 #44
2026-06-30 18:34:30.932 | 钓到 奶粉(3689)(累计 87 次,鱼饵剩 94)
2026-06-30 18:34:30.932 | 钓到 咕咕大力丸(3691)(累计 88 次,鱼饵剩 93)
2026-06-30 18:35:07.513 | 收线 #45
2026-06-30 18:35:07.764 | 钓到 羽毛蛋(559)(累计 89 次,鱼饵剩 92)
2026-06-30 18:35:07.764 | 钓到 奶粉(3689)(累计 90 次,鱼饵剩 91)
2026-06-30 18:35:45.343 | 收线 #46
2026-06-30 18:35:45.594 | 钓到 錢包(5500)(9248)(累计 91 次,鱼饵剩 90)
2026-06-30 18:35:45.594 | 钓到 紅寶石(433)(累计 92 次,鱼饵剩 89)
2026-06-30 18:36:23.216 | 收线 #47
2026-06-30 18:36:23.467 | 钓到 咕咕-花苞(135)(累计 93 次,鱼饵剩 88)
2026-06-30 18:36:23.467 | 钓到 羽毛蛋(559)(累计 94 次,鱼饵剩 87)
2026-06-30 18:36:59.814 | 收线 #48
2026-06-30 18:37:00.064 | 钓到 咕咕-菜頭弟弟(132)(累计 95 次,鱼饵剩 86)
2026-06-30 18:37:00.064 | 钓到 豪華的嬰兒副食品(3690)(累计 96 次,鱼饵剩 85)
2026-06-30 18:37:07.096 | 补货购买失败 進階擺攤(7899):HTTP Error 400: Bad Request
2026-06-30 18:37:36.421 | 收线 #49
2026-06-30 18:37:36.672 | 钓到 水晶(432)(累计 97 次,鱼饵剩 84)
2026-06-30 18:37:36.672 | 钓到 奶粉(3689)(累计 98 次,鱼饵剩 83)
2026-06-30 18:38:14.022 | 收线 #50
2026-06-30 18:38:14.272 | 钓到 錢包(5500)(9248)(累计 99 次,鱼饵剩 82)
2026-06-30 18:38:14.272 | 钓到 羽毛蛋(559)(累计 100 次,鱼饵剩 81)
2026-06-30 18:38:51.346 | 收线 #51
2026-06-30 18:38:51.597 | 钓到 奶粉(3689)(累计 101 次,鱼饵剩 80)
2026-06-30 18:38:51.598 | 钓到 奶粉(3689)(累计 102 次,鱼饵剩 79)
2026-06-30 18:39:28.693 | 收线 #52
2026-06-30 18:39:28.945 | 钓到 奶粉(3689)(累计 103 次,鱼饵剩 78)
2026-06-30 18:39:28.945 | 钓到 奶粉(3689)(累计 104 次,鱼饵剩 77)
2026-06-30 18:40:06.530 | 收线 #53
2026-06-30 18:40:06.781 | 钓到 咕咕-花苞(135)(累计 105 次,鱼饵剩 76)
2026-06-30 18:40:06.781 | 钓到 紅寶石(433)(累计 106 次,鱼饵剩 75)
2026-06-30 18:40:43.604 | 收线 #54
2026-06-30 18:40:43.855 | 钓到 咕咕-傻瓜咕咕(106)(累计 107 次,鱼饵剩 74)
2026-06-30 18:40:43.855 | 钓到 奶粉(3689)(累计 108 次,鱼饵剩 73)
2026-06-30 18:41:22.218 | 收线 #55
2026-06-30 18:41:22.469 | 钓到 咕咕大力丸(3691)(累计 109 次,鱼饵剩 72)
2026-06-30 18:41:22.469 | 钓到 蝙蝠翅膀蛋(558)(累计 110 次,鱼饵剩 71)
2026-06-30 18:42:00.308 | 收线 #56
2026-06-30 18:42:00.559 | 钓到 咕咕-小南瓜(133)(累计 111 次,鱼饵剩 70)
2026-06-30 18:42:00.559 | 钓到 羽毛蛋(559)(累计 112 次,鱼饵剩 69)
2026-06-30 18:42:06.675 | 补货购买失败 進階擺攤(7899):HTTP Error 400: Bad Request
2026-06-30 18:42:37.497 | 收线 #57
2026-06-30 18:42:37.748 | 钓到 奶粉(3689)(累计 113 次,鱼饵剩 68)
2026-06-30 18:42:37.748 | 钓到 咕咕-菜頭弟弟(132)(累计 114 次,鱼饵剩 67)
2026-06-30 18:43:15.320 | 收线 #58
2026-06-30 18:43:15.571 | 钓到 咕咕大力丸(3691)(累计 115 次,鱼饵剩 66)
2026-06-30 18:43:15.571 | 钓到 咕咕-健康的咕咕(108)(累计 116 次,鱼饵剩 65)
2026-06-30 18:43:52.644 | 收线 #59
2026-06-30 18:43:52.895 | 钓到 咕咕-健康的咕咕(108)(累计 117 次,鱼饵剩 64)
2026-06-30 18:43:52.895 | 钓到 咕咕-小南瓜(133)(累计 118 次,鱼饵剩 63)
2026-06-30 18:44:29.978 | 收线 #60
2026-06-30 18:44:30.229 | 钓到 奶粉(3689)(累计 119 次,鱼饵剩 62)
2026-06-30 18:44:30.229 | 钓到 奶粉(3689)(累计 120 次,鱼饵剩 61)
2026-06-30 18:45:07.811 | 收线 #61
2026-06-30 18:45:08.061 | 钓到 粉紅鑽(3981)(累计 121 次,鱼饵剩 60)
2026-06-30 18:45:08.061 | 钓到 羽毛蛋(559)(累计 122 次,鱼饵剩 59)
2026-06-30 18:45:46.138 | 收线 #62
2026-06-30 18:45:46.389 | 钓到 粉紅鑽(3981)(累计 123 次,鱼饵剩 58)
2026-06-30 18:45:46.389 | 钓到 粉紅鑽(3981)(累计 124 次,鱼饵剩 57)
2026-06-30 18:46:24.486 | 收线 #63
2026-06-30 18:46:24.737 | 钓到 粉紅鑽(3981)(累计 125 次,鱼饵剩 56)
2026-06-30 18:46:24.737 | 钓到 咕咕-博士咕咕(107)(累计 126 次,鱼饵剩 55)
2026-06-30 18:47:02.330 | 收线 #64
2026-06-30 18:47:02.581 | 钓到 豪華的嬰兒副食品(3690)(累计 127 次,鱼饵剩 54)
2026-06-30 18:47:02.581 | 钓到 咕咕-不平凡的咕咕(109)(累计 128 次,鱼饵剩 53)
2026-06-30 18:47:07.141 | 补货购买失败 進階擺攤(7899):HTTP Error 400: Bad Request
2026-06-30 18:47:38.481 | 收线 #65
2026-06-30 18:47:38.732 | 钓到 咕咕大力丸(3691)(累计 129 次,鱼饵剩 52)
2026-06-30 18:47:38.732 | 钓到 羽毛蛋(559)(累计 130 次,鱼饵剩 51)
2026-06-30 18:48:14.816 | 收线 #66
2026-06-30 18:48:15.067 | 钓到 豪華的嬰兒副食品(3690)(累计 131 次,鱼饵剩 50)
2026-06-30 18:48:15.067 | 钓到 粉紅鑽(3981)(累计 132 次,鱼饵剩 49)
2026-06-30 18:48:15.668 | 打开摊贩(自动)
2026-06-30 18:48:16.269 | 购买 紅標槍(3982) x300
2026-06-30 18:48:16.870 | 购买 紅標槍(3982) x300
2026-06-30 18:48:17.471 | 购买 紅標槍(3982) x300
2026-06-30 18:48:18.072 | 购买 紅標槍(3982) x300
2026-06-30 18:48:18.673 | 购买 紅標槍(3982) x300
2026-06-30 18:48:19.274 | 购买 紅標槍(3982) x300
2026-06-30 18:48:19.874 | 购买 紅標槍(3982) x300
2026-06-30 18:48:20.475 | 购买 紅標槍(3982) x300
2026-06-30 18:48:21.076 | 购买 紅標槍(3982) x300
2026-06-30 18:48:21.677 | 购买 紅標槍(3982) x300
2026-06-30 18:48:22.278 | 关闭摊贩(自动)
2026-06-30 18:48:22.530 | 金币变动 -9,000(当前 191,000)
2026-06-30 18:48:22.530 | 金币变动 -9,000(当前 182,000)
2026-06-30 18:48:22.531 | 金币变动 -9,000(当前 173,000)
2026-06-30 18:48:22.531 | 金币变动 -9,000(当前 164,000)
2026-06-30 18:48:22.531 | 金币变动 -9,000(当前 155,000)
2026-06-30 18:48:22.531 | 金币变动 -9,000(当前 146,000)
2026-06-30 18:48:22.531 | 金币变动 -9,000(当前 137,000)
2026-06-30 18:48:22.531 | 金币变动 -9,000(当前 128,000)
2026-06-30 18:48:22.531 | 金币变动 -9,000(当前 119,000)
2026-06-30 18:48:22.531 | 金币变动 -9,000(当前 110,000)
2026-06-30 18:48:23.789 | 购买后 紅標槍(3982) 背包共 3049 个，当前金钱 110,000
2026-06-30 18:48:52.861 | 收线 #67
2026-06-30 18:48:53.112 | 钓到 咕咕-花苞(135)(累计 133 次,鱼饵剩 3048)
2026-06-30 18:48:53.112 | 钓到 咕咕-小南瓜(133)(累计 134 次,鱼饵剩 3047)
2026-06-30 18:49:30.468 | 收线 #68
2026-06-30 18:49:30.718 | 钓到 羽毛蛋(559)(累计 135 次,鱼饵剩 3046)
2026-06-30 18:49:30.718 | 钓到 奶粉(3689)(累计 136 次,鱼饵剩 3045)
2026-06-30 18:50:08.064 | 收线 #69
2026-06-30 18:50:08.314 | 钓到 咕咕-豆莢皮(134)(累计 137 次,鱼饵剩 3044)
2026-06-30 18:50:08.314 | 钓到 咕咕-不平凡的咕咕(109)(累计 138 次,鱼饵剩 3043)
2026-06-30 18:50:44.659 | 收线 #70
2026-06-30 18:50:44.910 | 钓到 奶粉(3689)(累计 139 次,鱼饵剩 3042)
2026-06-30 18:50:44.910 | 钓到 粉紅鑽(3981)(累计 140 次,鱼饵剩 3041)
2026-06-30 18:51:22.273 | 收线 #71
2026-06-30 18:51:22.524 | 钓到 咕咕-菜頭弟弟(132)(累计 141 次,鱼饵剩 3040)
2026-06-30 18:51:22.524 | 钓到 羽毛蛋(559)(累计 142 次,鱼饵剩 3039)
2026-06-30 18:51:59.113 | 收线 #72
2026-06-30 18:51:59.364 | 钓到 豪華的嬰兒副食品(3690)(累计 143 次,鱼饵剩 3038)
2026-06-30 18:51:59.364 | 钓到 鑽石(434)(累计 144 次,鱼饵剩 3037)
2026-06-30 18:52:07.164 | 补货购买失败 進階擺攤(7899):HTTP Error 400: Bad Request
2026-06-30 18:52:29.963 | 下线 baligei4/baligei4
