2026-06-30 17:25:09.648 | 上线 baligei5/baligei5
2026-06-30 17:25:09.648 | 当前金币 200,000
2026-06-30 17:25:09.649 | 定时使用 背包擴充卷1(19113)
2026-06-30 17:25:09.649 | 定时使用 背包擴充卷2(21471)
2026-06-30 17:25:09.649 | 定时使用 背包擴充卷3(23189)
2026-06-30 17:25:22.765 | 补货购买失败 進階擺攤(7899):HTTP Error 400: Bad Request
2026-06-30 17:25:23.018 | 确认使用 背包擴充卷1(19113)(剩 0)
2026-06-30 17:25:23.018 | 确认使用 背包擴充卷2(21471)(剩 0)
2026-06-30 17:25:23.018 | 确认使用 背包擴充卷3(23189)(剩 0)
2026-06-30 17:30:09.841 | 定时使用 黃金釣鉤(8030)
2026-06-30 17:30:21.825 | 补货购买失败 進階擺攤(7899):HTTP Error 400: Bad Request
2026-06-30 17:35:19.940 | 补货购买失败 進階擺攤(7899):HTTP Error 400: Bad Request
2026-06-30 17:39:07.433 | 抛竿 #1
2026-06-30 17:39:07.433 | 手动开始钓鱼
2026-06-30 17:39:43.253 | 收线 #1
2026-06-30 17:39:43.504 | 钓到 奶粉(3689)(累计 1 次,鱼饵剩 299)
2026-06-30 17:39:43.504 | 钓到 豪華的嬰兒副食品(3690)(累计 2 次,鱼饵剩 298)
2026-06-30 17:40:10.939 | 补货购买失败 進階擺攤(7899):HTTP Error 400: Bad Request
2026-06-30 17:40:20.207 | 收线 #2
2026-06-30 17:40:20.458 | 钓到 奶粉(3689)(累计 3 次,鱼饵剩 297)
2026-06-30 17:40:20.458 | 钓到 咕咕-傻瓜咕咕(106)(累计 4 次,鱼饵剩 296)
2026-06-30 17:40:58.289 | 收线 #3
2026-06-30 17:40:58.541 | 钓到 羽毛蛋(559)(累计 5 次,鱼饵剩 295)
2026-06-30 17:40:58.541 | 钓到 豪華的嬰兒副食品(3690)(累计 6 次,鱼饵剩 294)
2026-06-30 17:41:36.118 | 收线 #4
2026-06-30 17:41:36.369 | 钓到 咕咕-花苞(135)(累计 7 次,鱼饵剩 293)
2026-06-30 17:41:36.369 | 钓到 紅寶石(433)(累计 8 次,鱼饵剩 292)
2026-06-30 17:42:13.690 | 收线 #5
2026-06-30 17:42:13.941 | 钓到 咕咕-健康的咕咕(108)(累计 9 次,鱼饵剩 291)
2026-06-30 17:42:13.941 | 钓到 豪華的嬰兒副食品(3690)(累计 10 次,鱼饵剩 290)
2026-06-30 17:42:51.521 | 收线 #6
2026-06-30 17:42:51.772 | 钓到 粉紅鑽(3981)(累计 11 次,鱼饵剩 289)
2026-06-30 17:42:51.772 | 钓到 水晶(432)(累计 12 次,鱼饵剩 288)
2026-06-30 17:43:28.611 | 收线 #7
2026-06-30 17:43:28.862 | 钓到 咕咕-菜頭弟弟(132)(累计 13 次,鱼饵剩 287)
2026-06-30 17:43:28.862 | 钓到 錢包(5500)(9248)(累计 14 次,鱼饵剩 286)
2026-06-30 17:44:05.687 | 收线 #8
2026-06-30 17:44:05.938 | 钓到 錢包(5500)(9248)(累计 15 次,鱼饵剩 285)
2026-06-30 17:44:05.938 | 钓到 奶粉(3689)(累计 16 次,鱼饵剩 284)
2026-06-30 17:44:43.785 | 收线 #9
2026-06-30 17:44:44.035 | 钓到 紅寶石(433)(累计 17 次,鱼饵剩 283)
2026-06-30 17:44:44.035 | 钓到 水晶(432)(累计 18 次,鱼饵剩 282)
2026-06-30 17:45:11.412 | 补货购买失败 進階擺攤(7899):HTTP Error 400: Bad Request
2026-06-30 17:45:21.931 | 收线 #10
2026-06-30 17:45:22.182 | 钓到 咕咕-不平凡的咕咕(109)(累计 19 次,鱼饵剩 281)
2026-06-30 17:45:22.182 | 钓到 咕咕-豆莢皮(134)(累计 20 次,鱼饵剩 280)
2026-06-30 17:46:00.271 | 收线 #11
2026-06-30 17:46:00.521 | 钓到 蝙蝠翅膀蛋(558)(累计 21 次,鱼饵剩 279)
2026-06-30 17:46:00.521 | 钓到 咕咕-不平凡的咕咕(109)(累计 22 次,鱼饵剩 278)
2026-06-30 17:46:36.848 | 收线 #12
2026-06-30 17:46:37.099 | 钓到 咕咕-花苞(135)(累计 23 次,鱼饵剩 277)
2026-06-30 17:46:37.099 | 钓到 粉紅鑽(3981)(累计 24 次,鱼饵剩 276)
2026-06-30 17:47:14.429 | 收线 #13
2026-06-30 17:47:14.680 | 钓到 紅寶石(433)(累计 25 次,鱼饵剩 275)
2026-06-30 17:47:14.680 | 钓到 水晶(432)(累计 26 次,鱼饵剩 274)
2026-06-30 17:47:52.761 | 收线 #14
2026-06-30 17:47:53.012 | 钓到 紅寶石(433)(累计 27 次,鱼饵剩 273)
2026-06-30 17:47:53.012 | 钓到 咕咕-菜頭弟弟(132)(累计 28 次,鱼饵剩 272)
2026-06-30 17:48:30.854 | 收线 #15
2026-06-30 17:48:31.105 | 钓到 水晶(432)(累计 29 次,鱼饵剩 271)
2026-06-30 17:48:31.105 | 钓到 紅寶石(433)(累计 30 次,鱼饵剩 270)
2026-06-30 17:49:07.686 | 收线 #16
2026-06-30 17:49:07.938 | 钓到 水晶(432)(累计 31 次,鱼饵剩 269)
2026-06-30 17:49:07.938 | 钓到 奶粉(3689)(累计 32 次,鱼饵剩 268)
2026-06-30 17:49:44.513 | 收线 #17
2026-06-30 17:49:44.763 | 钓到 咕咕-不平凡的咕咕(109)(累计 33 次,鱼饵剩 267)
2026-06-30 17:49:44.763 | 钓到 奶粉(3689)(累计 34 次,鱼饵剩 266)
2026-06-30 17:50:11.881 | 泡点购买 進階擺攤(7899) x1
2026-06-30 17:50:12.132 | 补货搬运 進階擺攤(7899) x1
2026-06-30 17:50:21.650 | 收线 #18
2026-06-30 17:50:21.901 | 钓到 水晶(432)(累计 35 次,鱼饵剩 265)
2026-06-30 17:50:21.901 | 钓到 水晶(432)(累计 36 次,鱼饵剩 264)
2026-06-30 17:50:59.730 | 收线 #19
2026-06-30 17:50:59.981 | 钓到 粉紅鑽(3981)(累计 37 次,鱼饵剩 263)
2026-06-30 17:50:59.981 | 钓到 咕咕大力丸(3691)(累计 38 次,鱼饵剩 262)
2026-06-30 17:51:36.059 | 收线 #20
2026-06-30 17:51:36.309 | 钓到 錢包(5500)(9248)(累计 39 次,鱼饵剩 261)
2026-06-30 17:51:36.309 | 钓到 奶粉(3689)(累计 40 次,鱼饵剩 260)
2026-06-30 17:52:14.135 | 收线 #21
2026-06-30 17:52:14.386 | 钓到 奶粉(3689)(累计 41 次,鱼饵剩 259)
2026-06-30 17:52:14.386 | 钓到 羽毛蛋(559)(累计 42 次,鱼饵剩 258)
2026-06-30 17:52:52.464 | 收线 #22
2026-06-30 17:52:52.714 | 钓到 錢包(5500)(9248)(累计 43 次,鱼饵剩 257)
2026-06-30 17:52:52.714 | 钓到 奶粉(3689)(累计 44 次,鱼饵剩 256)
2026-06-30 17:53:31.055 | 收线 #23
2026-06-30 17:53:31.306 | 钓到 粉紅鑽(3981)(累计 45 次,鱼饵剩 255)
2026-06-30 17:53:31.306 | 钓到 粉紅鑽(3981)(累计 46 次,鱼饵剩 254)
2026-06-30 17:54:07.642 | 收线 #24
2026-06-30 17:54:07.893 | 钓到 咕咕大力丸(3691)(累计 47 次,鱼饵剩 253)
2026-06-30 17:54:07.893 | 钓到 豪華的嬰兒副食品(3690)(累计 48 次,鱼饵剩 252)
2026-06-30 17:54:43.718 | 收线 #25
2026-06-30 17:54:43.969 | 钓到 咕咕-花苞(135)(累计 49 次,鱼饵剩 251)
2026-06-30 17:54:43.969 | 钓到 奶粉(3689)(累计 50 次,鱼饵剩 250)
2026-06-30 17:55:10.519 | 定时使用 進階擺攤(7899)
2026-06-30 17:55:12.310 | 补货购买失败 進階擺攤(7899):HTTP Error 400: Bad Request
2026-06-30 17:55:22.331 | 收线 #26
2026-06-30 17:55:22.582 | 钓到 水晶(432)(累计 51 次,鱼饵剩 249)
2026-06-30 17:55:22.582 | 钓到 錢包(5500)(9248)(累计 52 次,鱼饵剩 248)
2026-06-30 17:55:59.408 | 收线 #27
2026-06-30 17:55:59.658 | 钓到 水晶(432)(累计 53 次,鱼饵剩 247)
2026-06-30 17:55:59.658 | 钓到 羽毛蛋(559)(累计 54 次,鱼饵剩 246)
2026-06-30 17:56:37.992 | 收线 #28
2026-06-30 17:56:38.242 | 钓到 鑽石(434)(累计 55 次,鱼饵剩 245)
2026-06-30 17:56:38.242 | 钓到 咕咕-花苞(135)(累计 56 次,鱼饵剩 244)
2026-06-30 17:57:14.317 | 收线 #29
2026-06-30 17:57:14.568 | 钓到 紅寶石(433)(累计 57 次,鱼饵剩 243)
2026-06-30 17:57:14.568 | 钓到 粉紅鑽(3981)(累计 58 次,鱼饵剩 242)
2026-06-30 17:57:52.663 | 收线 #30
2026-06-30 17:57:52.914 | 钓到 水晶(432)(累计 59 次,鱼饵剩 241)
2026-06-30 17:57:52.914 | 钓到 水晶(432)(累计 60 次,鱼饵剩 240)
2026-06-30 17:58:30.506 | 收线 #31
2026-06-30 17:58:30.757 | 钓到 羽毛蛋(559)(累计 61 次,鱼饵剩 239)
2026-06-30 17:58:30.757 | 钓到 羽毛蛋(559)(累计 62 次,鱼饵剩 238)
2026-06-30 17:59:07.072 | 收线 #32
2026-06-30 17:59:07.322 | 钓到 奶粉(3689)(累计 63 次,鱼饵剩 237)
2026-06-30 17:59:07.322 | 钓到 豪華的嬰兒副食品(3690)(累计 64 次,鱼饵剩 236)
2026-06-30 17:59:45.654 | 收线 #33
2026-06-30 17:59:45.905 | 钓到 咕咕大力丸(3691)(累计 65 次,鱼饵剩 235)
2026-06-30 17:59:45.905 | 钓到 羽毛蛋(559)(累计 66 次,鱼饵剩 234)
2026-06-30 18:00:22.298 | 补货购买失败 進階擺攤(7899):<urlopen error [WinError 10061] 由于目标计算机积极拒绝，无法连接。>
2026-06-30 18:00:23.301 | 收线 #34
2026-06-30 18:00:23.551 | 钓到 水晶(432)(累计 67 次,鱼饵剩 233)
2026-06-30 18:00:23.551 | 钓到 奶粉(3689)(累计 68 次,鱼饵剩 232)
2026-06-30 18:00:59.881 | 收线 #35
2026-06-30 18:01:00.132 | 钓到 奶粉(3689)(累计 69 次,鱼饵剩 231)
2026-06-30 18:01:00.132 | 钓到 咕咕-花苞(135)(累计 70 次,鱼饵剩 230)
2026-06-30 18:01:36.977 | 收线 #36
2026-06-30 18:01:37.228 | 钓到 水晶(432)(累计 71 次,鱼饵剩 229)
2026-06-30 18:01:37.228 | 钓到 豪華的嬰兒副食品(3690)(累计 72 次,鱼饵剩 228)
2026-06-30 18:02:14.801 | 收线 #37
2026-06-30 18:02:15.052 | 钓到 咕咕大力丸(3691)(累计 73 次,鱼饵剩 227)
2026-06-30 18:02:15.052 | 钓到 紅寶石(433)(累计 74 次,鱼饵剩 226)
2026-06-30 18:02:51.878 | 收线 #38
2026-06-30 18:02:52.129 | 钓到 羽毛蛋(559)(累计 75 次,鱼饵剩 225)
2026-06-30 18:02:52.129 | 钓到 羽毛蛋(559)(累计 76 次,鱼饵剩 224)
2026-06-30 18:03:30.709 | 收线 #39
2026-06-30 18:03:30.960 | 钓到 奶粉(3689)(累计 77 次,鱼饵剩 223)
2026-06-30 18:03:30.960 | 钓到 粉紅鑽(3981)(累计 78 次,鱼饵剩 222)
2026-06-30 18:04:07.789 | 收线 #40
2026-06-30 18:04:08.040 | 钓到 水晶(432)(累计 79 次,鱼饵剩 221)
2026-06-30 18:04:08.040 | 钓到 咕咕-花苞(135)(累计 80 次,鱼饵剩 220)
2026-06-30 18:04:46.610 | 收线 #41
2026-06-30 18:04:46.861 | 钓到 水晶(432)(累计 81 次,鱼饵剩 219)
2026-06-30 18:04:46.861 | 钓到 羽毛蛋(559)(累计 82 次,鱼饵剩 218)
2026-06-30 18:05:51.796 | 上线 baligei5/baligei5
2026-06-30 18:05:51.796 | 当前金币 200,000
2026-06-30 18:05:51.847 | 抛竿 #1
2026-06-30 18:06:44.339 | 上线 baligei5/baligei5
2026-06-30 18:06:44.339 | 当前金币 200,000
2026-06-30 18:06:44.390 | 抛竿 #1
2026-06-30 18:06:45.309 | 补货购买失败 進階擺攤(7899):HTTP Error 400: Bad Request
2026-06-30 18:07:22.383 | 收线 #1
2026-06-30 18:07:22.634 | 钓到 錢包(5500)(9248)(累计 1 次,鱼饵剩 217)
2026-06-30 18:07:22.634 | 钓到 咕咕-博士咕咕(107)(累计 2 次,鱼饵剩 216)
2026-06-30 18:08:00.956 | 收线 #2
2026-06-30 18:08:01.207 | 钓到 羽毛蛋(559)(累计 3 次,鱼饵剩 215)
2026-06-30 18:08:01.207 | 钓到 奶粉(3689)(累计 4 次,鱼饵剩 214)
2026-06-30 18:08:39.278 | 收线 #3
2026-06-30 18:08:39.529 | 钓到 紅寶石(433)(累计 5 次,鱼饵剩 213)
2026-06-30 18:08:39.529 | 钓到 蝙蝠翅膀蛋(558)(累计 6 次,鱼饵剩 212)
2026-06-30 18:09:17.853 | 收线 #4
2026-06-30 18:09:18.104 | 钓到 咕咕-不平凡的咕咕(109)(累计 7 次,鱼饵剩 211)
2026-06-30 18:09:18.104 | 钓到 咕咕-花苞(135)(累计 8 次,鱼饵剩 210)
2026-06-30 18:09:54.926 | 收线 #5
2026-06-30 18:09:55.177 | 钓到 水晶(432)(累计 9 次,鱼饵剩 209)
2026-06-30 18:09:55.177 | 钓到 水晶(432)(累计 10 次,鱼饵剩 208)
2026-06-30 18:10:33.004 | 收线 #6
2026-06-30 18:10:33.255 | 钓到 錢包(5500)(9248)(累计 11 次,鱼饵剩 207)
2026-06-30 18:10:33.255 | 钓到 咕咕-不平凡的咕咕(109)(累计 12 次,鱼饵剩 206)
2026-06-30 18:11:11.827 | 收线 #7
2026-06-30 18:11:12.077 | 钓到 錢包(5500)(9248)(累计 13 次,鱼饵剩 205)
2026-06-30 18:11:12.077 | 钓到 奶粉(3689)(累计 14 次,鱼饵剩 204)
2026-06-30 18:11:48.177 | 补货购买失败 進階擺攤(7899):HTTP Error 400: Bad Request
2026-06-30 18:11:48.428 | 收线 #8
2026-06-30 18:11:48.679 | 钓到 錢包(5500)(9248)(累计 15 次,鱼饵剩 203)
2026-06-30 18:11:48.679 | 钓到 奶粉(3689)(累计 16 次,鱼饵剩 202)
2026-06-30 18:12:27.496 | 收线 #9
2026-06-30 18:12:27.747 | 钓到 咕咕-豆莢皮(134)(累计 17 次,鱼饵剩 201)
2026-06-30 18:12:27.747 | 钓到 羽毛蛋(559)(累计 18 次,鱼饵剩 200)
2026-06-30 18:13:05.318 | 收线 #10
2026-06-30 18:13:05.569 | 钓到 紅寶石(433)(累计 19 次,鱼饵剩 199)
2026-06-30 18:13:05.569 | 钓到 羽毛蛋(559)(累计 20 次,鱼饵剩 198)
2026-06-30 18:13:43.652 | 收线 #11
2026-06-30 18:13:43.903 | 钓到 水晶(432)(累计 21 次,鱼饵剩 197)
2026-06-30 18:13:43.903 | 钓到 奶粉(3689)(累计 22 次,鱼饵剩 196)
2026-06-30 18:14:20.979 | 收线 #12
2026-06-30 18:14:21.230 | 钓到 咕咕-菜頭弟弟(132)(累计 23 次,鱼饵剩 195)
2026-06-30 18:14:21.230 | 钓到 錢包(5500)(9248)(累计 24 次,鱼饵剩 194)
2026-06-30 18:14:57.545 | 收线 #13
2026-06-30 18:14:57.796 | 钓到 豪華的嬰兒副食品(3690)(累计 25 次,鱼饵剩 193)
2026-06-30 18:14:57.796 | 钓到 豪華的嬰兒副食品(3690)(累计 26 次,鱼饵剩 192)
2026-06-30 18:15:35.878 | 收线 #14
2026-06-30 18:15:36.129 | 钓到 咕咕大力丸(3691)(累计 27 次,鱼饵剩 191)
2026-06-30 18:15:36.129 | 钓到 鑽石(434)(累计 28 次,鱼饵剩 190)
2026-06-30 18:16:12.956 | 收线 #15
2026-06-30 18:16:13.207 | 钓到 蝙蝠翅膀蛋(558)(累计 29 次,鱼饵剩 189)
2026-06-30 18:16:13.207 | 钓到 紅寶石(433)(累计 30 次,鱼饵剩 188)
2026-06-30 18:16:47.705 | 补货购买失败 進階擺攤(7899):HTTP Error 400: Bad Request
2026-06-30 18:16:49.961 | 收线 #16
2026-06-30 18:16:50.211 | 钓到 咕咕-博士咕咕(107)(累计 31 次,鱼饵剩 187)
2026-06-30 18:16:50.211 | 钓到 奶粉(3689)(累计 32 次,鱼饵剩 186)
2026-06-30 18:17:28.535 | 收线 #17
2026-06-30 18:17:28.785 | 钓到 羽毛蛋(559)(累计 33 次,鱼饵剩 185)
2026-06-30 18:17:28.785 | 钓到 奶粉(3689)(累计 34 次,鱼饵剩 184)
2026-06-30 18:18:06.112 | 收线 #18
2026-06-30 18:18:06.362 | 钓到 豪華的嬰兒副食品(3690)(累计 35 次,鱼饵剩 183)
2026-06-30 18:18:06.362 | 钓到 錢包(5500)(9248)(累计 36 次,鱼饵剩 182)
2026-06-30 18:18:45.192 | 收线 #19
2026-06-30 18:18:45.443 | 钓到 咕咕-博士咕咕(107)(累计 37 次,鱼饵剩 181)
2026-06-30 18:18:45.443 | 钓到 咕咕-博士咕咕(107)(累计 38 次,鱼饵剩 180)
2026-06-30 18:19:22.282 | 收线 #20
2026-06-30 18:19:22.533 | 钓到 咕咕-不平凡的咕咕(109)(累计 39 次,鱼饵剩 179)
2026-06-30 18:19:22.533 | 钓到 咕咕大力丸(3691)(累计 40 次,鱼饵剩 178)
2026-06-30 18:20:00.859 | 收线 #21
2026-06-30 18:20:01.110 | 钓到 咕咕-豆莢皮(134)(累计 41 次,鱼饵剩 177)
2026-06-30 18:20:01.110 | 钓到 咕咕-傻瓜咕咕(106)(累计 42 次,鱼饵剩 176)
2026-06-30 18:20:39.947 | 收线 #22
2026-06-30 18:20:40.198 | 钓到 錢包(5500)(9248)(累计 43 次,鱼饵剩 175)
2026-06-30 18:20:40.198 | 钓到 豪華的嬰兒副食品(3690)(累计 44 次,鱼饵剩 174)
2026-06-30 18:21:17.031 | 收线 #23
2026-06-30 18:21:17.283 | 钓到 奶粉(3689)(累计 45 次,鱼饵剩 173)
2026-06-30 18:21:17.283 | 钓到 水晶(432)(累计 46 次,鱼饵剩 172)
2026-06-30 18:21:47.968 | 补货购买失败 進階擺攤(7899):HTTP Error 400: Bad Request
2026-06-30 18:21:54.982 | 收线 #24
2026-06-30 18:21:55.233 | 钓到 粉紅鑽(3981)(累计 47 次,鱼饵剩 171)
2026-06-30 18:21:55.233 | 钓到 錢包(5500)(9248)(累计 48 次,鱼饵剩 170)
2026-06-30 18:22:32.568 | 收线 #25
2026-06-30 18:22:32.819 | 钓到 咕咕-不平凡的咕咕(109)(累计 49 次,鱼饵剩 169)
2026-06-30 18:22:32.819 | 钓到 粉紅鑽(3981)(累计 50 次,鱼饵剩 168)
2026-06-30 18:23:09.656 | 收线 #26
2026-06-30 18:23:09.907 | 钓到 粉紅鑽(3981)(累计 51 次,鱼饵剩 167)
2026-06-30 18:23:09.907 | 钓到 咕咕-博士咕咕(107)(累计 52 次,鱼饵剩 166)
2026-06-30 18:23:47.245 | 收线 #27
2026-06-30 18:23:47.496 | 钓到 豪華的嬰兒副食品(3690)(累计 53 次,鱼饵剩 165)
2026-06-30 18:23:47.496 | 钓到 咕咕-小南瓜(133)(累计 54 次,鱼饵剩 164)
2026-06-30 18:24:24.335 | 收线 #28
2026-06-30 18:24:24.586 | 钓到 咕咕-豆莢皮(134)(累计 55 次,鱼饵剩 163)
2026-06-30 18:24:24.586 | 钓到 咕咕-不平凡的咕咕(109)(累计 56 次,鱼饵剩 162)
2026-06-30 18:25:02.181 | 收线 #29
2026-06-30 18:25:02.431 | 钓到 咕咕大力丸(3691)(累计 57 次,鱼饵剩 161)
2026-06-30 18:25:02.431 | 钓到 咕咕-不平凡的咕咕(109)(累计 58 次,鱼饵剩 160)
2026-06-30 18:25:39.023 | 收线 #30
2026-06-30 18:25:39.274 | 钓到 奶粉(3689)(累计 59 次,鱼饵剩 159)
2026-06-30 18:25:39.274 | 钓到 羽毛蛋(559)(累计 60 次,鱼饵剩 158)
2026-06-30 18:26:15.362 | 收线 #31
2026-06-30 18:26:15.614 | 钓到 豪華的嬰兒副食品(3690)(累计 61 次,鱼饵剩 157)
2026-06-30 18:26:15.614 | 钓到 錢包(5500)(9248)(累计 62 次,鱼饵剩 156)
2026-06-30 18:26:47.846 | 补货购买失败 進階擺攤(7899):HTTP Error 400: Bad Request
2026-06-30 18:26:53.358 | 收线 #32
2026-06-30 18:26:53.610 | 钓到 豪華的嬰兒副食品(3690)(累计 63 次,鱼饵剩 155)
2026-06-30 18:26:53.612 | 钓到 咕咕-博士咕咕(107)(累计 64 次,鱼饵剩 154)
2026-06-30 18:27:30.700 | 收线 #33
2026-06-30 18:27:30.951 | 钓到 豪華的嬰兒副食品(3690)(累计 65 次,鱼饵剩 153)
2026-06-30 18:27:30.951 | 钓到 豪華的嬰兒副食品(3690)(累计 66 次,鱼饵剩 152)
2026-06-30 18:28:08.034 | 收线 #34
2026-06-30 18:28:08.285 | 钓到 咕咕-不平凡的咕咕(109)(累计 67 次,鱼饵剩 151)
2026-06-30 18:28:08.285 | 钓到 水晶(432)(累计 68 次,鱼饵剩 150)
2026-06-30 18:28:44.392 | 收线 #35
2026-06-30 18:28:44.643 | 钓到 豪華的嬰兒副食品(3690)(累计 69 次,鱼饵剩 149)
2026-06-30 18:28:44.643 | 钓到 水晶(432)(累计 70 次,鱼饵剩 148)
2026-06-30 18:29:23.492 | 收线 #36
2026-06-30 18:29:23.743 | 钓到 鑽石(434)(累计 71 次,鱼饵剩 147)
2026-06-30 18:29:23.743 | 钓到 紅寶石(433)(累计 72 次,鱼饵剩 146)
2026-06-30 18:30:02.327 | 收线 #37
2026-06-30 18:30:02.578 | 钓到 羽毛蛋(559)(累计 73 次,鱼饵剩 145)
2026-06-30 18:30:02.578 | 钓到 錢包(5500)(9248)(累计 74 次,鱼饵剩 144)
2026-06-30 18:30:38.911 | 收线 #38
2026-06-30 18:30:39.161 | 钓到 奶粉(3689)(累计 75 次,鱼饵剩 143)
2026-06-30 18:30:39.161 | 钓到 豪華的嬰兒副食品(3690)(累计 76 次,鱼饵剩 142)
2026-06-30 18:31:16.762 | 收线 #39
2026-06-30 18:31:17.013 | 钓到 咕咕大力丸(3691)(累计 77 次,鱼饵剩 141)
2026-06-30 18:31:17.013 | 钓到 羽毛蛋(559)(累计 78 次,鱼饵剩 140)
2026-06-30 18:31:47.967 | 补货购买失败 進階擺攤(7899):HTTP Error 400: Bad Request
2026-06-30 18:31:54.481 | 收线 #40
2026-06-30 18:31:54.731 | 钓到 錢包(5500)(9248)(累计 79 次,鱼饵剩 139)
2026-06-30 18:31:54.731 | 钓到 咕咕-菜頭弟弟(132)(累计 80 次,鱼饵剩 138)
2026-06-30 18:32:32.321 | 收线 #41
2026-06-30 18:32:32.572 | 钓到 鑽石(434)(累计 81 次,鱼饵剩 137)
2026-06-30 18:32:32.572 | 钓到 豪華的嬰兒副食品(3690)(累计 82 次,鱼饵剩 136)
2026-06-30 18:33:11.150 | 收线 #42
2026-06-30 18:33:11.401 | 钓到 咕咕-不平凡的咕咕(109)(累计 83 次,鱼饵剩 135)
2026-06-30 18:33:11.401 | 钓到 咕咕-健康的咕咕(108)(累计 84 次,鱼饵剩 134)
2026-06-30 18:33:47.734 | 收线 #43
2026-06-30 18:33:47.984 | 钓到 咕咕-傻瓜咕咕(106)(累计 85 次,鱼饵剩 133)
2026-06-30 18:33:47.984 | 钓到 羽毛蛋(559)(累计 86 次,鱼饵剩 132)
2026-06-30 18:34:24.561 | 收线 #44
2026-06-30 18:34:24.811 | 钓到 豪華的嬰兒副食品(3690)(累计 87 次,鱼饵剩 131)
2026-06-30 18:34:24.811 | 钓到 豪華的嬰兒副食品(3690)(累计 88 次,鱼饵剩 130)
2026-06-30 18:35:02.147 | 收线 #45
2026-06-30 18:35:02.397 | 钓到 水晶(432)(累计 89 次,鱼饵剩 129)
2026-06-30 18:35:02.397 | 钓到 紅寶石(433)(累计 90 次,鱼饵剩 128)
2026-06-30 18:35:40.234 | 收线 #46
2026-06-30 18:35:40.485 | 钓到 錢包(5500)(9248)(累计 91 次,鱼饵剩 127)
2026-06-30 18:35:40.485 | 钓到 咕咕-花苞(135)(累计 92 次,鱼饵剩 126)
2026-06-30 18:36:18.831 | 收线 #47
2026-06-30 18:36:19.082 | 钓到 奶粉(3689)(累计 93 次,鱼饵剩 125)
2026-06-30 18:36:19.082 | 钓到 咕咕-小南瓜(133)(累计 94 次,鱼饵剩 124)
2026-06-30 18:36:47.673 | 补货购买失败 進階擺攤(7899):HTTP Error 400: Bad Request
2026-06-30 18:36:57.447 | 收线 #48
2026-06-30 18:36:57.698 | 钓到 咕咕-豆莢皮(134)(累计 95 次,鱼饵剩 123)
2026-06-30 18:36:57.698 | 钓到 咕咕大力丸(3691)(累计 96 次,鱼饵剩 122)
2026-06-30 18:37:35.778 | 收线 #49
2026-06-30 18:37:36.028 | 钓到 豪華的嬰兒副食品(3690)(累计 97 次,鱼饵剩 121)
2026-06-30 18:37:36.028 | 钓到 咕咕-小南瓜(133)(累计 98 次,鱼饵剩 120)
2026-06-30 18:38:13.108 | 收线 #50
2026-06-30 18:38:13.359 | 钓到 羽毛蛋(559)(累计 99 次,鱼饵剩 119)
2026-06-30 18:38:13.359 | 钓到 咕咕-豆莢皮(134)(累计 100 次,鱼饵剩 118)
2026-06-30 18:38:49.684 | 收线 #51
2026-06-30 18:38:49.935 | 钓到 羽毛蛋(559)(累计 101 次,鱼饵剩 117)
2026-06-30 18:38:49.935 | 钓到 水晶(432)(累计 102 次,鱼饵剩 116)
2026-06-30 18:39:28.515 | 收线 #52
2026-06-30 18:39:28.765 | 钓到 羽毛蛋(559)(累计 103 次,鱼饵剩 115)
2026-06-30 18:39:28.765 | 钓到 豪華的嬰兒副食品(3690)(累计 104 次,鱼饵剩 114)
2026-06-30 18:40:07.601 | 收线 #53
2026-06-30 18:40:07.851 | 钓到 咕咕-小南瓜(133)(累计 105 次,鱼饵剩 113)
2026-06-30 18:40:07.851 | 钓到 咕咕-菜頭弟弟(132)(累计 106 次,鱼饵剩 112)
2026-06-30 18:40:44.196 | 收线 #54
2026-06-30 18:40:44.447 | 钓到 咕咕-傻瓜咕咕(106)(累计 107 次,鱼饵剩 111)
2026-06-30 18:40:44.447 | 钓到 咕咕-豆莢皮(134)(累计 108 次,鱼饵剩 110)
2026-06-30 18:41:21.792 | 收线 #55
2026-06-30 18:41:22.043 | 钓到 豪華的嬰兒副食品(3690)(累计 109 次,鱼饵剩 109)
2026-06-30 18:41:22.043 | 钓到 粉紅鑽(3981)(累计 110 次,鱼饵剩 108)
2026-06-30 18:41:48.288 | 补货购买失败 進階擺攤(7899):HTTP Error 400: Bad Request
2026-06-30 18:41:58.557 | 收线 #56
2026-06-30 18:41:58.808 | 钓到 咕咕-不平凡的咕咕(109)(累计 111 次,鱼饵剩 107)
2026-06-30 18:41:58.808 | 钓到 羽毛蛋(559)(累计 112 次,鱼饵剩 106)
2026-06-30 18:42:35.642 | 收线 #57
2026-06-30 18:42:35.893 | 钓到 鑽石(434)(累计 113 次,鱼饵剩 105)
2026-06-30 18:42:35.893 | 钓到 錢包(5500)(9248)(累计 114 次,鱼饵剩 104)
2026-06-30 18:43:12.501 | 收线 #58
2026-06-30 18:43:12.751 | 钓到 粉紅鑽(3981)(累计 115 次,鱼饵剩 103)
2026-06-30 18:43:12.751 | 钓到 紅寶石(433)(累计 116 次,鱼饵剩 102)
2026-06-30 18:43:50.577 | 收线 #59
2026-06-30 18:43:50.828 | 钓到 羽毛蛋(559)(累计 117 次,鱼饵剩 101)
2026-06-30 18:43:50.828 | 钓到 豪華的嬰兒副食品(3690)(累计 118 次,鱼饵剩 100)
2026-06-30 18:44:26.908 | 收线 #60
2026-06-30 18:44:27.159 | 钓到 水晶(432)(累计 119 次,鱼饵剩 99)
2026-06-30 18:44:27.159 | 钓到 紅寶石(433)(累计 120 次,鱼饵剩 98)
2026-06-30 18:45:03.498 | 收线 #61
2026-06-30 18:45:03.749 | 钓到 豪華的嬰兒副食品(3690)(累计 121 次,鱼饵剩 97)
2026-06-30 18:45:03.749 | 钓到 錢包(5500)(9248)(累计 122 次,鱼饵剩 96)
2026-06-30 18:45:42.351 | 收线 #62
2026-06-30 18:45:42.602 | 钓到 咕咕-傻瓜咕咕(106)(累计 123 次,鱼饵剩 95)
2026-06-30 18:45:42.602 | 钓到 咕咕-健康的咕咕(108)(累计 124 次,鱼饵剩 94)
2026-06-30 18:46:19.694 | 收线 #63
2026-06-30 18:46:19.947 | 钓到 錢包(5500)(9248)(累计 125 次,鱼饵剩 93)
2026-06-30 18:46:19.947 | 钓到 咕咕-博士咕咕(107)(累计 126 次,鱼饵剩 92)
2026-06-30 18:46:48.124 | 补货购买失败 進階擺攤(7899):HTTP Error 400: Bad Request
2026-06-30 18:46:56.892 | 收线 #64
2026-06-30 18:46:57.143 | 钓到 咕咕-健康的咕咕(108)(累计 127 次,鱼饵剩 91)
2026-06-30 18:46:57.143 | 钓到 羽毛蛋(559)(累计 128 次,鱼饵剩 90)
2026-06-30 18:47:34.241 | 收线 #65
2026-06-30 18:47:34.492 | 钓到 鑽石(434)(累计 129 次,鱼饵剩 89)
2026-06-30 18:47:34.492 | 钓到 豪華的嬰兒副食品(3690)(累计 130 次,鱼饵剩 88)
2026-06-30 18:48:10.835 | 收线 #66
2026-06-30 18:48:11.085 | 钓到 羽毛蛋(559)(累计 131 次,鱼饵剩 87)
2026-06-30 18:48:11.085 | 钓到 蝙蝠翅膀蛋(558)(累计 132 次,鱼饵剩 86)
2026-06-30 18:48:49.174 | 收线 #67
2026-06-30 18:48:49.424 | 钓到 水晶(432)(累计 133 次,鱼饵剩 85)
2026-06-30 18:48:49.424 | 钓到 水晶(432)(累计 134 次,鱼饵剩 84)
2026-06-30 18:49:28.255 | 收线 #68
2026-06-30 18:49:28.506 | 钓到 咕咕-健康的咕咕(108)(累计 135 次,鱼饵剩 83)
2026-06-30 18:49:28.506 | 钓到 咕咕-菜頭弟弟(132)(累计 136 次,鱼饵剩 82)
2026-06-30 18:50:05.600 | 收线 #69
2026-06-30 18:50:05.851 | 钓到 錢包(5500)(9248)(累计 137 次,鱼饵剩 81)
2026-06-30 18:50:05.851 | 钓到 紅寶石(433)(累计 138 次,鱼饵剩 80)
2026-06-30 18:50:42.446 | 收线 #70
2026-06-30 18:50:42.697 | 钓到 錢包(5500)(9248)(累计 139 次,鱼饵剩 79)
2026-06-30 18:50:42.697 | 钓到 咕咕-傻瓜咕咕(106)(累计 140 次,鱼饵剩 78)
2026-06-30 18:51:20.037 | 收线 #71
2026-06-30 18:51:20.289 | 钓到 羽毛蛋(559)(累计 141 次,鱼饵剩 77)
2026-06-30 18:51:20.289 | 钓到 紅寶石(433)(累计 142 次,鱼饵剩 76)
2026-06-30 18:52:06.216 | 补货购买失败 進階擺攤(7899):HTTP Error 400: Bad Request
2026-06-30 18:52:06.468 | 收线 #72
2026-06-30 18:52:06.718 | 钓到 羽毛蛋(559)(累计 143 次,鱼饵剩 75)
2026-06-30 18:52:06.718 | 钓到 咕咕大力丸(3691)(累计 144 次,鱼饵剩 74)
