2026-06-30 17:40:51.803 | 上线 baligei2/baligei2
2026-06-30 17:40:51.803 | 当前金币 200,000
2026-06-30 17:40:51.854 | 抛竿 #1
2026-06-30 17:40:51.854 | 定时使用 背包擴充卷1(19113)
2026-06-30 17:40:51.854 | 定时使用 背包擴充卷2(21471)
2026-06-30 17:40:51.854 | 定时使用 背包擴充卷3(23189)
2026-06-30 17:40:52.729 | 补货购买失败 進階擺攤(7899):HTTP Error 400: Bad Request
2026-06-30 17:40:56.989 | 确认使用 背包擴充卷1(19113)(剩 0)
2026-06-30 17:40:56.990 | 确认使用 背包擴充卷2(21471)(剩 0)
2026-06-30 17:40:56.990 | 确认使用 背包擴充卷3(23189)(剩 0)
2026-06-30 17:41:30.820 | 收线 #1
2026-06-30 17:41:31.071 | 钓到 奶粉(3689)(累计 1 次,鱼饵剩 299)
2026-06-30 17:42:08.160 | 收线 #2
2026-06-30 17:42:08.411 | 钓到 奶粉(3689)(累计 2 次,鱼饵剩 298)
2026-06-30 17:42:44.991 | 收线 #3
2026-06-30 17:42:45.241 | 钓到 咕咕-小南瓜(133)(累计 3 次,鱼饵剩 297)
2026-06-30 17:43:23.575 | 收线 #4
2026-06-30 17:43:23.826 | 钓到 咕咕-不平凡的咕咕(109)(累计 4 次,鱼饵剩 296)
2026-06-30 17:44:02.647 | 收线 #5
2026-06-30 17:44:02.898 | 钓到 錢包(5500)(9248)(累计 5 次,鱼饵剩 295)
2026-06-30 17:44:40.737 | 收线 #6
2026-06-30 17:44:40.988 | 钓到 羽毛蛋(559)(累计 6 次,鱼饵剩 294)
2026-06-30 17:45:17.066 | 收线 #7
2026-06-30 17:45:17.317 | 钓到 錢包(5500)(9248)(累计 7 次,鱼饵剩 293)
2026-06-30 17:45:51.885 | 定时使用 黃金釣鉤(8030)
2026-06-30 17:46:14.183 | 补货购买失败 進階擺攤(7899):HTTP Error 400: Bad Request
2026-06-30 17:46:14.434 | 收线 #8
2026-06-30 17:46:14.685 | 钓到 咕咕-菜頭弟弟(132)(累计 8 次,鱼饵剩 292)
2026-06-30 17:46:14.685 | 钓到 咕咕-小南瓜(133)(累计 9 次,鱼饵剩 291)
2026-06-30 17:46:52.507 | 收线 #9
2026-06-30 17:46:52.758 | 钓到 蝙蝠翅膀蛋(558)(累计 10 次,鱼饵剩 290)
2026-06-30 17:46:52.758 | 钓到 羽毛蛋(559)(累计 11 次,鱼饵剩 289)
2026-06-30 17:47:29.597 | 收线 #10
2026-06-30 17:47:29.848 | 钓到 咕咕大力丸(3691)(累计 12 次,鱼饵剩 288)
2026-06-30 17:47:29.848 | 钓到 咕咕-豆莢皮(134)(累计 13 次,鱼饵剩 287)
2026-06-30 17:48:07.927 | 收线 #11
2026-06-30 17:48:08.178 | 钓到 豪華的嬰兒副食品(3690)(累计 14 次,鱼饵剩 286)
2026-06-30 17:48:08.178 | 钓到 咕咕-博士咕咕(107)(累计 15 次,鱼饵剩 285)
2026-06-30 17:48:46.511 | 收线 #12
2026-06-30 17:48:46.761 | 钓到 奶粉(3689)(累计 16 次,鱼饵剩 284)
2026-06-30 17:48:46.761 | 钓到 咕咕-健康的咕咕(108)(累计 17 次,鱼饵剩 283)
2026-06-30 17:49:24.841 | 收线 #13
2026-06-30 17:49:25.091 | 钓到 奶粉(3689)(累计 18 次,鱼饵剩 282)
2026-06-30 17:49:25.091 | 钓到 錢包(5500)(9248)(累计 19 次,鱼饵剩 281)
2026-06-30 17:50:03.174 | 收线 #14
2026-06-30 17:50:03.424 | 钓到 奶粉(3689)(累计 20 次,鱼饵剩 280)
2026-06-30 17:50:03.424 | 钓到 羽毛蛋(559)(累计 21 次,鱼饵剩 279)
2026-06-30 17:50:41.500 | 收线 #15
2026-06-30 17:50:41.751 | 钓到 咕咕-小南瓜(133)(累计 22 次,鱼饵剩 278)
2026-06-30 17:50:41.751 | 钓到 鑽石(434)(累计 23 次,鱼饵剩 277)
2026-06-30 17:51:13.575 | 补货购买失败 進階擺攤(7899):HTTP Error 400: Bad Request
2026-06-30 17:51:18.084 | 收线 #16
2026-06-30 17:51:18.334 | 钓到 粉紅鑽(3981)(累计 24 次,鱼饵剩 276)
2026-06-30 17:51:18.334 | 钓到 鑽石(434)(累计 25 次,鱼饵剩 275)
2026-06-30 17:51:54.667 | 收线 #17
2026-06-30 17:51:54.918 | 钓到 咕咕-傻瓜咕咕(106)(累计 26 次,鱼饵剩 274)
2026-06-30 17:51:54.918 | 钓到 錢包(5500)(9248)(累计 27 次,鱼饵剩 273)
2026-06-30 17:52:31.998 | 收线 #18
2026-06-30 17:52:32.249 | 钓到 豪華的嬰兒副食品(3690)(累计 28 次,鱼饵剩 272)
2026-06-30 17:52:32.249 | 钓到 粉紅鑽(3981)(累计 29 次,鱼饵剩 271)
2026-06-30 17:53:08.087 | 收线 #19
2026-06-30 17:53:08.337 | 钓到 咕咕-豆莢皮(134)(累计 30 次,鱼饵剩 270)
2026-06-30 17:53:08.338 | 钓到 羽毛蛋(559)(累计 31 次,鱼饵剩 269)
2026-06-30 17:53:46.165 | 收线 #20
2026-06-30 17:53:46.416 | 钓到 蝙蝠翅膀蛋(558)(累计 32 次,鱼饵剩 268)
2026-06-30 17:53:46.416 | 钓到 錢包(5500)(9248)(累计 33 次,鱼饵剩 267)
2026-06-30 17:54:24.743 | 收线 #21
2026-06-30 17:54:24.994 | 钓到 咕咕-小南瓜(133)(累计 34 次,鱼饵剩 266)
2026-06-30 17:54:24.994 | 钓到 粉紅鑽(3981)(累计 35 次,鱼饵剩 265)
2026-06-30 17:55:03.812 | 收线 #22
2026-06-30 17:55:04.063 | 钓到 紅寶石(433)(累计 36 次,鱼饵剩 264)
2026-06-30 17:55:04.063 | 钓到 豪華的嬰兒副食品(3690)(累计 37 次,鱼饵剩 263)
2026-06-30 17:55:40.660 | 收线 #23
2026-06-30 17:55:40.911 | 钓到 羽毛蛋(559)(累计 38 次,鱼饵剩 262)
2026-06-30 17:55:40.911 | 钓到 咕咕-菜頭弟弟(132)(累计 39 次,鱼饵剩 261)
2026-06-30 17:55:55.561 | 补货购买失败 進階擺攤(7899):HTTP Error 400: Bad Request
2026-06-30 17:56:17.109 | 收线 #24
2026-06-30 17:56:17.359 | 钓到 錢包(5500)(9248)(累计 40 次,鱼饵剩 260)
2026-06-30 17:56:17.359 | 钓到 錢包(5500)(9248)(累计 41 次,鱼饵剩 259)
2026-06-30 17:56:53.444 | 收线 #25
2026-06-30 17:56:53.694 | 钓到 粉紅鑽(3981)(累计 42 次,鱼饵剩 258)
2026-06-30 17:56:53.694 | 钓到 鑽石(434)(累计 43 次,鱼饵剩 257)
2026-06-30 17:57:31.276 | 收线 #26
2026-06-30 17:57:31.527 | 钓到 水晶(432)(累计 44 次,鱼饵剩 256)
2026-06-30 17:57:31.527 | 钓到 羽毛蛋(559)(累计 45 次,鱼饵剩 255)
2026-06-30 17:58:08.607 | 收线 #27
2026-06-30 17:58:08.857 | 钓到 羽毛蛋(559)(累计 46 次,鱼饵剩 254)
2026-06-30 17:58:08.857 | 钓到 咕咕-花苞(135)(累计 47 次,鱼饵剩 253)
2026-06-30 17:58:47.186 | 收线 #28
2026-06-30 17:58:47.437 | 钓到 奶粉(3689)(累计 48 次,鱼饵剩 252)
2026-06-30 17:58:47.437 | 钓到 羽毛蛋(559)(累计 49 次,鱼饵剩 251)
2026-06-30 17:59:25.775 | 收线 #29
2026-06-30 17:59:26.026 | 钓到 咕咕-菜頭弟弟(132)(累计 50 次,鱼饵剩 250)
2026-06-30 17:59:26.026 | 钓到 水晶(432)(累计 51 次,鱼饵剩 249)
2026-06-30 18:00:03.107 | 收线 #30
2026-06-30 18:00:03.357 | 钓到 羽毛蛋(559)(累计 52 次,鱼饵剩 248)
2026-06-30 18:00:03.357 | 钓到 羽毛蛋(559)(累计 53 次,鱼饵剩 247)
2026-06-30 18:00:40.957 | 收线 #31
2026-06-30 18:00:41.208 | 钓到 咕咕-豆莢皮(134)(累计 54 次,鱼饵剩 246)
2026-06-30 18:00:41.208 | 钓到 豪華的嬰兒副食品(3690)(累计 55 次,鱼饵剩 245)
2026-06-30 18:02:35.961 | 上线 baligei2/baligei2
2026-06-30 18:02:35.961 | 当前金币 200,000
2026-06-30 18:02:36.013 | 抛竿 #1
2026-06-30 18:17:56.629 | 上线 baligei2/baligei2
2026-06-30 18:17:56.630 | 当前金币 200,000
2026-06-30 18:17:56.681 | 抛竿 #1
2026-06-30 18:17:57.527 | 补货购买失败 進階擺攤(7899):HTTP Error 400: Bad Request
2026-06-30 18:18:34.854 | 收线 #1
2026-06-30 18:18:35.105 | 钓到 咕咕-豆莢皮(134)(累计 1 次,鱼饵剩 244)
2026-06-30 18:18:35.105 | 钓到 羽毛蛋(559)(累计 2 次,鱼饵剩 243)
2026-06-30 18:19:11.956 | 收线 #2
2026-06-30 18:19:12.206 | 钓到 咕咕-不平凡的咕咕(109)(累计 3 次,鱼饵剩 242)
2026-06-30 18:19:12.206 | 钓到 咕咕-博士咕咕(107)(累计 4 次,鱼饵剩 241)
2026-06-30 18:19:49.547 | 收线 #3
2026-06-30 18:19:49.799 | 钓到 羽毛蛋(559)(累计 5 次,鱼饵剩 240)
2026-06-30 18:19:49.799 | 钓到 錢包(5500)(9248)(累计 6 次,鱼饵剩 239)
2026-06-30 18:20:27.632 | 收线 #4
2026-06-30 18:20:27.883 | 钓到 蝙蝠翅膀蛋(558)(累计 7 次,鱼饵剩 238)
2026-06-30 18:20:27.883 | 钓到 粉紅鑽(3981)(累计 8 次,鱼饵剩 237)
2026-06-30 18:21:06.726 | 收线 #5
2026-06-30 18:21:06.977 | 钓到 咕咕大力丸(3691)(累计 9 次,鱼饵剩 236)
2026-06-30 18:21:06.977 | 钓到 鑽石(434)(累计 10 次,鱼饵剩 235)
2026-06-30 18:21:44.571 | 收线 #6
2026-06-30 18:21:44.821 | 钓到 咕咕-小南瓜(133)(累计 11 次,鱼饵剩 234)
2026-06-30 18:21:44.821 | 钓到 水晶(432)(累计 12 次,鱼饵剩 233)
2026-06-30 18:22:21.426 | 收线 #7
2026-06-30 18:22:21.677 | 钓到 水晶(432)(累计 13 次,鱼饵剩 232)
2026-06-30 18:22:21.677 | 钓到 咕咕-博士咕咕(107)(累计 14 次,鱼饵剩 231)
2026-06-30 18:22:58.110 | 泡点购买 進階擺攤(7899) x1
2026-06-30 18:22:58.362 | 补货搬运 進階擺攤(7899) x1
2026-06-30 18:22:59.616 | 收线 #8
2026-06-30 18:22:59.866 | 钓到 豪華的嬰兒副食品(3690)(累计 15 次,鱼饵剩 230)
2026-06-30 18:22:59.866 | 钓到 咕咕大力丸(3691)(累计 16 次,鱼饵剩 229)
2026-06-30 18:23:36.214 | 收线 #9
2026-06-30 18:23:36.465 | 钓到 咕咕大力丸(3691)(累计 17 次,鱼饵剩 228)
2026-06-30 18:23:36.465 | 钓到 豪華的嬰兒副食品(3690)(累计 18 次,鱼饵剩 227)
2026-06-30 18:24:13.314 | 收线 #10
2026-06-30 18:24:13.565 | 钓到 粉紅鑽(3981)(累计 19 次,鱼饵剩 226)
2026-06-30 18:24:13.565 | 钓到 粉紅鑽(3981)(累计 20 次,鱼饵剩 225)
2026-06-30 18:24:50.898 | 收线 #11
2026-06-30 18:24:51.149 | 钓到 咕咕-菜頭弟弟(132)(累计 21 次,鱼饵剩 224)
2026-06-30 18:24:51.149 | 钓到 錢包(5500)(9248)(累计 22 次,鱼饵剩 223)
2026-06-30 18:25:29.999 | 收线 #12
2026-06-30 18:25:30.251 | 钓到 粉紅鑽(3981)(累计 23 次,鱼饵剩 222)
2026-06-30 18:25:30.251 | 钓到 水晶(432)(累计 24 次,鱼饵剩 221)
2026-06-30 18:26:07.845 | 收线 #13
2026-06-30 18:26:08.096 | 钓到 咕咕-菜頭弟弟(132)(累计 25 次,鱼饵剩 220)
2026-06-30 18:26:08.096 | 钓到 水晶(432)(累计 26 次,鱼饵剩 219)
2026-06-30 18:26:44.690 | 收线 #14
2026-06-30 18:26:44.940 | 钓到 奶粉(3689)(累计 27 次,鱼饵剩 218)
2026-06-30 18:26:44.940 | 钓到 咕咕-不平凡的咕咕(109)(累计 28 次,鱼饵剩 217)
2026-06-30 18:27:23.773 | 收线 #15
2026-06-30 18:27:24.023 | 钓到 鑽石(434)(累计 29 次,鱼饵剩 216)
2026-06-30 18:27:24.023 | 钓到 咕咕-花苞(135)(累计 30 次,鱼饵剩 215)
2026-06-30 18:27:56.853 | 定时使用 進階擺攤(7899)
2026-06-30 18:27:58.869 | 补货购买失败 進階擺攤(7899):HTTP Error 400: Bad Request
2026-06-30 18:28:00.624 | 收线 #16
2026-06-30 18:28:00.874 | 钓到 咕咕-小南瓜(133)(累计 31 次,鱼饵剩 214)
2026-06-30 18:28:00.874 | 钓到 咕咕-健康的咕咕(108)(累计 32 次,鱼饵剩 213)
2026-06-30 18:28:38.714 | 收线 #17
2026-06-30 18:28:38.965 | 钓到 奶粉(3689)(累计 33 次,鱼饵剩 212)
2026-06-30 18:28:38.965 | 钓到 錢包(5500)(9248)(累计 34 次,鱼饵剩 211)
2026-06-30 18:29:15.307 | 收线 #18
2026-06-30 18:29:15.558 | 钓到 豪華的嬰兒副食品(3690)(累计 35 次,鱼饵剩 210)
2026-06-30 18:29:15.558 | 钓到 錢包(5500)(9248)(累计 36 次,鱼饵剩 209)
2026-06-30 18:29:54.148 | 收线 #19
2026-06-30 18:29:54.398 | 钓到 咕咕-花苞(135)(累计 37 次,鱼饵剩 208)
2026-06-30 18:29:54.399 | 钓到 羽毛蛋(559)(累计 38 次,鱼饵剩 207)
2026-06-30 18:30:31.482 | 收线 #20
2026-06-30 18:30:31.732 | 钓到 水晶(432)(累计 39 次,鱼饵剩 206)
2026-06-30 18:30:31.732 | 钓到 紅寶石(433)(累计 40 次,鱼饵剩 205)
2026-06-30 18:31:10.572 | 收线 #21
2026-06-30 18:31:10.824 | 钓到 咕咕-不平凡的咕咕(109)(累计 41 次,鱼饵剩 204)
2026-06-30 18:31:10.824 | 钓到 粉紅鑽(3981)(累计 42 次,鱼饵剩 203)
2026-06-30 18:31:49.425 | 收线 #22
2026-06-30 18:31:49.676 | 钓到 粉紅鑽(3981)(累计 43 次,鱼饵剩 202)
2026-06-30 18:31:49.676 | 钓到 豪華的嬰兒副食品(3690)(累计 44 次,鱼饵剩 201)
2026-06-30 18:32:25.765 | 收线 #23
2026-06-30 18:32:26.016 | 钓到 水晶(432)(累计 45 次,鱼饵剩 200)
2026-06-30 18:32:26.016 | 钓到 豪華的嬰兒副食品(3690)(累计 46 次,鱼饵剩 199)
2026-06-30 18:32:58.662 | 补货购买失败 進階擺攤(7899):HTTP Error 400: Bad Request
2026-06-30 18:33:03.923 | 收线 #24
2026-06-30 18:33:04.174 | 钓到 鑽石(434)(累计 47 次,鱼饵剩 198)
2026-06-30 18:33:04.174 | 钓到 咕咕-花苞(135)(累计 48 次,鱼饵剩 197)
2026-06-30 18:33:40.246 | 收线 #25
2026-06-30 18:33:40.497 | 钓到 粉紅鑽(3981)(累计 49 次,鱼饵剩 196)
2026-06-30 18:33:40.497 | 钓到 水晶(432)(累计 50 次,鱼饵剩 195)
2026-06-30 18:34:17.836 | 收线 #26
2026-06-30 18:34:18.088 | 钓到 奶粉(3689)(累计 51 次,鱼饵剩 194)
2026-06-30 18:34:18.088 | 钓到 咕咕-小南瓜(133)(累计 52 次,鱼饵剩 193)
2026-06-30 18:34:56.922 | 收线 #27
2026-06-30 18:34:57.173 | 钓到 咕咕-博士咕咕(107)(累计 53 次,鱼饵剩 192)
2026-06-30 18:34:57.173 | 钓到 粉紅鑽(3981)(累计 54 次,鱼饵剩 191)
2026-06-30 18:35:35.761 | 收线 #28
2026-06-30 18:35:36.012 | 钓到 奶粉(3689)(累计 55 次,鱼饵剩 190)
2026-06-30 18:35:36.012 | 钓到 豪華的嬰兒副食品(3690)(累计 56 次,鱼饵剩 189)
2026-06-30 18:36:14.356 | 收线 #29
2026-06-30 18:36:14.607 | 钓到 咕咕-博士咕咕(107)(累计 57 次,鱼饵剩 188)
2026-06-30 18:36:14.607 | 钓到 水晶(432)(累计 58 次,鱼饵剩 187)
2026-06-30 18:36:52.455 | 收线 #30
2026-06-30 18:36:52.705 | 钓到 咕咕-花苞(135)(累计 59 次,鱼饵剩 186)
2026-06-30 18:36:52.705 | 钓到 錢包(5500)(9248)(累计 60 次,鱼饵剩 185)
2026-06-30 18:37:29.038 | 收线 #31
2026-06-30 18:37:29.288 | 钓到 羽毛蛋(559)(累计 61 次,鱼饵剩 184)
2026-06-30 18:37:29.288 | 钓到 紅寶石(433)(累计 62 次,鱼饵剩 183)
2026-06-30 18:37:58.723 | 补货购买失败 進階擺攤(7899):HTTP Error 400: Bad Request
2026-06-30 18:38:05.988 | 收线 #32
2026-06-30 18:38:06.239 | 钓到 粉紅鑽(3981)(累计 63 次,鱼饵剩 182)
2026-06-30 18:38:06.239 | 钓到 紅寶石(433)(累计 64 次,鱼饵剩 181)
2026-06-30 18:38:45.077 | 收线 #33
2026-06-30 18:38:45.327 | 钓到 錢包(5500)(9248)(累计 65 次,鱼饵剩 180)
2026-06-30 18:38:45.327 | 钓到 奶粉(3689)(累计 66 次,鱼饵剩 179)
2026-06-30 18:39:21.677 | 收线 #34
2026-06-30 18:39:21.928 | 钓到 咕咕-健康的咕咕(108)(累计 67 次,鱼饵剩 178)
2026-06-30 18:39:21.929 | 钓到 豪華的嬰兒副食品(3690)(累计 68 次,鱼饵剩 177)
2026-06-30 18:39:58.511 | 收线 #35
2026-06-30 18:39:58.762 | 钓到 豪華的嬰兒副食品(3690)(累计 69 次,鱼饵剩 176)
2026-06-30 18:39:58.762 | 钓到 蝙蝠翅膀蛋(558)(累计 70 次,鱼饵剩 175)
2026-06-30 18:40:35.105 | 收线 #36
2026-06-30 18:40:35.356 | 钓到 蝙蝠翅膀蛋(558)(累计 71 次,鱼饵剩 174)
2026-06-30 18:40:35.356 | 钓到 羽毛蛋(559)(累计 72 次,鱼饵剩 173)
2026-06-30 18:41:12.202 | 收线 #37
2026-06-30 18:41:12.452 | 钓到 羽毛蛋(559)(累计 73 次,鱼饵剩 172)
2026-06-30 18:41:12.452 | 钓到 錢包(5500)(9248)(累计 74 次,鱼饵剩 171)
2026-06-30 18:41:49.049 | 收线 #38
2026-06-30 18:41:49.299 | 钓到 豪華的嬰兒副食品(3690)(累计 75 次,鱼饵剩 170)
2026-06-30 18:41:49.299 | 钓到 粉紅鑽(3981)(累计 76 次,鱼饵剩 169)
2026-06-30 18:42:26.383 | 收线 #39
2026-06-30 18:42:26.634 | 钓到 咕咕-菜頭弟弟(132)(累计 77 次,鱼饵剩 168)
2026-06-30 18:42:26.634 | 钓到 水晶(432)(累计 78 次,鱼饵剩 167)
2026-06-30 18:42:59.294 | 补货购买失败 進階擺攤(7899):HTTP Error 400: Bad Request
2026-06-30 18:43:03.055 | 收线 #40
2026-06-30 18:43:03.306 | 钓到 奶粉(3689)(累计 79 次,鱼饵剩 166)
2026-06-30 18:43:03.306 | 钓到 豪華的嬰兒副食品(3690)(累计 80 次,鱼饵剩 165)
2026-06-30 18:43:39.884 | 收线 #41
2026-06-30 18:43:40.135 | 钓到 錢包(5500)(9248)(累计 81 次,鱼饵剩 164)
2026-06-30 18:43:40.135 | 钓到 奶粉(3689)(累计 82 次,鱼饵剩 163)
2026-06-30 18:44:17.964 | 收线 #42
2026-06-30 18:44:18.215 | 钓到 水晶(432)(累计 83 次,鱼饵剩 162)
2026-06-30 18:44:18.215 | 钓到 水晶(432)(累计 84 次,鱼饵剩 161)
2026-06-30 18:44:56.557 | 收线 #43
2026-06-30 18:44:56.808 | 钓到 咕咕-花苞(135)(累计 85 次,鱼饵剩 160)
2026-06-30 18:44:56.808 | 钓到 咕咕-不平凡的咕咕(109)(累计 86 次,鱼饵剩 159)
2026-06-30 18:45:33.392 | 收线 #44
2026-06-30 18:45:33.643 | 钓到 奶粉(3689)(累计 87 次,鱼饵剩 158)
2026-06-30 18:45:33.643 | 钓到 豪華的嬰兒副食品(3690)(累计 88 次,鱼饵剩 157)
2026-06-30 18:46:10.463 | 收线 #45
2026-06-30 18:46:10.715 | 钓到 咕咕-不平凡的咕咕(109)(累计 89 次,鱼饵剩 156)
2026-06-30 18:46:10.715 | 钓到 鑽石(434)(累计 90 次,鱼饵剩 155)
2026-06-30 18:46:48.573 | 收线 #46
2026-06-30 18:46:48.823 | 钓到 粉紅鑽(3981)(累计 91 次,鱼饵剩 154)
2026-06-30 18:46:48.823 | 钓到 羽毛蛋(559)(累计 92 次,鱼饵剩 153)
2026-06-30 18:47:25.665 | 收线 #47
2026-06-30 18:47:25.915 | 钓到 豪華的嬰兒副食品(3690)(累计 93 次,鱼饵剩 152)
2026-06-30 18:47:25.916 | 钓到 錢包(5500)(9248)(累计 94 次,鱼饵剩 151)
2026-06-30 18:48:08.324 | 补货购买失败 進階擺攤(7899):HTTP Error 400: Bad Request
2026-06-30 18:48:08.577 | 收线 #48
2026-06-30 18:48:08.829 | 钓到 咕咕-豆莢皮(134)(累计 95 次,鱼饵剩 150)
2026-06-30 18:48:08.829 | 钓到 咕咕-健康的咕咕(108)(累计 96 次,鱼饵剩 149)
2026-06-30 18:48:45.926 | 收线 #49
2026-06-30 18:48:46.177 | 钓到 奶粉(3689)(累计 97 次,鱼饵剩 148)
2026-06-30 18:48:46.177 | 钓到 水晶(432)(累计 98 次,鱼饵剩 147)
2026-06-30 18:49:24.019 | 收线 #50
2026-06-30 18:49:24.270 | 钓到 咕咕-豆莢皮(134)(累计 99 次,鱼饵剩 146)
2026-06-30 18:49:24.270 | 钓到 咕咕-豆莢皮(134)(累计 100 次,鱼饵剩 145)
2026-06-30 18:50:00.859 | 收线 #51
2026-06-30 18:50:01.110 | 钓到 鑽石(434)(累计 101 次,鱼饵剩 144)
2026-06-30 18:50:01.110 | 钓到 奶粉(3689)(累计 102 次,鱼饵剩 143)
2026-06-30 18:50:38.200 | 收线 #52
2026-06-30 18:50:38.451 | 钓到 鑽石(434)(累计 103 次,鱼饵剩 142)
2026-06-30 18:50:38.451 | 钓到 奶粉(3689)(累计 104 次,鱼饵剩 141)
2026-06-30 18:51:14.786 | 收线 #53
2026-06-30 18:51:15.039 | 钓到 奶粉(3689)(累计 105 次,鱼饵剩 140)
2026-06-30 18:51:15.040 | 钓到 豪華的嬰兒副食品(3690)(累计 106 次,鱼饵剩 139)
2026-06-30 18:51:53.377 | 收线 #54
2026-06-30 18:51:53.628 | 钓到 咕咕-傻瓜咕咕(106)(累计 107 次,鱼饵剩 138)
2026-06-30 18:51:53.628 | 钓到 紅寶石(433)(累计 108 次,鱼饵剩 137)
2026-06-30 18:52:29.952 | 下线 baligei2/baligei2
2026-06-30 19:00:29.455 | 上线 baligei2/baligei2
2026-06-30 19:00:29.455 | 当前金币 200,000
2026-06-30 19:00:29.506 | 抛竿 #1
2026-06-30 19:00:30.589 | 补货购买失败 進階擺攤(7899):HTTP Error 400: Bad Request
2026-06-30 19:00:39.605 | 下线 baligei2/baligei2
