2026-06-30 17:25:08.795 | 上线 baligei1/baligei1
2026-06-30 17:25:08.796 | 当前金币 200,000
2026-06-30 17:25:08.847 | 抛竿 #1
2026-06-30 17:25:08.847 | 定时使用 背包擴充卷1(19113)
2026-06-30 17:25:08.847 | 定时使用 背包擴充卷2(21471)
2026-06-30 17:25:08.847 | 定时使用 背包擴充卷3(23189)
2026-06-30 17:25:21.217 | 补货购买失败 進階擺攤(7899):HTTP Error 400: Bad Request
2026-06-30 17:25:21.469 | 确认使用 背包擴充卷1(19113)(剩 0)
2026-06-30 17:25:21.469 | 确认使用 背包擴充卷2(21471)(剩 0)
2026-06-30 17:25:21.470 | 确认使用 背包擴充卷3(23189)(剩 0)
2026-06-30 17:25:47.268 | 收线 #1
2026-06-30 17:25:47.519 | 钓到 紅寶石(433)(累计 1 次,鱼饵剩 299)
2026-06-30 17:26:24.844 | 收线 #2
2026-06-30 17:26:25.095 | 钓到 咕咕-小南瓜(133)(累计 2 次,鱼饵剩 298)
2026-06-30 17:27:01.421 | 收线 #3
2026-06-30 17:27:01.672 | 钓到 羽毛蛋(559)(累计 3 次,鱼饵剩 297)
2026-06-30 17:27:39.003 | 收线 #4
2026-06-30 17:27:39.254 | 钓到 咕咕-不平凡的咕咕(109)(累计 4 次,鱼饵剩 296)
2026-06-30 17:28:15.090 | 收线 #5
2026-06-30 17:28:15.341 | 钓到 鑽石(434)(累计 5 次,鱼饵剩 295)
2026-06-30 17:28:52.423 | 收线 #6
2026-06-30 17:28:52.673 | 钓到 錢包(5500)(9248)(累计 6 次,鱼饵剩 294)
2026-06-30 17:29:30.259 | 收线 #7
2026-06-30 17:29:30.509 | 钓到 豪華的嬰兒副食品(3690)(累计 7 次,鱼饵剩 293)
2026-06-30 17:30:06.587 | 收线 #8
2026-06-30 17:30:06.838 | 钓到 紅寶石(433)(累计 8 次,鱼饵剩 292)
2026-06-30 17:30:08.841 | 定时使用 黃金釣鉤(8030)
2026-06-30 17:30:19.233 | 补货购买失败 進階擺攤(7899):HTTP Error 400: Bad Request
2026-06-30 17:30:44.029 | 收线 #9
2026-06-30 17:30:44.280 | 钓到 咕咕-不平凡的咕咕(109)(累计 9 次,鱼饵剩 291)
2026-06-30 17:30:44.280 | 钓到 咕咕-傻瓜咕咕(106)(累计 10 次,鱼饵剩 290)
2026-06-30 17:31:22.858 | 收线 #10
2026-06-30 17:31:23.109 | 钓到 羽毛蛋(559)(累计 11 次,鱼饵剩 289)
2026-06-30 17:31:23.109 | 钓到 錢包(5500)(9248)(累计 12 次,鱼饵剩 288)
2026-06-30 17:32:01.184 | 收线 #11
2026-06-30 17:32:01.434 | 钓到 粉紅鑽(3981)(累计 13 次,鱼饵剩 287)
2026-06-30 17:32:01.434 | 钓到 咕咕-小南瓜(133)(累计 14 次,鱼饵剩 286)
2026-06-30 17:32:39.769 | 收线 #12
2026-06-30 17:32:40.020 | 钓到 豪華的嬰兒副食品(3690)(累计 15 次,鱼饵剩 285)
2026-06-30 17:32:40.020 | 钓到 紅寶石(433)(累计 16 次,鱼饵剩 284)
2026-06-30 17:33:16.100 | 收线 #13
2026-06-30 17:33:16.351 | 钓到 蝙蝠翅膀蛋(558)(累计 17 次,鱼饵剩 283)
2026-06-30 17:33:16.351 | 钓到 水晶(432)(累计 18 次,鱼饵剩 282)
2026-06-30 17:33:53.429 | 收线 #14
2026-06-30 17:33:53.680 | 钓到 咕咕-健康的咕咕(108)(累计 19 次,鱼饵剩 281)
2026-06-30 17:33:53.680 | 钓到 咕咕-不平凡的咕咕(109)(累计 20 次,鱼饵剩 280)
2026-06-30 17:34:32.265 | 收线 #15
2026-06-30 17:34:32.516 | 钓到 咕咕-小南瓜(133)(累计 21 次,鱼饵剩 279)
2026-06-30 17:34:32.516 | 钓到 錢包(5500)(9248)(累计 22 次,鱼饵剩 278)
2026-06-30 17:35:10.190 | 补货购买失败 進階擺攤(7899):HTTP Error 400: Bad Request
2026-06-30 17:35:10.441 | 收线 #16
2026-06-30 17:35:10.692 | 钓到 咕咕-豆莢皮(134)(累计 23 次,鱼饵剩 277)
2026-06-30 17:35:10.692 | 钓到 咕咕-豆莢皮(134)(累计 24 次,鱼饵剩 276)
2026-06-30 17:35:49.020 | 收线 #17
2026-06-30 17:35:49.271 | 钓到 咕咕-豆莢皮(134)(累计 25 次,鱼饵剩 275)
2026-06-30 17:35:49.271 | 钓到 咕咕-豆莢皮(134)(累计 26 次,鱼饵剩 274)
2026-06-30 17:36:27.851 | 收线 #18
2026-06-30 17:36:28.102 | 钓到 咕咕-健康的咕咕(108)(累计 27 次,鱼饵剩 273)
2026-06-30 17:36:28.102 | 钓到 咕咕-豆莢皮(134)(累计 28 次,鱼饵剩 272)
2026-06-30 17:37:05.928 | 收线 #19
2026-06-30 17:37:06.179 | 钓到 鑽石(434)(累计 29 次,鱼饵剩 271)
2026-06-30 17:37:06.179 | 钓到 水晶(432)(累计 30 次,鱼饵剩 270)
2026-06-30 17:37:44.762 | 收线 #20
2026-06-30 17:37:45.013 | 钓到 咕咕大力丸(3691)(累计 31 次,鱼饵剩 269)
2026-06-30 17:37:45.013 | 钓到 咕咕大力丸(3691)(累计 32 次,鱼饵剩 268)
2026-06-30 17:38:23.097 | 收线 #21
2026-06-30 17:38:23.348 | 钓到 咕咕大力丸(3691)(累计 33 次,鱼饵剩 267)
2026-06-30 17:38:23.348 | 钓到 錢包(5500)(9248)(累计 34 次,鱼饵剩 266)
2026-06-30 17:39:00.171 | 收线 #22
2026-06-30 17:39:00.422 | 钓到 咕咕-菜頭弟弟(132)(累计 35 次,鱼饵剩 265)
2026-06-30 17:39:00.422 | 钓到 鑽石(434)(累计 36 次,鱼饵剩 264)
2026-06-30 17:39:37.751 | 收线 #23
2026-06-30 17:39:38.002 | 钓到 咕咕-小南瓜(133)(累计 37 次,鱼饵剩 263)
2026-06-30 17:39:38.002 | 钓到 水晶(432)(累计 38 次,鱼饵剩 262)
2026-06-30 17:40:10.363 | 补货购买失败 進階擺攤(7899):HTTP Error 400: Bad Request
2026-06-30 17:40:16.126 | 收线 #24
2026-06-30 17:40:16.377 | 钓到 粉紅鑽(3981)(累计 39 次,鱼饵剩 261)
2026-06-30 17:40:16.377 | 钓到 奶粉(3689)(累计 40 次,鱼饵剩 260)
2026-06-30 17:40:54.203 | 收线 #25
2026-06-30 17:40:54.454 | 钓到 羽毛蛋(559)(累计 41 次,鱼饵剩 259)
2026-06-30 17:40:54.454 | 钓到 咕咕-豆莢皮(134)(累计 42 次,鱼饵剩 258)
2026-06-30 17:41:30.535 | 收线 #26
2026-06-30 17:41:30.786 | 钓到 咕咕-花苞(135)(累计 43 次,鱼饵剩 257)
2026-06-30 17:41:30.786 | 钓到 豪華的嬰兒副食品(3690)(累计 44 次,鱼饵剩 256)
2026-06-30 17:42:07.613 | 收线 #27
2026-06-30 17:42:07.863 | 钓到 鑽石(434)(累计 45 次,鱼饵剩 255)
2026-06-30 17:42:07.863 | 钓到 咕咕-傻瓜咕咕(106)(累计 46 次,鱼饵剩 254)
2026-06-30 17:42:44.193 | 收线 #28
2026-06-30 17:42:44.446 | 钓到 咕咕-豆莢皮(134)(累计 47 次,鱼饵剩 253)
2026-06-30 17:42:44.446 | 钓到 紅寶石(433)(累计 48 次,鱼饵剩 252)
2026-06-30 17:43:22.530 | 收线 #29
2026-06-30 17:43:22.782 | 钓到 咕咕-花苞(135)(累计 49 次,鱼饵剩 251)
2026-06-30 17:43:22.782 | 钓到 羽毛蛋(559)(累计 50 次,鱼饵剩 250)
2026-06-30 17:43:59.350 | 收线 #30
2026-06-30 17:43:59.601 | 钓到 錢包(5500)(9248)(累计 51 次,鱼饵剩 249)
2026-06-30 17:43:59.601 | 钓到 咕咕-不平凡的咕咕(109)(累计 52 次,鱼饵剩 248)
2026-06-30 17:44:36.176 | 收线 #31
2026-06-30 17:44:36.427 | 钓到 咕咕-花苞(135)(累计 53 次,鱼饵剩 247)
2026-06-30 17:44:36.427 | 钓到 水晶(432)(累计 54 次,鱼饵剩 246)
2026-06-30 17:45:10.588 | 补货购买失败 進階擺攤(7899):HTTP Error 400: Bad Request
2026-06-30 17:45:14.596 | 收线 #32
2026-06-30 17:45:14.847 | 钓到 水晶(432)(累计 55 次,鱼饵剩 245)
2026-06-30 17:45:14.847 | 钓到 羽毛蛋(559)(累计 56 次,鱼饵剩 244)
2026-06-30 17:45:51.688 | 收线 #33
2026-06-30 17:45:51.938 | 钓到 鑽石(434)(累计 57 次,鱼饵剩 243)
2026-06-30 17:45:51.938 | 钓到 咕咕-小南瓜(133)(累计 58 次,鱼饵剩 242)
2026-06-30 17:46:29.020 | 收线 #34
2026-06-30 17:46:29.271 | 钓到 錢包(5500)(9248)(累计 59 次,鱼饵剩 241)
2026-06-30 17:46:29.271 | 钓到 咕咕大力丸(3691)(累计 60 次,鱼饵剩 240)
2026-06-30 17:47:08.103 | 收线 #35
2026-06-30 17:47:08.354 | 钓到 豪華的嬰兒副食品(3690)(累计 61 次,鱼饵剩 239)
2026-06-30 17:47:08.354 | 钓到 錢包(5500)(9248)(累计 62 次,鱼饵剩 238)
2026-06-30 17:47:46.926 | 收线 #36
2026-06-30 17:47:47.177 | 钓到 豪華的嬰兒副食品(3690)(累计 63 次,鱼饵剩 237)
2026-06-30 17:47:47.177 | 钓到 水晶(432)(累计 64 次,鱼饵剩 236)
2026-06-30 17:48:26.032 | 收线 #37
2026-06-30 17:48:26.283 | 钓到 羽毛蛋(559)(累计 65 次,鱼饵剩 235)
2026-06-30 17:48:26.283 | 钓到 奶粉(3689)(累计 66 次,鱼饵剩 234)
2026-06-30 17:49:02.865 | 收线 #38
2026-06-30 17:49:03.116 | 钓到 鑽石(434)(累计 67 次,鱼饵剩 233)
2026-06-30 17:49:03.116 | 钓到 錢包(5500)(9248)(累计 68 次,鱼饵剩 232)
2026-06-30 17:49:39.444 | 收线 #39
2026-06-30 17:49:39.694 | 钓到 咕咕-豆莢皮(134)(累计 69 次,鱼饵剩 231)
2026-06-30 17:49:39.694 | 钓到 紅寶石(433)(累计 70 次,鱼饵剩 230)
2026-06-30 17:50:10.718 | 泡点购买 進階擺攤(7899) x1
2026-06-30 17:50:10.969 | 补货搬运 進階擺攤(7899) x1
2026-06-30 17:50:16.228 | 收线 #40
2026-06-30 17:50:16.479 | 钓到 咕咕-豆莢皮(134)(累计 71 次,鱼饵剩 229)
2026-06-30 17:50:16.479 | 钓到 咕咕-小南瓜(133)(累计 72 次,鱼饵剩 228)
2026-06-30 17:50:53.068 | 收线 #41
2026-06-30 17:50:53.319 | 钓到 豪華的嬰兒副食品(3690)(累计 73 次,鱼饵剩 227)
2026-06-30 17:50:53.319 | 钓到 咕咕-傻瓜咕咕(106)(累计 74 次,鱼饵剩 226)
2026-06-30 17:51:30.147 | 收线 #42
2026-06-30 17:51:30.398 | 钓到 紅寶石(433)(累计 75 次,鱼饵剩 225)
2026-06-30 17:51:30.398 | 钓到 咕咕-健康的咕咕(108)(累计 76 次,鱼饵剩 224)
2026-06-30 17:52:08.495 | 收线 #43
2026-06-30 17:52:08.746 | 钓到 咕咕-菜頭弟弟(132)(累计 77 次,鱼饵剩 223)
2026-06-30 17:52:08.746 | 钓到 水晶(432)(累计 78 次,鱼饵剩 222)
2026-06-30 17:52:47.071 | 收线 #44
2026-06-30 17:52:47.322 | 钓到 咕咕-菜頭弟弟(132)(累计 79 次,鱼饵剩 221)
2026-06-30 17:52:47.322 | 钓到 咕咕-小南瓜(133)(累计 80 次,鱼饵剩 220)
2026-06-30 17:53:23.410 | 收线 #45
2026-06-30 17:53:23.661 | 钓到 豪華的嬰兒副食品(3690)(累计 81 次,鱼饵剩 219)
2026-06-30 17:53:23.661 | 钓到 奶粉(3689)(累计 82 次,鱼饵剩 218)
2026-06-30 17:54:01.748 | 收线 #46
2026-06-30 17:54:01.998 | 钓到 咕咕-傻瓜咕咕(106)(累计 83 次,鱼饵剩 217)
2026-06-30 17:54:01.998 | 钓到 水晶(432)(累计 84 次,鱼饵剩 216)
2026-06-30 17:54:40.579 | 收线 #47
2026-06-30 17:54:40.830 | 钓到 奶粉(3689)(累计 85 次,鱼饵剩 215)
2026-06-30 17:54:40.830 | 钓到 咕咕-花苞(135)(累计 86 次,鱼饵剩 214)
2026-06-30 17:55:09.394 | 定时使用 進階擺攤(7899)
2026-06-30 17:55:11.226 | 补货购买失败 進階擺攤(7899):HTTP Error 400: Bad Request
2026-06-30 17:55:18.742 | 收线 #48
2026-06-30 17:55:18.993 | 钓到 咕咕-不平凡的咕咕(109)(累计 87 次,鱼饵剩 213)
2026-06-30 17:55:18.993 | 钓到 奶粉(3689)(累计 88 次,鱼饵剩 212)
2026-06-30 17:55:56.321 | 收线 #49
2026-06-30 17:55:56.571 | 钓到 羽毛蛋(559)(累计 89 次,鱼饵剩 211)
2026-06-30 17:55:56.571 | 钓到 咕咕-菜頭弟弟(132)(累计 90 次,鱼饵剩 210)
2026-06-30 17:56:35.159 | 收线 #50
2026-06-30 17:56:35.410 | 钓到 豪華的嬰兒副食品(3690)(累计 91 次,鱼饵剩 209)
2026-06-30 17:56:35.410 | 钓到 咕咕-菜頭弟弟(132)(累计 92 次,鱼饵剩 208)
2026-06-30 17:57:13.744 | 收线 #51
2026-06-30 17:57:13.994 | 钓到 咕咕-豆莢皮(134)(累计 93 次,鱼饵剩 207)
2026-06-30 17:57:13.995 | 钓到 水晶(432)(累计 94 次,鱼饵剩 206)
2026-06-30 17:57:52.574 | 收线 #52
2026-06-30 17:57:52.825 | 钓到 奶粉(3689)(累计 95 次,鱼饵剩 205)
2026-06-30 17:57:52.825 | 钓到 錢包(5500)(9248)(累计 96 次,鱼饵剩 204)
2026-06-30 17:58:29.905 | 收线 #53
2026-06-30 17:58:30.156 | 钓到 水晶(432)(累计 97 次,鱼饵剩 203)
2026-06-30 17:58:30.156 | 钓到 豪華的嬰兒副食品(3690)(累计 98 次,鱼饵剩 202)
2026-06-30 17:59:06.726 | 收线 #54
2026-06-30 17:59:06.977 | 钓到 咕咕大力丸(3691)(累计 99 次,鱼饵剩 201)
2026-06-30 17:59:06.977 | 钓到 奶粉(3689)(累计 100 次,鱼饵剩 200)
2026-06-30 17:59:43.807 | 收线 #55
2026-06-30 17:59:44.058 | 钓到 羽毛蛋(559)(累计 101 次,鱼饵剩 199)
2026-06-30 17:59:44.058 | 钓到 咕咕-健康的咕咕(108)(累计 102 次,鱼饵剩 198)
2026-06-30 18:00:21.241 | 补货购买失败 進階擺攤(7899):<urlopen error [WinError 10061] 由于目标计算机积极拒绝，无法连接。>
2026-06-30 18:00:21.491 | 收线 #56
2026-06-30 18:00:21.746 | 钓到 錢包(5500)(9248)(累计 103 次,鱼饵剩 197)
2026-06-30 18:00:21.746 | 钓到 鑽石(434)(累计 104 次,鱼饵剩 196)
2026-06-30 18:00:58.840 | 收线 #57
2026-06-30 18:00:59.091 | 钓到 豪華的嬰兒副食品(3690)(累计 105 次,鱼饵剩 195)
2026-06-30 18:00:59.091 | 钓到 羽毛蛋(559)(累计 106 次,鱼饵剩 194)
2026-06-30 18:01:35.188 | 收线 #58
2026-06-30 18:01:35.439 | 钓到 錢包(5500)(9248)(累计 107 次,鱼饵剩 193)
2026-06-30 18:01:35.439 | 钓到 羽毛蛋(559)(累计 108 次,鱼饵剩 192)
2026-06-30 18:02:13.276 | 收线 #59
2026-06-30 18:02:13.527 | 钓到 羽毛蛋(559)(累计 109 次,鱼饵剩 191)
2026-06-30 18:02:13.527 | 钓到 錢包(5500)(9248)(累计 110 次,鱼饵剩 190)
2026-06-30 18:02:50.357 | 收线 #60
2026-06-30 18:02:50.608 | 钓到 錢包(5500)(9248)(累计 111 次,鱼饵剩 189)
2026-06-30 18:02:50.608 | 钓到 咕咕-菜頭弟弟(132)(累计 112 次,鱼饵剩 188)
2026-06-30 18:03:26.938 | 收线 #61
2026-06-30 18:03:27.189 | 钓到 羽毛蛋(559)(累计 113 次,鱼饵剩 187)
2026-06-30 18:03:27.189 | 钓到 奶粉(3689)(累计 114 次,鱼饵剩 186)
2026-06-30 18:04:05.770 | 收线 #62
2026-06-30 18:04:06.020 | 钓到 錢包(5500)(9248)(累计 115 次,鱼饵剩 185)
2026-06-30 18:04:06.020 | 钓到 咕咕-花苞(135)(累计 116 次,鱼饵剩 184)
2026-06-30 18:04:42.088 | 收线 #63
2026-06-30 18:04:42.339 | 钓到 咕咕-小南瓜(133)(累计 117 次,鱼饵剩 183)
2026-06-30 18:04:42.339 | 钓到 咕咕-菜頭弟弟(132)(累计 118 次,鱼饵剩 182)
2026-06-30 18:06:01.833 | 上线 baligei1/baligei1
2026-06-30 18:06:01.833 | 当前金币 200,000
2026-06-30 18:06:01.885 | 抛竿 #1
2026-06-30 18:06:42.320 | 上线 baligei1/baligei1
2026-06-30 18:06:42.320 | 当前金币 200,000
2026-06-30 18:06:42.371 | 抛竿 #1
2026-06-30 18:06:45.666 | 补货购买失败 進階擺攤(7899):HTTP Error 400: Bad Request
2026-06-30 18:07:18.734 | 收线 #1
2026-06-30 18:07:18.984 | 钓到 羽毛蛋(559)(累计 1 次,鱼饵剩 181)
2026-06-30 18:07:18.984 | 钓到 咕咕大力丸(3691)(累计 2 次,鱼饵剩 180)
2026-06-30 18:07:56.805 | 收线 #2
2026-06-30 18:07:57.056 | 钓到 羽毛蛋(559)(累计 3 次,鱼饵剩 179)
2026-06-30 18:07:57.056 | 钓到 粉紅鑽(3981)(累计 4 次,鱼饵剩 178)
2026-06-30 18:08:35.381 | 收线 #3
2026-06-30 18:08:35.633 | 钓到 豪華的嬰兒副食品(3690)(累计 5 次,鱼饵剩 177)
2026-06-30 18:08:35.633 | 钓到 咕咕-健康的咕咕(108)(累计 6 次,鱼饵剩 176)
2026-06-30 18:09:12.456 | 收线 #4
2026-06-30 18:09:12.706 | 钓到 咕咕-花苞(135)(累计 7 次,鱼饵剩 175)
2026-06-30 18:09:12.706 | 钓到 粉紅鑽(3981)(累计 8 次,鱼饵剩 174)
2026-06-30 18:09:50.282 | 收线 #5
2026-06-30 18:09:50.533 | 钓到 羽毛蛋(559)(累计 9 次,鱼饵剩 173)
2026-06-30 18:09:50.533 | 钓到 鑽石(434)(累计 10 次,鱼饵剩 172)
2026-06-30 18:10:28.867 | 收线 #6
2026-06-30 18:10:29.117 | 钓到 蝙蝠翅膀蛋(558)(累计 11 次,鱼饵剩 171)
2026-06-30 18:10:29.117 | 钓到 奶粉(3689)(累计 12 次,鱼饵剩 170)
2026-06-30 18:11:05.186 | 收线 #7
2026-06-30 18:11:05.437 | 钓到 紅寶石(433)(累计 13 次,鱼饵剩 169)
2026-06-30 18:11:05.437 | 钓到 羽毛蛋(559)(累计 14 次,鱼饵剩 168)
2026-06-30 18:11:45.776 | 补货购买失败 進階擺攤(7899):HTTP Error 400: Bad Request
2026-06-30 18:11:46.027 | 收线 #8
2026-06-30 18:11:46.278 | 钓到 粉紅鑽(3981)(累计 15 次,鱼饵剩 167)
2026-06-30 18:11:46.278 | 钓到 豪華的嬰兒副食品(3690)(累计 16 次,鱼饵剩 166)
2026-06-30 18:12:23.346 | 收线 #9
2026-06-30 18:12:23.597 | 钓到 粉紅鑽(3981)(累计 17 次,鱼饵剩 165)
2026-06-30 18:12:23.597 | 钓到 水晶(432)(累计 18 次,鱼饵剩 164)
2026-06-30 18:13:00.670 | 收线 #10
2026-06-30 18:13:00.921 | 钓到 紅寶石(433)(累计 19 次,鱼饵剩 163)
2026-06-30 18:13:00.921 | 钓到 咕咕-花苞(135)(累计 20 次,鱼饵剩 162)
2026-06-30 18:13:37.995 | 收线 #11
2026-06-30 18:13:38.247 | 钓到 豪華的嬰兒副食品(3690)(累计 21 次,鱼饵剩 161)
2026-06-30 18:13:38.247 | 钓到 咕咕-花苞(135)(累计 22 次,鱼饵剩 160)
2026-06-30 18:14:16.327 | 收线 #12
2026-06-30 18:14:16.577 | 钓到 咕咕-小南瓜(133)(累计 23 次,鱼饵剩 159)
2026-06-30 18:14:16.578 | 钓到 羽毛蛋(559)(累计 24 次,鱼饵剩 158)
2026-06-30 18:14:53.662 | 收线 #13
2026-06-30 18:14:53.912 | 钓到 羽毛蛋(559)(累计 25 次,鱼饵剩 157)
2026-06-30 18:14:53.912 | 钓到 咕咕大力丸(3691)(累计 26 次,鱼饵剩 156)
2026-06-30 18:15:30.237 | 收线 #14
2026-06-30 18:15:30.487 | 钓到 咕咕-健康的咕咕(108)(累计 27 次,鱼饵剩 155)
2026-06-30 18:15:30.487 | 钓到 咕咕大力丸(3691)(累计 28 次,鱼饵剩 154)
2026-06-30 18:16:08.327 | 收线 #15
2026-06-30 18:16:08.579 | 钓到 羽毛蛋(559)(累计 29 次,鱼饵剩 153)
2026-06-30 18:16:08.579 | 钓到 水晶(432)(累计 30 次,鱼饵剩 152)
2026-06-30 18:16:43.964 | 补货购买失败 進階擺攤(7899):HTTP Error 400: Bad Request
2026-06-30 18:16:44.465 | 收线 #16
2026-06-30 18:16:44.716 | 钓到 奶粉(3689)(累计 31 次,鱼饵剩 151)
2026-06-30 18:16:44.716 | 钓到 咕咕-傻瓜咕咕(106)(累计 32 次,鱼饵剩 150)
2026-06-30 18:17:22.048 | 收线 #17
2026-06-30 18:17:22.299 | 钓到 鑽石(434)(累计 33 次,鱼饵剩 149)
2026-06-30 18:17:22.299 | 钓到 咕咕-傻瓜咕咕(106)(累计 34 次,鱼饵剩 148)
2026-06-30 18:18:00.887 | 收线 #18
2026-06-30 18:18:01.138 | 钓到 咕咕-菜頭弟弟(132)(累计 35 次,鱼饵剩 147)
2026-06-30 18:18:01.138 | 钓到 羽毛蛋(559)(累计 36 次,鱼饵剩 146)
2026-06-30 18:18:39.214 | 收线 #19
2026-06-30 18:18:39.465 | 钓到 咕咕-小南瓜(133)(累计 37 次,鱼饵剩 145)
2026-06-30 18:18:39.465 | 钓到 咕咕-博士咕咕(107)(累计 38 次,鱼饵剩 144)
2026-06-30 18:19:15.802 | 收线 #20
2026-06-30 18:19:16.052 | 钓到 豪華的嬰兒副食品(3690)(累计 39 次,鱼饵剩 143)
2026-06-30 18:19:16.052 | 钓到 粉紅鑽(3981)(累计 40 次,鱼饵剩 142)
2026-06-30 18:19:52.630 | 收线 #21
2026-06-30 18:19:52.881 | 钓到 咕咕-菜頭弟弟(132)(累计 41 次,鱼饵剩 141)
2026-06-30 18:19:52.881 | 钓到 鑽石(434)(累计 42 次,鱼饵剩 140)
2026-06-30 18:20:31.455 | 收线 #22
2026-06-30 18:20:31.706 | 钓到 錢包(5500)(9248)(累计 43 次,鱼饵剩 139)
2026-06-30 18:20:31.706 | 钓到 豪華的嬰兒副食品(3690)(累计 44 次,鱼饵剩 138)
2026-06-30 18:21:08.798 | 收线 #23
2026-06-30 18:21:09.049 | 钓到 咕咕-健康的咕咕(108)(累计 45 次,鱼饵剩 137)
2026-06-30 18:21:09.049 | 钓到 咕咕-傻瓜咕咕(106)(累计 46 次,鱼饵剩 136)
2026-06-30 18:21:43.997 | 补货购买失败 進階擺攤(7899):HTTP Error 400: Bad Request
2026-06-30 18:21:46.759 | 收线 #24
2026-06-30 18:21:47.011 | 钓到 粉紅鑽(3981)(累计 47 次,鱼饵剩 135)
2026-06-30 18:21:47.012 | 钓到 咕咕-傻瓜咕咕(106)(累计 48 次,鱼饵剩 134)
2026-06-30 18:22:25.862 | 收线 #25
2026-06-30 18:22:26.113 | 钓到 豪華的嬰兒副食品(3690)(累计 49 次,鱼饵剩 133)
2026-06-30 18:22:26.113 | 钓到 錢包(5500)(9248)(累计 50 次,鱼饵剩 132)
2026-06-30 18:23:04.710 | 收线 #26
2026-06-30 18:23:04.961 | 钓到 咕咕-健康的咕咕(108)(累计 51 次,鱼饵剩 131)
2026-06-30 18:23:04.961 | 钓到 豪華的嬰兒副食品(3690)(累计 52 次,鱼饵剩 130)
2026-06-30 18:23:41.549 | 收线 #27
2026-06-30 18:23:41.800 | 钓到 紅寶石(433)(累计 53 次,鱼饵剩 129)
2026-06-30 18:23:41.800 | 钓到 紅寶石(433)(累计 54 次,鱼饵剩 128)
2026-06-30 18:24:20.399 | 收线 #28
2026-06-30 18:24:20.650 | 钓到 羽毛蛋(559)(累计 55 次,鱼饵剩 127)
2026-06-30 18:24:20.650 | 钓到 紅寶石(433)(累计 56 次,鱼饵剩 126)
2026-06-30 18:24:58.247 | 收线 #29
2026-06-30 18:24:58.498 | 钓到 羽毛蛋(559)(累计 57 次,鱼饵剩 125)
2026-06-30 18:24:58.498 | 钓到 水晶(432)(累计 58 次,鱼饵剩 124)
2026-06-30 18:25:37.088 | 收线 #30
2026-06-30 18:25:37.340 | 钓到 錢包(5500)(9248)(累计 59 次,鱼饵剩 123)
2026-06-30 18:25:37.340 | 钓到 奶粉(3689)(累计 60 次,鱼饵剩 122)
2026-06-30 18:26:13.442 | 收线 #31
2026-06-30 18:26:13.694 | 钓到 豪華的嬰兒副食品(3690)(累计 61 次,鱼饵剩 121)
2026-06-30 18:26:13.694 | 钓到 水晶(432)(累计 62 次,鱼饵剩 120)
2026-06-30 18:26:44.098 | 补货购买失败 進階擺攤(7899):HTTP Error 400: Bad Request
2026-06-30 18:26:50.362 | 收线 #32
2026-06-30 18:26:50.613 | 钓到 粉紅鑽(3981)(累计 63 次,鱼饵剩 119)
2026-06-30 18:26:50.613 | 钓到 豪華的嬰兒副食品(3690)(累计 64 次,鱼饵剩 118)
2026-06-30 18:27:27.946 | 收线 #33
2026-06-30 18:27:28.197 | 钓到 水晶(432)(累计 65 次,鱼饵剩 117)
2026-06-30 18:27:28.197 | 钓到 咕咕大力丸(3691)(累计 66 次,鱼饵剩 116)
2026-06-30 18:28:06.031 | 收线 #34
2026-06-30 18:28:06.282 | 钓到 奶粉(3689)(累计 67 次,鱼饵剩 115)
2026-06-30 18:28:06.282 | 钓到 錢包(5500)(9248)(累计 68 次,鱼饵剩 114)
2026-06-30 18:28:44.651 | 收线 #35
2026-06-30 18:28:44.903 | 钓到 錢包(5500)(9248)(累计 69 次,鱼饵剩 113)
2026-06-30 18:28:44.903 | 钓到 錢包(5500)(9248)(累计 70 次,鱼饵剩 112)
2026-06-30 18:29:21.743 | 收线 #36
2026-06-30 18:29:21.994 | 钓到 咕咕-博士咕咕(107)(累计 71 次,鱼饵剩 111)
2026-06-30 18:29:21.994 | 钓到 水晶(432)(累计 72 次,鱼饵剩 110)
2026-06-30 18:30:00.344 | 收线 #37
2026-06-30 18:30:00.595 | 钓到 咕咕-不平凡的咕咕(109)(累计 73 次,鱼饵剩 109)
2026-06-30 18:30:00.595 | 钓到 錢包(5500)(9248)(累计 74 次,鱼饵剩 108)
2026-06-30 18:30:38.684 | 收线 #38
2026-06-30 18:30:38.936 | 钓到 咕咕-不平凡的咕咕(109)(累计 75 次,鱼饵剩 107)
2026-06-30 18:30:38.936 | 钓到 粉紅鑽(3981)(累计 76 次,鱼饵剩 106)
2026-06-30 18:31:15.296 | 收线 #39
2026-06-30 18:31:15.546 | 钓到 咕咕-菜頭弟弟(132)(累计 77 次,鱼饵剩 105)
2026-06-30 18:31:15.547 | 钓到 錢包(5500)(9248)(累计 78 次,鱼饵剩 104)
2026-06-30 18:31:44.173 | 补货购买失败 進階擺攤(7899):HTTP Error 400: Bad Request
2026-06-30 18:31:53.199 | 收线 #40
2026-06-30 18:31:53.450 | 钓到 水晶(432)(累计 79 次,鱼饵剩 103)
2026-06-30 18:31:53.450 | 钓到 咕咕-不平凡的咕咕(109)(累计 80 次,鱼饵剩 102)
2026-06-30 18:32:30.534 | 收线 #41
2026-06-30 18:32:30.785 | 钓到 錢包(5500)(9248)(累计 81 次,鱼饵剩 101)
2026-06-30 18:32:30.785 | 钓到 羽毛蛋(559)(累计 82 次,鱼饵剩 100)
2026-06-30 18:33:08.116 | 收线 #42
2026-06-30 18:33:08.367 | 钓到 奶粉(3689)(累计 83 次,鱼饵剩 99)
2026-06-30 18:33:08.367 | 钓到 錢包(5500)(9248)(累计 84 次,鱼饵剩 98)
2026-06-30 18:33:46.956 | 收线 #43
2026-06-30 18:33:47.208 | 钓到 奶粉(3689)(累计 85 次,鱼饵剩 97)
2026-06-30 18:33:47.208 | 钓到 豪華的嬰兒副食品(3690)(累计 86 次,鱼饵剩 96)
2026-06-30 18:34:23.287 | 收线 #44
2026-06-30 18:34:23.538 | 钓到 羽毛蛋(559)(累计 87 次,鱼饵剩 95)
2026-06-30 18:34:23.538 | 钓到 水晶(432)(累计 88 次,鱼饵剩 94)
2026-06-30 18:35:01.373 | 收线 #45
2026-06-30 18:35:01.623 | 钓到 咕咕-豆莢皮(134)(累计 89 次,鱼饵剩 93)
2026-06-30 18:35:01.623 | 钓到 錢包(5500)(9248)(累计 90 次,鱼饵剩 92)
2026-06-30 18:35:39.970 | 收线 #46
2026-06-30 18:35:40.221 | 钓到 奶粉(3689)(累计 91 次,鱼饵剩 91)
2026-06-30 18:35:40.221 | 钓到 鑽石(434)(累计 92 次,鱼饵剩 90)
2026-06-30 18:36:16.806 | 收线 #47
2026-06-30 18:36:17.057 | 钓到 咕咕-花苞(135)(累计 93 次,鱼饵剩 89)
2026-06-30 18:36:17.057 | 钓到 咕咕-博士咕咕(107)(累计 94 次,鱼饵剩 88)
2026-06-30 18:36:44.146 | 补货购买失败 進階擺攤(7899):HTTP Error 400: Bad Request
2026-06-30 18:36:53.672 | 收线 #48
2026-06-30 18:36:53.923 | 钓到 咕咕-花苞(135)(累计 95 次,鱼饵剩 87)
2026-06-30 18:36:53.923 | 钓到 咕咕-豆莢皮(134)(累计 96 次,鱼饵剩 86)
2026-06-30 18:37:30.013 | 收线 #49
2026-06-30 18:37:30.264 | 钓到 羽毛蛋(559)(累计 97 次,鱼饵剩 85)
2026-06-30 18:37:30.264 | 钓到 水晶(432)(累计 98 次,鱼饵剩 84)
2026-06-30 18:38:06.847 | 收线 #50
2026-06-30 18:38:07.098 | 钓到 錢包(5500)(9248)(累计 99 次,鱼饵剩 83)
2026-06-30 18:38:07.098 | 钓到 羽毛蛋(559)(累计 100 次,鱼饵剩 82)
2026-06-30 18:38:43.675 | 收线 #51
2026-06-30 18:38:43.926 | 钓到 咕咕-不平凡的咕咕(109)(累计 101 次,鱼饵剩 81)
2026-06-30 18:38:43.926 | 钓到 羽毛蛋(559)(累计 102 次,鱼饵剩 80)
2026-06-30 18:39:21.757 | 收线 #52
2026-06-30 18:39:22.008 | 钓到 咕咕-豆莢皮(134)(累计 103 次,鱼饵剩 79)
2026-06-30 18:39:22.008 | 钓到 水晶(432)(累计 104 次,鱼饵剩 78)
2026-06-30 18:39:59.838 | 收线 #53
2026-06-30 18:40:00.089 | 钓到 羽毛蛋(559)(累计 105 次,鱼饵剩 77)
2026-06-30 18:40:00.089 | 钓到 水晶(432)(累计 106 次,鱼饵剩 76)
2026-06-30 18:40:38.432 | 收线 #54
2026-06-30 18:40:38.683 | 钓到 豪華的嬰兒副食品(3690)(累计 107 次,鱼饵剩 75)
2026-06-30 18:40:38.683 | 钓到 咕咕-豆莢皮(134)(累计 108 次,鱼饵剩 74)
2026-06-30 18:41:17.276 | 收线 #55
2026-06-30 18:41:17.526 | 钓到 粉紅鑽(3981)(累计 109 次,鱼饵剩 73)
2026-06-30 18:41:17.526 | 钓到 咕咕大力丸(3691)(累计 110 次,鱼饵剩 72)
2026-06-30 18:41:44.433 | 补货购买失败 進階擺攤(7899):HTTP Error 400: Bad Request
2026-06-30 18:41:53.704 | 收线 #56
2026-06-30 18:41:53.955 | 钓到 咕咕-菜頭弟弟(132)(累计 111 次,鱼饵剩 71)
2026-06-30 18:41:53.955 | 钓到 咕咕-小南瓜(133)(累计 112 次,鱼饵剩 70)
2026-06-30 18:42:31.286 | 收线 #57
2026-06-30 18:42:31.537 | 钓到 奶粉(3689)(累计 113 次,鱼饵剩 69)
2026-06-30 18:42:31.537 | 钓到 錢包(5500)(9248)(累计 114 次,鱼饵剩 68)
2026-06-30 18:43:08.859 | 收线 #58
2026-06-30 18:43:09.111 | 钓到 錢包(5500)(9248)(累计 115 次,鱼饵剩 67)
2026-06-30 18:43:09.111 | 钓到 咕咕-小南瓜(133)(累计 116 次,鱼饵剩 66)
2026-06-30 18:43:46.188 | 收线 #59
2026-06-30 18:43:46.442 | 钓到 錢包(5500)(9248)(累计 117 次,鱼饵剩 65)
2026-06-30 18:43:46.442 | 钓到 咕咕-傻瓜咕咕(106)(累计 118 次,鱼饵剩 64)
2026-06-30 18:44:22.522 | 收线 #60
2026-06-30 18:44:22.773 | 钓到 奶粉(3689)(累计 119 次,鱼饵剩 63)
2026-06-30 18:44:22.773 | 钓到 奶粉(3689)(累计 120 次,鱼饵剩 62)
2026-06-30 18:45:01.609 | 收线 #61
2026-06-30 18:45:01.859 | 钓到 豪華的嬰兒副食品(3690)(累计 121 次,鱼饵剩 61)
2026-06-30 18:45:01.859 | 钓到 錢包(5500)(9248)(累计 122 次,鱼饵剩 60)
2026-06-30 18:45:38.947 | 收线 #62
2026-06-30 18:45:39.198 | 钓到 豪華的嬰兒副食品(3690)(累计 123 次,鱼饵剩 59)
2026-06-30 18:45:39.198 | 钓到 水晶(432)(累计 124 次,鱼饵剩 58)
2026-06-30 18:46:16.022 | 收线 #63
2026-06-30 18:46:16.273 | 钓到 鑽石(434)(累计 125 次,鱼饵剩 57)
2026-06-30 18:46:16.273 | 钓到 豪華的嬰兒副食品(3690)(累计 126 次,鱼饵剩 56)
2026-06-30 18:46:44.663 | 补货购买失败 進階擺攤(7899):HTTP Error 400: Bad Request
2026-06-30 18:46:53.686 | 收线 #64
2026-06-30 18:46:53.936 | 钓到 羽毛蛋(559)(累计 127 次,鱼饵剩 55)
2026-06-30 18:46:53.936 | 钓到 羽毛蛋(559)(累计 128 次,鱼饵剩 54)
2026-06-30 18:47:29.775 | 收线 #65
2026-06-30 18:47:30.026 | 钓到 水晶(432)(累计 129 次,鱼饵剩 53)
2026-06-30 18:47:30.026 | 钓到 紅寶石(433)(累计 130 次,鱼饵剩 52)
2026-06-30 18:48:06.862 | 收线 #66
2026-06-30 18:48:07.113 | 钓到 錢包(5500)(9248)(累计 131 次,鱼饵剩 51)
2026-06-30 18:48:07.113 | 钓到 奶粉(3689)(累计 132 次,鱼饵剩 50)
2026-06-30 18:48:43.444 | 收线 #67
2026-06-30 18:48:43.695 | 钓到 豪華的嬰兒副食品(3690)(累计 133 次,鱼饵剩 49)
2026-06-30 18:48:43.695 | 钓到 水晶(432)(累计 134 次,鱼饵剩 48)
2026-06-30 18:48:44.296 | 打开摊贩(自动)
2026-06-30 18:48:44.897 | 购买 紅標槍(3982) x300
2026-06-30 18:48:45.498 | 购买 紅標槍(3982) x300
2026-06-30 18:48:46.099 | 购买 紅標槍(3982) x300
2026-06-30 18:48:46.699 | 购买 紅標槍(3982) x300
2026-06-30 18:48:47.301 | 购买 紅標槍(3982) x300
2026-06-30 18:48:47.901 | 购买 紅標槍(3982) x300
2026-06-30 18:48:48.502 | 购买 紅標槍(3982) x300
2026-06-30 18:48:49.103 | 购买 紅標槍(3982) x300
2026-06-30 18:48:49.705 | 购买 紅標槍(3982) x300
2026-06-30 18:48:50.305 | 购买 紅標槍(3982) x300
2026-06-30 18:48:50.906 | 关闭摊贩(自动)
2026-06-30 18:48:51.156 | 金币变动 -9,000(当前 191,000)
2026-06-30 18:48:51.156 | 金币变动 -9,000(当前 182,000)
2026-06-30 18:48:51.156 | 金币变动 -9,000(当前 173,000)
2026-06-30 18:48:51.156 | 金币变动 -9,000(当前 164,000)
2026-06-30 18:48:51.156 | 金币变动 -9,000(当前 155,000)
2026-06-30 18:48:51.156 | 金币变动 -9,000(当前 146,000)
2026-06-30 18:48:51.156 | 金币变动 -9,000(当前 137,000)
2026-06-30 18:48:51.156 | 金币变动 -9,000(当前 128,000)
2026-06-30 18:48:51.156 | 金币变动 -9,000(当前 119,000)
2026-06-30 18:48:51.156 | 金币变动 -9,000(当前 110,000)
2026-06-30 18:48:52.414 | 购买后 紅標槍(3982) 背包共 3048 个，当前金钱 110,000
2026-06-30 18:49:21.977 | 收线 #68
2026-06-30 18:49:22.229 | 钓到 咕咕-博士咕咕(107)(累计 135 次,鱼饵剩 3047)
2026-06-30 18:49:22.229 | 钓到 紅寶石(433)(累计 136 次,鱼饵剩 3046)
2026-06-30 18:50:00.572 | 收线 #69
2026-06-30 18:50:00.822 | 钓到 紅寶石(433)(累计 137 次,鱼饵剩 3045)
2026-06-30 18:50:00.822 | 钓到 奶粉(3689)(累计 138 次,鱼饵剩 3044)
2026-06-30 18:50:36.654 | 收线 #70
2026-06-30 18:50:36.905 | 钓到 奶粉(3689)(累计 139 次,鱼饵剩 3043)
2026-06-30 18:50:36.905 | 钓到 鑽石(434)(累计 140 次,鱼饵剩 3042)
2026-06-30 18:51:14.499 | 收线 #71
2026-06-30 18:51:14.749 | 钓到 咕咕-博士咕咕(107)(累计 141 次,鱼饵剩 3041)
2026-06-30 18:51:14.749 | 钓到 羽毛蛋(559)(累计 142 次,鱼饵剩 3040)
2026-06-30 18:51:53.921 | 补货购买失败 進階擺攤(7899):HTTP Error 400: Bad Request
2026-06-30 18:51:54.172 | 收线 #72
2026-06-30 18:51:54.424 | 钓到 鑽石(434)(累计 143 次,鱼饵剩 3039)
2026-06-30 18:51:54.424 | 钓到 豪華的嬰兒副食品(3690)(累计 144 次,鱼饵剩 3038)
2026-06-30 18:59:11.005 | 上线 baligei1/baligei1
2026-06-30 18:59:11.005 | 当前金币 110,000
2026-06-30 18:59:11.057 | 抛竿 #1
2026-06-30 18:59:13.728 | 补货购买失败 進階擺攤(7899):HTTP Error 400: Bad Request
2026-06-30 18:59:48.545 | 收线 #1
2026-06-30 18:59:48.796 | 钓到 豪華的嬰兒副食品(3690)(累计 1 次,鱼饵剩 3037)
2026-06-30 18:59:48.796 | 钓到 奶粉(3689)(累计 2 次,鱼饵剩 3036)
2026-06-30 19:00:27.113 | 收线 #2
2026-06-30 19:00:27.364 | 钓到 咕咕-菜頭弟弟(132)(累计 3 次,鱼饵剩 3035)
2026-06-30 19:00:27.364 | 钓到 錢包(5500)(9248)(累计 4 次,鱼饵剩 3034)
2026-06-30 19:00:39.641 | 下线 baligei1/baligei1
