2026-06-30 17:25:20.696 | 上线 baligei3/baligei3
2026-06-30 17:25:20.696 | 当前金币 200,000
2026-06-30 17:25:20.747 | 抛竿 #1
2026-06-30 17:25:20.747 | 定时使用 背包擴充卷1(19113)
2026-06-30 17:25:20.747 | 定时使用 背包擴充卷2(21471)
2026-06-30 17:25:20.747 | 定时使用 背包擴充卷3(23189)
2026-06-30 17:25:22.655 | 补货购买失败 進階擺攤(7899):HTTP Error 400: Bad Request
2026-06-30 17:25:25.911 | 确认使用 背包擴充卷1(19113)(剩 0)
2026-06-30 17:25:25.914 | 确认使用 背包擴充卷2(21471)(剩 0)
2026-06-30 17:25:25.915 | 确认使用 背包擴充卷3(23189)(剩 0)
2026-06-30 17:25:57.220 | 收线 #1
2026-06-30 17:25:57.470 | 钓到 羽毛蛋(559)(累计 1 次,鱼饵剩 299)
2026-06-30 17:26:35.044 | 收线 #2
2026-06-30 17:26:35.295 | 钓到 咕咕-花苞(135)(累计 2 次,鱼饵剩 298)
2026-06-30 17:27:12.610 | 收线 #3
2026-06-30 17:27:12.861 | 钓到 豪華的嬰兒副食品(3690)(累计 3 次,鱼饵剩 297)
2026-06-30 17:27:51.692 | 收线 #4
2026-06-30 17:27:51.943 | 钓到 錢包(5500)(9248)(累计 4 次,鱼饵剩 296)
2026-06-30 17:28:29.521 | 收线 #5
2026-06-30 17:28:29.771 | 钓到 咕咕-菜頭弟弟(132)(累计 5 次,鱼饵剩 295)
2026-06-30 17:29:06.348 | 收线 #6
2026-06-30 17:29:06.600 | 钓到 咕咕-花苞(135)(累计 6 次,鱼饵剩 294)
2026-06-30 17:29:42.925 | 收线 #7
2026-06-30 17:29:43.175 | 钓到 鑽石(434)(累计 7 次,鱼饵剩 293)
2026-06-30 17:30:20.501 | 收线 #8
2026-06-30 17:30:20.752 | 钓到 錢包(5500)(9248)(累计 8 次,鱼饵剩 292)
2026-06-30 17:30:20.752 | 定时使用 黃金釣鉤(8030)
2026-06-30 17:30:23.272 | 补货购买失败 進階擺攤(7899):HTTP Error 400: Bad Request
2026-06-30 17:30:59.337 | 收线 #9
2026-06-30 17:30:59.587 | 钓到 奶粉(3689)(累计 9 次,鱼饵剩 291)
2026-06-30 17:30:59.587 | 钓到 咕咕-豆莢皮(134)(累计 10 次,鱼饵剩 290)
2026-06-30 17:31:37.426 | 收线 #10
2026-06-30 17:31:37.676 | 钓到 錢包(5500)(9248)(累计 11 次,鱼饵剩 289)
2026-06-30 17:31:37.676 | 钓到 鑽石(434)(累计 12 次,鱼饵剩 288)
2026-06-30 17:32:15.506 | 收线 #11
2026-06-30 17:32:15.757 | 钓到 羽毛蛋(559)(累计 13 次,鱼饵剩 287)
2026-06-30 17:32:15.757 | 钓到 豪華的嬰兒副食品(3690)(累计 14 次,鱼饵剩 286)
2026-06-30 17:32:52.846 | 收线 #12
2026-06-30 17:32:53.097 | 钓到 紅寶石(433)(累计 15 次,鱼饵剩 285)
2026-06-30 17:32:53.097 | 钓到 鑽石(434)(累计 16 次,鱼饵剩 284)
2026-06-30 17:33:31.440 | 收线 #13
2026-06-30 17:33:31.691 | 钓到 奶粉(3689)(累计 17 次,鱼饵剩 283)
2026-06-30 17:33:31.691 | 钓到 豪華的嬰兒副食品(3690)(累计 18 次,鱼饵剩 282)
2026-06-30 17:34:08.260 | 收线 #14
2026-06-30 17:34:08.511 | 钓到 豪華的嬰兒副食品(3690)(累计 19 次,鱼饵剩 281)
2026-06-30 17:34:08.511 | 钓到 紅寶石(433)(累计 20 次,鱼饵剩 280)
2026-06-30 17:34:46.844 | 收线 #15
2026-06-30 17:34:47.095 | 钓到 咕咕-不平凡的咕咕(109)(累计 21 次,鱼饵剩 279)
2026-06-30 17:34:47.095 | 钓到 咕咕-豆莢皮(134)(累计 22 次,鱼饵剩 278)
2026-06-30 17:35:32.840 | 补货购买失败 進階擺攤(7899):HTTP Error 400: Bad Request
2026-06-30 17:35:33.091 | 收线 #16
2026-06-30 17:35:33.342 | 钓到 咕咕-花苞(135)(累计 23 次,鱼饵剩 277)
2026-06-30 17:35:33.342 | 钓到 錢包(5500)(9248)(累计 24 次,鱼饵剩 276)
2026-06-30 17:36:10.924 | 收线 #17
2026-06-30 17:36:11.174 | 钓到 紅寶石(433)(累计 25 次,鱼饵剩 275)
2026-06-30 17:36:11.174 | 钓到 粉紅鑽(3981)(累计 26 次,鱼饵剩 274)
2026-06-30 17:36:48.252 | 收线 #18
2026-06-30 17:36:48.503 | 钓到 羽毛蛋(559)(累计 27 次,鱼饵剩 273)
2026-06-30 17:36:48.503 | 钓到 咕咕-健康的咕咕(108)(累计 28 次,鱼饵剩 272)
2026-06-30 17:37:25.586 | 收线 #19
2026-06-30 17:37:25.837 | 钓到 羽毛蛋(559)(累计 29 次,鱼饵剩 271)
2026-06-30 17:37:25.837 | 钓到 咕咕-菜頭弟弟(132)(累计 30 次,鱼饵剩 270)
2026-06-30 17:38:03.169 | 收线 #20
2026-06-30 17:38:03.421 | 钓到 羽毛蛋(559)(累计 31 次,鱼饵剩 269)
2026-06-30 17:38:03.421 | 钓到 羽毛蛋(559)(累计 32 次,鱼饵剩 268)
2026-06-30 17:38:40.251 | 收线 #21
2026-06-30 17:38:40.502 | 钓到 咕咕-花苞(135)(累计 33 次,鱼饵剩 267)
2026-06-30 17:38:40.502 | 钓到 咕咕大力丸(3691)(累计 34 次,鱼饵剩 266)
2026-06-30 17:39:17.081 | 收线 #22
2026-06-30 17:39:17.332 | 钓到 粉紅鑽(3981)(累计 35 次,鱼饵剩 265)
2026-06-30 17:39:17.332 | 钓到 咕咕大力丸(3691)(累计 36 次,鱼饵剩 264)
2026-06-30 17:39:53.402 | 收线 #23
2026-06-30 17:39:53.652 | 钓到 紅寶石(433)(累计 37 次,鱼饵剩 263)
2026-06-30 17:39:53.652 | 钓到 奶粉(3689)(累计 38 次,鱼饵剩 262)
2026-06-30 17:40:42.027 | 补货购买失败 進階擺攤(7899):HTTP Error 400: Bad Request
2026-06-30 17:40:42.277 | 下线 baligei3/baligei3
2026-06-30 18:01:44.715 | 上线 baligei3/baligei3
2026-06-30 18:01:44.715 | 当前金币 200,000
2026-06-30 18:01:44.767 | 抛竿 #1
2026-06-30 18:03:10.656 | 上线 baligei3/baligei3
2026-06-30 18:03:10.656 | 当前金币 200,000
2026-06-30 18:03:10.708 | 抛竿 #1
2026-06-30 18:06:08.828 | 上线 baligei3/baligei3
2026-06-30 18:06:08.828 | 当前金币 200,000
2026-06-30 18:06:08.879 | 抛竿 #1
2026-06-30 18:07:00.031 | 上线 baligei3/baligei3
2026-06-30 18:07:00.031 | 当前金币 200,000
2026-06-30 18:07:00.083 | 抛竿 #1
2026-06-30 18:07:01.363 | 补货购买失败 進階擺攤(7899):HTTP Error 400: Bad Request
2026-06-30 18:07:37.943 | 收线 #1
2026-06-30 18:07:38.194 | 钓到 羽毛蛋(559)(累计 1 次,鱼饵剩 261)
2026-06-30 18:07:38.194 | 钓到 紅寶石(433)(累计 2 次,鱼饵剩 260)
2026-06-30 18:08:16.272 | 收线 #2
2026-06-30 18:08:16.523 | 钓到 紅寶石(433)(累计 3 次,鱼饵剩 259)
2026-06-30 18:08:16.523 | 钓到 錢包(5500)(9248)(累计 4 次,鱼饵剩 258)
2026-06-30 18:08:53.849 | 收线 #3
2026-06-30 18:08:54.100 | 钓到 咕咕-小南瓜(133)(累计 5 次,鱼饵剩 257)
2026-06-30 18:08:54.100 | 钓到 錢包(5500)(9248)(累计 6 次,鱼饵剩 256)
2026-06-30 18:09:32.925 | 收线 #4
2026-06-30 18:09:33.176 | 钓到 紅寶石(433)(累计 7 次,鱼饵剩 255)
2026-06-30 18:09:33.176 | 钓到 咕咕大力丸(3691)(累计 8 次,鱼饵剩 254)
2026-06-30 18:10:10.748 | 收线 #5
2026-06-30 18:10:10.999 | 钓到 豪華的嬰兒副食品(3690)(累计 9 次,鱼饵剩 253)
2026-06-30 18:10:10.999 | 钓到 奶粉(3689)(累计 10 次,鱼饵剩 252)
2026-06-30 18:10:48.828 | 收线 #6
2026-06-30 18:10:49.079 | 钓到 咕咕-健康的咕咕(108)(累计 11 次,鱼饵剩 251)
2026-06-30 18:10:49.079 | 钓到 豪華的嬰兒副食品(3690)(累计 12 次,鱼饵剩 250)
2026-06-30 18:11:26.407 | 收线 #7
2026-06-30 18:11:26.658 | 钓到 咕咕-豆莢皮(134)(累计 13 次,鱼饵剩 249)
2026-06-30 18:11:26.658 | 钓到 鑽石(434)(累计 14 次,鱼饵剩 248)
2026-06-30 18:12:01.087 | 补货购买失败 進階擺攤(7899):HTTP Error 400: Bad Request
2026-06-30 18:12:05.094 | 收线 #8
2026-06-30 18:12:05.345 | 钓到 水晶(432)(累计 15 次,鱼饵剩 247)
2026-06-30 18:12:05.345 | 钓到 鑽石(434)(累计 16 次,鱼饵剩 246)
2026-06-30 18:12:44.168 | 收线 #9
2026-06-30 18:12:44.419 | 钓到 錢包(5500)(9248)(累计 17 次,鱼饵剩 245)
2026-06-30 18:12:44.419 | 钓到 咕咕-豆莢皮(134)(累计 18 次,鱼饵剩 244)
2026-06-30 18:13:21.999 | 收线 #10
2026-06-30 18:13:22.250 | 钓到 咕咕-豆莢皮(134)(累计 19 次,鱼饵剩 243)
2026-06-30 18:13:22.250 | 钓到 咕咕-豆莢皮(134)(累计 20 次,鱼饵剩 242)
2026-06-30 18:13:58.578 | 收线 #11
2026-06-30 18:13:58.829 | 钓到 蝙蝠翅膀蛋(558)(累计 21 次,鱼饵剩 241)
2026-06-30 18:13:58.829 | 钓到 鑽石(434)(累计 22 次,鱼饵剩 240)
2026-06-30 18:14:35.406 | 收线 #12
2026-06-30 18:14:35.656 | 钓到 羽毛蛋(559)(累计 23 次,鱼饵剩 239)
2026-06-30 18:14:35.656 | 钓到 咕咕-菜頭弟弟(132)(累计 24 次,鱼饵剩 238)
2026-06-30 18:15:13.481 | 收线 #13
2026-06-30 18:15:13.732 | 钓到 咕咕-小南瓜(133)(累计 25 次,鱼饵剩 237)
2026-06-30 18:15:13.732 | 钓到 咕咕-花苞(135)(累计 26 次,鱼饵剩 236)
2026-06-30 18:15:52.312 | 收线 #14
2026-06-30 18:15:52.563 | 钓到 咕咕-菜頭弟弟(132)(累计 27 次,鱼饵剩 235)
2026-06-30 18:15:52.563 | 钓到 奶粉(3689)(累计 28 次,鱼饵剩 234)
2026-06-30 18:16:30.891 | 收线 #15
2026-06-30 18:16:31.142 | 钓到 鑽石(434)(累计 29 次,鱼饵剩 233)
2026-06-30 18:16:31.142 | 钓到 咕咕-菜頭弟弟(132)(累计 30 次,鱼饵剩 232)
2026-06-30 18:17:01.332 | 补货购买失败 進階擺攤(7899):HTTP Error 400: Bad Request
2026-06-30 18:17:09.098 | 收线 #16
2026-06-30 18:17:09.349 | 钓到 粉紅鑽(3981)(累计 31 次,鱼饵剩 231)
2026-06-30 18:17:09.349 | 钓到 咕咕-花苞(135)(累计 32 次,鱼饵剩 230)
2026-06-30 18:17:47.923 | 收线 #17
2026-06-30 18:17:48.173 | 钓到 咕咕大力丸(3691)(累计 33 次,鱼饵剩 229)
2026-06-30 18:17:48.173 | 钓到 羽毛蛋(559)(累计 34 次,鱼饵剩 228)
2026-06-30 18:18:25.750 | 收线 #18
2026-06-30 18:18:26.001 | 钓到 咕咕-博士咕咕(107)(累计 35 次,鱼饵剩 227)
2026-06-30 18:18:26.001 | 钓到 咕咕-菜頭弟弟(132)(累计 36 次,鱼饵剩 226)
2026-06-30 18:19:02.347 | 收线 #19
2026-06-30 18:19:02.598 | 钓到 咕咕-小南瓜(133)(累计 37 次,鱼饵剩 225)
2026-06-30 18:19:02.598 | 钓到 咕咕-豆莢皮(134)(累计 38 次,鱼饵剩 224)
2026-06-30 18:19:40.941 | 收线 #20
2026-06-30 18:19:41.192 | 钓到 鑽石(434)(累计 39 次,鱼饵剩 223)
2026-06-30 18:19:41.192 | 钓到 咕咕-菜頭弟弟(132)(累计 40 次,鱼饵剩 222)
2026-06-30 18:20:17.774 | 收线 #21
2026-06-30 18:20:18.026 | 钓到 豪華的嬰兒副食品(3690)(累计 41 次,鱼饵剩 221)
2026-06-30 18:20:18.026 | 钓到 紅寶石(433)(累计 42 次,鱼饵剩 220)
2026-06-30 18:20:54.357 | 收线 #22
2026-06-30 18:20:54.608 | 钓到 咕咕-花苞(135)(累计 43 次,鱼饵剩 219)
2026-06-30 18:20:54.608 | 钓到 羽毛蛋(559)(累计 44 次,鱼饵剩 218)
2026-06-30 18:21:32.455 | 收线 #23
2026-06-30 18:21:32.706 | 钓到 紅寶石(433)(累计 45 次,鱼饵剩 217)
2026-06-30 18:21:32.706 | 钓到 水晶(432)(累计 46 次,鱼饵剩 216)
2026-06-30 18:22:01.442 | 补货购买失败 進階擺攤(7899):HTTP Error 400: Bad Request
2026-06-30 18:22:10.465 | 收线 #24
2026-06-30 18:22:10.716 | 钓到 咕咕-小南瓜(133)(累计 47 次,鱼饵剩 215)
2026-06-30 18:22:10.716 | 钓到 錢包(5500)(9248)(累计 48 次,鱼饵剩 214)
2026-06-30 18:22:49.072 | 收线 #25
2026-06-30 18:22:49.323 | 钓到 咕咕-花苞(135)(累计 49 次,鱼饵剩 213)
2026-06-30 18:22:49.323 | 钓到 豪華的嬰兒副食品(3690)(累计 50 次,鱼饵剩 212)
2026-06-30 18:23:27.938 | 收线 #26
2026-06-30 18:23:28.188 | 钓到 水晶(432)(累计 51 次,鱼饵剩 211)
2026-06-30 18:23:28.188 | 钓到 咕咕-豆莢皮(134)(累计 52 次,鱼饵剩 210)
2026-06-30 18:24:05.522 | 收线 #27
2026-06-30 18:24:05.772 | 钓到 咕咕大力丸(3691)(累计 53 次,鱼饵剩 209)
2026-06-30 18:24:05.772 | 钓到 鑽石(434)(累计 54 次,鱼饵剩 208)
2026-06-30 18:24:42.849 | 收线 #28
2026-06-30 18:24:43.099 | 钓到 粉紅鑽(3981)(累计 55 次,鱼饵剩 207)
2026-06-30 18:24:43.099 | 钓到 奶粉(3689)(累计 56 次,鱼饵剩 206)
2026-06-30 18:25:19.432 | 收线 #29
2026-06-30 18:25:19.683 | 钓到 咕咕-健康的咕咕(108)(累计 57 次,鱼饵剩 205)
2026-06-30 18:25:19.683 | 钓到 錢包(5500)(9248)(累计 58 次,鱼饵剩 204)
2026-06-30 18:25:57.526 | 收线 #30
2026-06-30 18:25:57.777 | 钓到 鑽石(434)(累计 59 次,鱼饵剩 203)
2026-06-30 18:25:57.777 | 钓到 羽毛蛋(559)(累计 60 次,鱼饵剩 202)
2026-06-30 18:26:34.397 | 收线 #31
2026-06-30 18:26:34.649 | 钓到 羽毛蛋(559)(累计 61 次,鱼饵剩 201)
2026-06-30 18:26:34.649 | 钓到 羽毛蛋(559)(累计 62 次,鱼饵剩 200)
2026-06-30 18:27:02.047 | 补货购买失败 進階擺攤(7899):HTTP Error 400: Bad Request
2026-06-30 18:27:12.825 | 收线 #32
2026-06-30 18:27:13.076 | 钓到 咕咕大力丸(3691)(累计 63 次,鱼饵剩 199)
2026-06-30 18:27:13.076 | 钓到 錢包(5500)(9248)(累计 64 次,鱼饵剩 198)
2026-06-30 18:27:51.913 | 收线 #33
2026-06-30 18:27:52.165 | 钓到 粉紅鑽(3981)(累计 65 次,鱼饵剩 197)
2026-06-30 18:27:52.165 | 钓到 奶粉(3689)(累计 66 次,鱼饵剩 196)
2026-06-30 18:28:29.253 | 收线 #34
2026-06-30 18:28:29.503 | 钓到 羽毛蛋(559)(累计 67 次,鱼饵剩 195)
2026-06-30 18:28:29.503 | 钓到 水晶(432)(累计 68 次,鱼饵剩 194)
2026-06-30 18:29:06.091 | 收线 #35
2026-06-30 18:29:06.343 | 钓到 咕咕-不平凡的咕咕(109)(累计 69 次,鱼饵剩 193)
2026-06-30 18:29:06.343 | 钓到 鑽石(434)(累计 70 次,鱼饵剩 192)
2026-06-30 18:29:44.440 | 收线 #36
2026-06-30 18:29:44.692 | 钓到 豪華的嬰兒副食品(3690)(累计 71 次,鱼饵剩 191)
2026-06-30 18:29:44.692 | 钓到 奶粉(3689)(累计 72 次,鱼饵剩 190)
2026-06-30 18:30:22.532 | 收线 #37
2026-06-30 18:30:22.782 | 钓到 咕咕-博士咕咕(107)(累计 73 次,鱼饵剩 189)
2026-06-30 18:30:22.782 | 钓到 咕咕-菜頭弟弟(132)(累计 74 次,鱼饵剩 188)
2026-06-30 18:30:59.359 | 收线 #38
2026-06-30 18:30:59.610 | 钓到 咕咕大力丸(3691)(累计 75 次,鱼饵剩 187)
2026-06-30 18:30:59.610 | 钓到 羽毛蛋(559)(累计 76 次,鱼饵剩 186)
2026-06-30 18:31:35.995 | 收线 #39
2026-06-30 18:31:36.245 | 钓到 紅寶石(433)(累计 77 次,鱼饵剩 185)
2026-06-30 18:31:36.245 | 钓到 紅寶石(433)(累计 78 次,鱼饵剩 184)
2026-06-30 18:32:01.646 | 补货购买失败 進階擺攤(7899):HTTP Error 400: Bad Request
2026-06-30 18:32:14.425 | 收线 #40
2026-06-30 18:32:14.676 | 钓到 豪華的嬰兒副食品(3690)(累计 79 次,鱼饵剩 183)
2026-06-30 18:32:14.676 | 钓到 咕咕大力丸(3691)(累计 80 次,鱼饵剩 182)
2026-06-30 18:32:53.017 | 收线 #41
2026-06-30 18:32:53.268 | 钓到 羽毛蛋(559)(累计 81 次,鱼饵剩 181)
2026-06-30 18:32:53.268 | 钓到 豪華的嬰兒副食品(3690)(累计 82 次,鱼饵剩 180)
2026-06-30 18:33:29.595 | 收线 #42
2026-06-30 18:33:29.845 | 钓到 咕咕大力丸(3691)(累计 83 次,鱼饵剩 179)
2026-06-30 18:33:29.845 | 钓到 咕咕-傻瓜咕咕(106)(累计 84 次,鱼饵剩 178)
2026-06-30 18:34:07.923 | 收线 #43
2026-06-30 18:34:08.174 | 钓到 蝙蝠翅膀蛋(558)(累计 85 次,鱼饵剩 177)
2026-06-30 18:34:08.174 | 钓到 粉紅鑽(3981)(累计 86 次,鱼饵剩 176)
2026-06-30 18:34:46.773 | 收线 #44
2026-06-30 18:34:47.024 | 钓到 咕咕-傻瓜咕咕(106)(累计 87 次,鱼饵剩 175)
2026-06-30 18:34:47.024 | 钓到 豪華的嬰兒副食品(3690)(累计 88 次,鱼饵剩 174)
2026-06-30 18:35:23.108 | 收线 #45
2026-06-30 18:35:23.359 | 钓到 咕咕-傻瓜咕咕(106)(累计 89 次,鱼饵剩 173)
2026-06-30 18:35:23.359 | 钓到 羽毛蛋(559)(累计 90 次,鱼饵剩 172)
2026-06-30 18:36:00.443 | 收线 #46
2026-06-30 18:36:00.696 | 钓到 羽毛蛋(559)(累计 91 次,鱼饵剩 171)
2026-06-30 18:36:00.697 | 钓到 豪華的嬰兒副食品(3690)(累计 92 次,鱼饵剩 170)
2026-06-30 18:36:37.301 | 收线 #47
2026-06-30 18:36:37.551 | 钓到 咕咕-菜頭弟弟(132)(累计 93 次,鱼饵剩 169)
2026-06-30 18:36:37.551 | 钓到 水晶(432)(累计 94 次,鱼饵剩 168)
2026-06-30 18:37:01.747 | 补货购买失败 進階擺攤(7899):HTTP Error 400: Bad Request
2026-06-30 18:37:14.271 | 收线 #48
2026-06-30 18:37:14.521 | 钓到 豪華的嬰兒副食品(3690)(累计 95 次,鱼饵剩 167)
2026-06-30 18:37:14.521 | 钓到 咕咕-小南瓜(133)(累计 96 次,鱼饵剩 166)
2026-06-30 18:37:51.601 | 收线 #49
2026-06-30 18:37:51.852 | 钓到 咕咕-菜頭弟弟(132)(累计 97 次,鱼饵剩 165)
2026-06-30 18:37:51.852 | 钓到 奶粉(3689)(累计 98 次,鱼饵剩 164)
2026-06-30 18:38:27.932 | 收线 #50
2026-06-30 18:38:28.183 | 钓到 咕咕-菜頭弟弟(132)(累计 99 次,鱼饵剩 163)
2026-06-30 18:38:28.183 | 钓到 粉紅鑽(3981)(累计 100 次,鱼饵剩 162)
2026-06-30 18:39:06.022 | 收线 #51
2026-06-30 18:39:06.273 | 钓到 錢包(5500)(9248)(累计 101 次,鱼饵剩 161)
2026-06-30 18:39:06.273 | 钓到 奶粉(3689)(累计 102 次,鱼饵剩 160)
2026-06-30 18:39:43.605 | 收线 #52
2026-06-30 18:39:43.856 | 钓到 鑽石(434)(累计 103 次,鱼饵剩 159)
2026-06-30 18:39:43.856 | 钓到 紅寶石(433)(累计 104 次,鱼饵剩 158)
2026-06-30 18:40:22.684 | 收线 #53
2026-06-30 18:40:22.934 | 钓到 咕咕-豆莢皮(134)(累计 105 次,鱼饵剩 157)
2026-06-30 18:40:22.934 | 钓到 豪華的嬰兒副食品(3690)(累计 106 次,鱼饵剩 156)
2026-06-30 18:41:00.758 | 收线 #54
2026-06-30 18:41:01.009 | 钓到 咕咕-豆莢皮(134)(累计 107 次,鱼饵剩 155)
2026-06-30 18:41:01.010 | 钓到 羽毛蛋(559)(累计 108 次,鱼饵剩 154)
2026-06-30 18:41:38.102 | 收线 #55
2026-06-30 18:41:38.356 | 钓到 粉紅鑽(3981)(累计 109 次,鱼饵剩 153)
2026-06-30 18:41:38.356 | 钓到 豪華的嬰兒副食品(3690)(累计 110 次,鱼饵剩 152)
2026-06-30 18:42:01.801 | 补货购买失败 進階擺攤(7899):HTTP Error 400: Bad Request
2026-06-30 18:42:14.830 | 收线 #56
2026-06-30 18:42:15.081 | 钓到 咕咕-博士咕咕(107)(累计 111 次,鱼饵剩 151)
2026-06-30 18:42:15.081 | 钓到 錢包(5500)(9248)(累计 112 次,鱼饵剩 150)
2026-06-30 18:42:53.178 | 收线 #57
2026-06-30 18:42:53.429 | 钓到 水晶(432)(累计 113 次,鱼饵剩 149)
2026-06-30 18:42:53.429 | 钓到 咕咕-不平凡的咕咕(109)(累计 114 次,鱼饵剩 148)
2026-06-30 18:43:31.775 | 收线 #58
2026-06-30 18:43:32.025 | 钓到 豪華的嬰兒副食品(3690)(累计 115 次,鱼饵剩 147)
2026-06-30 18:43:32.025 | 钓到 咕咕-博士咕咕(107)(累计 116 次,鱼饵剩 146)
2026-06-30 18:44:09.859 | 收线 #59
2026-06-30 18:44:10.110 | 钓到 咕咕-豆莢皮(134)(累计 117 次,鱼饵剩 145)
2026-06-30 18:44:10.110 | 钓到 咕咕-不平凡的咕咕(109)(累计 118 次,鱼饵剩 144)
2026-06-30 18:44:47.444 | 收线 #60
2026-06-30 18:44:47.695 | 钓到 紅寶石(433)(累计 119 次,鱼饵剩 143)
2026-06-30 18:44:47.695 | 钓到 粉紅鑽(3981)(累计 120 次,鱼饵剩 142)
2026-06-30 18:45:25.315 | 收线 #61
2026-06-30 18:45:25.566 | 钓到 奶粉(3689)(累计 121 次,鱼饵剩 141)
2026-06-30 18:45:25.566 | 钓到 豪華的嬰兒副食品(3690)(累计 122 次,鱼饵剩 140)
2026-06-30 18:46:01.410 | 收线 #62
2026-06-30 18:46:01.661 | 钓到 豪華的嬰兒副食品(3690)(累计 123 次,鱼饵剩 139)
2026-06-30 18:46:01.661 | 钓到 粉紅鑽(3981)(累计 124 次,鱼饵剩 138)
2026-06-30 18:46:39.515 | 收线 #63
2026-06-30 18:46:39.765 | 钓到 錢包(5500)(9248)(累计 125 次,鱼饵剩 137)
2026-06-30 18:46:39.765 | 钓到 豪華的嬰兒副食品(3690)(累计 126 次,鱼饵剩 136)
2026-06-30 18:47:01.902 | 补货购买失败 進階擺攤(7899):HTTP Error 400: Bad Request
2026-06-30 18:47:17.686 | 收线 #64
2026-06-30 18:47:17.936 | 钓到 錢包(5500)(9248)(累计 127 次,鱼饵剩 135)
2026-06-30 18:47:17.936 | 钓到 咕咕-菜頭弟弟(132)(累计 128 次,鱼饵剩 134)
2026-06-30 18:47:55.016 | 收线 #65
2026-06-30 18:47:55.267 | 钓到 咕咕-健康的咕咕(108)(累计 129 次,鱼饵剩 133)
2026-06-30 18:47:55.267 | 钓到 咕咕-菜頭弟弟(132)(累计 130 次,鱼饵剩 132)
2026-06-30 18:48:32.376 | 收线 #66
2026-06-30 18:48:32.627 | 钓到 咕咕-小南瓜(133)(累计 131 次,鱼饵剩 131)
2026-06-30 18:48:32.627 | 钓到 豪華的嬰兒副食品(3690)(累计 132 次,鱼饵剩 130)
2026-06-30 18:49:10.468 | 收线 #67
2026-06-30 18:49:10.719 | 钓到 咕咕-健康的咕咕(108)(累计 133 次,鱼饵剩 129)
2026-06-30 18:49:10.719 | 钓到 奶粉(3689)(累计 134 次,鱼饵剩 128)
2026-06-30 18:49:48.056 | 收线 #68
2026-06-30 18:49:48.306 | 钓到 咕咕-不平凡的咕咕(109)(累计 135 次,鱼饵剩 127)
2026-06-30 18:49:48.306 | 钓到 錢包(5500)(9248)(累计 136 次,鱼饵剩 126)
2026-06-30 18:50:26.911 | 收线 #69
2026-06-30 18:50:27.161 | 钓到 奶粉(3689)(累计 137 次,鱼饵剩 125)
2026-06-30 18:50:27.161 | 钓到 奶粉(3689)(累计 138 次,鱼饵剩 124)
2026-06-30 18:51:06.015 | 收线 #70
2026-06-30 18:51:06.266 | 钓到 奶粉(3689)(累计 139 次,鱼饵剩 123)
2026-06-30 18:51:06.266 | 钓到 豪華的嬰兒副食品(3690)(累计 140 次,鱼饵剩 122)
2026-06-30 18:51:44.108 | 收线 #71
2026-06-30 18:51:44.360 | 钓到 羽毛蛋(559)(累计 141 次,鱼饵剩 121)
2026-06-30 18:51:44.360 | 钓到 咕咕-博士咕咕(107)(累计 142 次,鱼饵剩 120)
2026-06-30 18:52:11.610 | 泡点购买 進階擺攤(7899) x1
2026-06-30 18:52:11.861 | 补货搬运 進階擺攤(7899) x1
2026-06-30 18:52:22.884 | 收线 #72
2026-06-30 18:52:23.134 | 钓到 水晶(432)(累计 143 次,鱼饵剩 119)
2026-06-30 18:52:23.134 | 钓到 奶粉(3689)(累计 144 次,鱼饵剩 118)
