2026-06-24 23:44:03.146 | 上线 beifeng3/sadasdsadas
2026-06-24 23:44:03.146 | 当前金币 37,691,435
2026-06-24 23:54:03.360 | 定时使用 黃金釣鉤(8030)
2026-06-25 00:05:23.982 | 下线 beifeng3/sadasdsadas
2026-06-25 00:25:30.004 | 上线 beifeng3/sadasdsadas
2026-06-25 00:25:30.004 | 当前金币 37,691,435
2026-06-25 00:25:36.880 | 泡点购买 進階擺攤(7899) x1
2026-06-25 00:25:37.382 | 补货搬运 進階擺攤(7899) x1
2026-06-25 00:30:30.191 | 定时使用 進階擺攤(7899)
2026-06-25 00:30:37.694 | 泡点购买 進階擺攤(7899) x1
2026-06-25 00:30:38.195 | 补货搬运 進階擺攤(7899) x1
2026-06-25 04:55:32.745 | 定时使用 黃金釣鉤(8030)
2026-06-25 09:55:36.008 | 定时使用 黃金釣鉤(8030)
2026-06-25 12:04:24.435 | 下线 beifeng3/sadasdsadas
2026-06-25 19:18:55.499 | 上线 beifeng3/sadasdsadas
2026-06-25 19:18:55.499 | 当前金币 37,691,435
2026-06-25 19:23:55.563 | 定时使用 黃金釣鉤(8030)
2026-06-25 19:24:27.121 | 回城复活(手动)
2026-06-25 19:24:32.131 | 下线 beifeng3/sadasdsadas
2026-06-25 19:25:17.367 | 上线 beifeng3/sadasdsadas
2026-06-25 19:25:17.367 | 当前金币 37,691,435
2026-06-25 19:27:01.243 | 补货上架购买 高手的發條(26732) x150 @1
2026-06-25 19:27:01.746 | 补货搬运 高手的發條(26732) x150
2026-06-25 19:27:02.247 | 摆摊上架 高手的發條(26732) x150 @1
2026-06-25 19:27:02.247 | 开摊「小店」1 件
2026-06-25 19:27:39.580 | 停止摆摊「小店」
2026-06-25 19:29:08.267 | 摆摊上架 咕咕-防禦力藥水(8203) x11 @1111111
2026-06-25 19:29:08.267 | 开摊「小店」1 件
2026-06-25 19:29:21.294 | 停止摆摊「小店」
2026-06-25 20:28:26.904 | 摆摊上架 高手的發條(26732) x150 @1
2026-06-25 20:28:26.904 | 开摊「小店」1 件
2026-06-25 20:28:33.166 | 获得金币 +146(当前 37,691,581)
2026-06-25 20:28:33.166 | 摆摊卖出 0(0)
2026-06-25 20:28:33.166 | 摆摊售罄自动收摊
2026-06-25 20:28:33.667 | 停止摆摊「小店」
2026-06-25 20:28:38.426 | 停止摆摊「摊位」
2026-06-26 00:25:23.392 | 定时使用 黃金釣鉤(8030)
2026-06-26 05:25:30.507 | 定时使用 黃金釣鉤(8030)
2026-06-26 09:05:18.342 | 下线 beifeng3/sadasdsadas
2026-06-26 20:23:17.908 | 上线 beifeng3/sadasdsadas
2026-06-26 20:23:17.910 | 当前金币 37,691,581
2026-06-26 20:28:18.000 | 定时使用 黃金釣鉤(8030)
2026-06-26 22:40:04.403 | 上线 beifeng3/sadasdsadas
2026-06-26 22:40:04.403 | 当前金币 37,691,581
2026-06-27 00:24:27.034 | 下线 beifeng3/sadasdsadas
2026-06-27 00:28:06.322 | 上线 beifeng3/sadasdsadas
2026-06-27 00:28:06.322 | 当前金币 37,691,581
2026-06-27 00:35:26.907 | 下线 beifeng3/sadasdsadas
2026-06-27 00:54:12.748 | 上线 beifeng3/sadasdsadas
2026-06-27 00:54:12.748 | 当前金币 37,691,581
2026-06-27 01:04:17.058 | 下线 beifeng3/sadasdsadas
2026-06-27 01:07:47.100 | 上线 beifeng3/sadasdsadas
2026-06-27 01:07:47.100 | 当前金币 37,691,581
2026-06-27 01:18:39.495 | 下线 beifeng3/sadasdsadas
2026-06-27 01:24:59.459 | 上线 beifeng3/sadasdsadas
2026-06-27 01:24:59.459 | 当前金币 37,691,581
2026-06-27 01:29:59.503 | 定时使用 黃金釣鉤(8030)
2026-06-27 02:00:31.110 | 上线 beifeng3/sadasdsadas
2026-06-27 02:00:31.110 | 当前金币 37,691,581
2026-06-27 02:02:39.013 | 上线 beifeng3/sadasdsadas
2026-06-27 02:02:39.013 | 当前金币 37,691,581
2026-06-27 02:18:32.253 | 上线 beifeng3/sadasdsadas
2026-06-27 02:18:32.254 | 当前金币 37,691,581
2026-06-27 06:33:38.494 | 定时使用 黃金釣鉤(8030)
2026-06-27 10:26:34.376 | 下线 beifeng3/sadasdsadas
2026-06-30 19:56:12.755 | 上线 beifeng3/sadasdsadas
2026-06-30 19:56:12.755 | 当前金币 37,691,581
2026-06-30 19:57:18.627 | 下线 beifeng3/sadasdsadas
2026-06-30 20:05:15.974 | 上线 beifeng3/sadasdsadas
2026-06-30 20:05:15.974 | 当前金币 37,691,581
