2026-06-24 23:43:28.578 | 上线 beifeng1/asdasd
2026-06-24 23:43:28.578 | 当前金币 25,294,605
2026-06-25 00:05:25.217 | 下线 beifeng1/asdasd
2026-06-25 00:25:07.556 | 上线 beifeng1/asdasd
2026-06-25 00:25:07.556 | 当前金币 25,294,605
2026-06-25 00:25:12.484 | 泡点购买 進階擺攤(7899) x1
2026-06-25 00:25:12.986 | 补货搬运 進階擺攤(7899) x1
2026-06-25 00:30:07.554 | 定时使用 進階擺攤(7899)
2026-06-25 00:30:09.935 | 泡点购买 進階擺攤(7899) x1
2026-06-25 00:30:10.437 | 补货搬运 進階擺攤(7899) x1
2026-06-25 04:05:09.776 | 定时使用 黃金釣鉤(8030)
2026-06-25 09:05:14.087 | 定时使用 黃金釣鉤(8030)
2026-06-25 12:04:24.440 | 下线 beifeng1/asdasd
2026-06-25 19:18:55.366 | 上线 beifeng1/asdasd
2026-06-25 19:18:55.367 | 当前金币 25,294,605
2026-06-25 19:19:34.609 | 补货上架购买 高手的發條(26732) x150 @1
2026-06-25 19:19:35.111 | 补货搬运 高手的發條(26732) x150
2026-06-25 19:19:35.611 | 摆摊上架 高手的發條(26732) x150 @1
2026-06-25 19:19:35.611 | 开摊「小店」1 件
2026-06-25 19:19:45.380 | 停止摆摊「小店」
2026-06-25 19:21:03.284 | 回城复活(手动)
2026-06-25 19:21:41.601 | 下线 beifeng1/asdasd
2026-06-25 19:23:14.157 | 上线 beifeng1/asdasd
2026-06-25 19:23:14.157 | 当前金币 25,294,605
2026-06-25 19:23:58.240 | 摆摊上架 高手的發條(26732) x150 @1
2026-06-25 19:23:58.240 | 开摊「小店」1 件
2026-06-25 19:24:00.996 | 获得金币 +146(当前 25,294,751)
2026-06-25 19:24:00.996 | 摆摊卖出 0(0)
2026-06-25 19:24:01.246 | 摆摊售罄自动收摊
2026-06-25 19:24:01.747 | 停止摆摊「小店」
2026-06-25 19:28:14.221 | 定时使用 黃金釣鉤(8030)
2026-06-26 00:28:20.505 | 定时使用 黃金釣鉤(8030)
2026-06-26 05:28:26.580 | 定时使用 黃金釣鉤(8030)
2026-06-26 09:05:18.369 | 下线 beifeng1/asdasd
2026-06-26 20:23:18.114 | 上线 beifeng1/asdasd
2026-06-26 20:23:18.115 | 当前金币 25,294,751
2026-06-26 20:28:18.232 | 定时使用 黃金釣鉤(8030)
2026-06-27 00:24:26.978 | 下线 beifeng1/asdasd
2026-06-27 00:28:06.432 | 上线 beifeng1/asdasd
2026-06-27 00:28:06.432 | 当前金币 25,294,751
2026-06-27 00:35:26.775 | 下线 beifeng1/asdasd
2026-06-27 00:53:37.054 | 上线 beifeng1/asdasd
2026-06-27 00:53:37.806 | 当前金币 25,294,751
2026-06-27 01:04:16.984 | 下线 beifeng1/asdasd
2026-06-27 01:07:06.730 | 上线 beifeng1/asdasd
2026-06-27 01:07:06.730 | 当前金币 25,294,751
2026-06-27 01:24:59.031 | 上线 beifeng1/asdasd
2026-06-27 01:25:07.796 | 僵尸进场:CG_ENTER 后 12s 内 game 端口无任何数据，触发重登
2026-06-27 01:27:05.839 | 上线 beifeng1/asdasd
2026-06-27 01:27:05.839 | 当前金币 25,294,751
2026-06-27 01:32:05.867 | 定时使用 黃金釣鉤(8030)
2026-06-27 02:18:17.272 | 上线 beifeng1/asdasd
2026-06-27 02:18:17.272 | 当前金币 25,294,751
2026-06-27 03:29:33.687 | 上线 beifeng1/asdasd
2026-06-27 03:29:33.687 | 当前金币 25,294,751
2026-06-27 06:34:35.916 | 定时使用 黃金釣鉤(8030)
2026-06-27 10:26:34.376 | 下线 beifeng1/asdasd
2026-06-30 18:57:14.936 | 上线 beifeng1/asdasd
2026-06-30 18:57:14.936 | 当前金币 26,920,452
2026-06-30 19:00:39.563 | 下线 beifeng1/asdasd
2026-06-30 19:01:18.752 | 上线 beifeng1/asdasd
2026-06-30 19:01:18.752 | 当前金币 26,920,452
2026-06-30 19:15:21.641 | 上线 beifeng1/asdasd
2026-06-30 19:15:21.641 | 当前金币 26,920,452
2026-06-30 19:17:58.186 | 下线 beifeng1/asdasd
2026-06-30 19:43:33.517 | 上线 beifeng1/asdasd
2026-06-30 19:43:33.517 | 当前金币 26,920,452
2026-06-30 19:53:58.218 | 上线 beifeng1/asdasd
2026-06-30 19:53:58.218 | 当前金币 26,920,452
2026-06-30 19:57:18.839 | 下线 beifeng1/asdasd
2026-06-30 20:05:09.025 | 上线 beifeng1/asdasd
2026-06-30 20:05:09.025 | 当前金币 26,920,452
2026-06-30 20:15:31.716 | 下线 beifeng1/asdasd
2026-07-01 00:25:18.377 | 上线 beifeng1/asdasd
2026-07-01 00:25:18.377 | 当前金币 26,920,452
2026-07-05 11:01:07.683 | 上线 beifeng1/asdasd
2026-07-05 11:01:07.683 | 当前金币 26,920,452
2026-07-05 11:06:07.771 | 定时使用 黃金釣鉤(8030)
2026-07-05 11:06:07.771 | 定时使用 進階擺攤(7899)
2026-07-05 11:06:16.873 | 泡点购买 進階擺攤(7899) x1
2026-07-05 11:06:17.374 | 补货搬运 進階擺攤(7899) x1
2026-07-05 11:27:20.814 | 下线 beifeng1/asdasd
