2026-06-24 23:43:14.522 | 上线 beifeng2/dasdasd
2026-06-24 23:43:14.522 | 当前金币 41,527,050
2026-06-25 00:05:26.164 | 下线 beifeng2/dasdasd
2026-06-25 00:25:08.277 | 上线 beifeng2/dasdasd
2026-06-25 00:25:08.277 | 当前金币 41,527,050
2026-06-25 00:25:14.926 | 泡点购买 進階擺攤(7899) x1
2026-06-25 00:25:15.428 | 补货搬运 進階擺攤(7899) x1
2026-06-25 00:30:08.501 | 定时使用 進階擺攤(7899)
2026-06-25 00:30:19.061 | 泡点购买 進階擺攤(7899) x1
2026-06-25 00:30:19.562 | 补货搬运 進階擺攤(7899) x1
2026-06-25 04:05:10.656 | 定时使用 黃金釣鉤(8030)
2026-06-25 09:05:15.089 | 定时使用 黃金釣鉤(8030)
2026-06-25 12:04:24.449 | 下线 beifeng2/dasdasd
2026-06-25 19:18:55.609 | 上线 beifeng2/dasdasd
2026-06-25 19:18:55.609 | 当前金币 41,527,050
2026-06-25 19:22:09.974 | 摆摊上架 咕咕-魔法藥水(8202) x111 @11111111
2026-06-25 19:22:09.974 | 开摊「小店」1 件
2026-06-25 19:22:52.315 | 停止摆摊「小店」
2026-06-25 19:23:55.675 | 定时使用 黃金釣鉤(8030)
2026-06-25 19:24:15.960 | 回城复活(手动)
2026-06-25 19:24:31.237 | 下线 beifeng2/dasdasd
2026-06-25 19:24:57.678 | 上线 beifeng2/dasdasd
2026-06-25 19:24:57.678 | 当前金币 41,527,050
2026-06-25 19:25:18.017 | 补货上架购买失败 高手的發條(26732):HTTP Error 400: Bad Request
2026-06-25 19:26:17.885 | 停止摆摊「摊位」
2026-06-25 19:26:34.573 | 补货上架购买 高手的發條(26732) x150 @1
2026-06-25 19:26:35.076 | 补货搬运 高手的發條(26732) x150
2026-06-25 19:26:35.577 | 摆摊上架 高手的發條(26732) x150 @1
2026-06-25 19:26:35.577 | 开摊「小店」1 件
2026-06-25 19:26:38.832 | 获得金币 +146(当前 41,527,196)
2026-06-25 19:26:38.832 | 摆摊卖出 0(0)
2026-06-25 19:26:39.333 | 摆摊售罄自动收摊
2026-06-25 19:26:39.834 | 停止摆摊「小店」
2026-06-25 19:29:32.185 | 摆摊上架 咕咕-魔法藥水(8202) x11 @11111
2026-06-25 19:29:32.185 | 开摊「小店」1 件
2026-06-25 19:30:16.778 | 停止摆摊「小店」
2026-06-26 00:25:03.854 | 定时使用 黃金釣鉤(8030)
2026-06-26 05:25:10.174 | 定时使用 黃金釣鉤(8030)
2026-06-26 09:05:18.369 | 下线 beifeng2/dasdasd
2026-06-26 20:23:20.996 | 上线 beifeng2/dasdasd
2026-06-26 20:23:20.996 | 当前金币 41,527,196
2026-06-26 20:28:21.092 | 定时使用 黃金釣鉤(8030)
2026-06-26 22:30:41.773 | 上线 beifeng2/dasdasd
2026-06-26 22:30:41.773 | 当前金币 41,527,196
2026-06-26 22:37:53.811 | 上线 beifeng2/dasdasd
2026-06-26 22:37:53.811 | 当前金币 41,527,196
2026-06-27 00:24:27.155 | 下线 beifeng2/dasdasd
2026-06-27 00:28:06.244 | 上线 beifeng2/dasdasd
2026-06-27 00:28:06.244 | 当前金币 41,527,196
2026-06-27 00:35:26.844 | 下线 beifeng2/dasdasd
2026-06-27 00:53:30.081 | 上线 beifeng2/dasdasd
2026-06-27 00:53:30.081 | 当前金币 41,527,196
2026-06-27 01:04:17.026 | 下线 beifeng2/dasdasd
2026-06-27 01:06:16.940 | 上线 beifeng2/dasdasd
2026-06-27 01:06:16.940 | 当前金币 41,527,196
2026-06-27 01:18:39.501 | 下线 beifeng2/dasdasd
2026-06-27 01:24:54.522 | 上线 beifeng2/dasdasd
2026-06-27 01:25:03.284 | 僵尸进场:CG_ENTER 后 12s 内 game 端口无任何数据，触发重登
2026-06-27 01:27:14.754 | 上线 beifeng2/dasdasd
2026-06-27 01:27:14.754 | 当前金币 41,527,196
2026-06-27 01:32:14.800 | 定时使用 黃金釣鉤(8030)
2026-06-27 02:17:58.067 | 上线 beifeng2/dasdasd
2026-06-27 02:17:58.067 | 当前金币 41,527,196
2026-06-27 03:31:06.702 | 上线 beifeng2/dasdasd
2026-06-27 03:31:06.702 | 当前金币 41,527,196
2026-06-27 06:36:09.013 | 定时使用 黃金釣鉤(8030)
2026-06-27 10:26:34.378 | 下线 beifeng2/dasdasd
2026-06-30 18:59:14.278 | 上线 beifeng2/dasdasd
2026-06-30 18:59:14.278 | 当前金币 41,527,196
2026-06-30 19:00:39.689 | 下线 beifeng2/dasdasd
2026-06-30 19:01:32.464 | 上线 beifeng2/dasdasd
2026-06-30 19:01:32.464 | 当前金币 41,527,196
2026-06-30 19:16:05.187 | 上线 beifeng2/dasdasd
2026-06-30 19:16:05.188 | 当前金币 41,527,196
2026-06-30 19:17:59.404 | 下线 beifeng2/dasdasd
2026-06-30 19:54:54.602 | 上线 beifeng2/dasdasd
2026-06-30 19:54:56.356 | 当前金币 41,527,196
2026-06-30 19:57:18.629 | 下线 beifeng2/dasdasd
2026-06-30 20:05:09.021 | 上线 beifeng2/dasdasd
2026-06-30 20:05:09.022 | 当前金币 41,527,196
2026-06-30 20:15:31.716 | 下线 beifeng2/dasdasd
