2026-06-24 23:56:49.419 | 上线 gongyu9011213/shadowdance
2026-06-24 23:56:49.419 | 当前金币 317,200,199
2026-06-24 23:56:49.419 | 邮寄 50,000,000 → shadowsing
2026-06-24 23:57:49.579 | 邮寄 50,000,000 → shadowsing
2026-06-24 23:57:50.331 | 金币变动 -50,010,000(当前 267,190,199)
2026-06-24 23:58:49.702 | 邮寄 50,000,000 → shadowsing
2026-06-24 23:58:55.213 | 金币变动 -50,010,000(当前 217,180,199)
2026-06-24 23:59:49.825 | 邮寄 50,000,000 → shadowsing
2026-06-24 23:59:50.576 | 金币变动 -50,010,000(当前 167,170,199)
2026-06-25 00:00:49.951 | 邮寄 50,000,000 → shadowsing
2026-06-25 00:00:51.704 | 金币变动 -50,010,000(当前 117,160,199)
2026-06-25 00:01:50.062 | 邮寄 50,000,000 → shadowsing
2026-06-25 00:01:51.564 | 金币变动 -50,010,000(当前 67,150,199)
2026-06-25 00:02:50.185 | 邮寄 50,000,000 → shadowsing
2026-06-25 00:02:50.936 | 金币变动 -50,010,000(当前 17,140,199)
2026-06-25 00:05:22.980 | 下线 gongyu9011213/shadowdance
2026-06-25 00:26:58.395 | 上线 gongyu9011213/shadowdance
2026-06-25 00:26:58.396 | 当前金币 17,140,199
2026-06-25 00:27:01.043 | 泡点购买 進階擺攤(7899) x1
2026-06-25 00:27:08.813 | 补货搬运 進階擺攤(7899) x1
2026-06-25 03:42:00.504 | 定时使用 黃金釣鉤(8030)
2026-06-25 08:42:03.307 | 定时使用 黃金釣鉤(8030)
2026-06-25 10:41:00.943 | 下线 gongyu9011213/shadowdance
2026-06-25 12:05:40.039 | 上线 gongyu9011213/shadowdance
2026-06-25 12:05:40.039 | 当前金币 17,154,875
2026-06-25 12:06:29.876 | 摆摊上架 黃金釣鉤(8030) x111 @11
2026-06-25 12:06:29.876 | 摆摊上架 豪華的嬰兒副食品(3690) x111 @22
2026-06-25 12:06:29.876 | 开摊「小店」2 件
2026-06-25 12:06:38.893 | 获得金币 +118(当前 17,154,993)
2026-06-25 12:06:38.893 | 摆摊卖出 黃金釣鉤(8030)
2026-06-25 12:07:05.192 | 停止摆摊「小店」
2026-06-25 12:07:39.004 | 停止摆摊「摊位」
2026-06-25 12:08:26.848 | 下线 gongyu9011213/shadowdance
2026-06-25 12:09:00.525 | 上线 gongyu9011213/shadowdance
2026-06-25 12:09:00.527 | 当前金币 17,154,993
2026-06-25 12:25:10.124 | 上线 gongyu9011213/shadowdance
2026-06-25 12:25:10.124 | 当前金币 17,154,993
2026-06-25 13:45:10.918 | 定时使用 黃金釣鉤(8030)
2026-06-25 14:03:25.159 | 下线 gongyu9011213/shadowdance
2026-06-25 14:04:24.894 | 上线 gongyu9011213/shadowdance
2026-06-25 14:04:24.894 | 当前金币 17,154,993
2026-06-25 14:06:13.838 | 摆摊上架 黃金釣鉤(8030) x11 @11
2026-06-25 14:06:13.838 | 开摊「小店」1 件
2026-06-25 14:06:24.857 | 获得金币 +54(当前 17,155,047)
2026-06-25 14:06:24.857 | 摆摊卖出 黃金釣鉤(8030)
2026-06-25 14:06:28.362 | 停止摆摊「小店」
2026-06-25 14:26:30.390 | 下线 gongyu9011213/shadowdance
2026-06-25 14:27:12.284 | 上线 gongyu9011213/shadowdance
2026-06-25 14:27:12.284 | 当前金币 17,155,047
2026-06-25 14:58:02.008 | 补货上架购买 高手的發條(26732) x5 @2333333
2026-06-25 14:58:02.511 | 补货搬运 高手的發條(26732) x1
2026-06-25 14:58:02.511 | 补货搬运 高手的發條(26732) x3
2026-06-25 14:58:02.511 | 补货搬运 高手的發條(26732) x1
2026-06-25 14:58:03.012 | 摆摊上架 高手的發條(26732) x5 @2333333
2026-06-25 14:58:03.012 | 开摊「小店」1 件
2026-06-25 14:58:11.780 | 获得金币 +11,316,666(当前 28,471,713)
2026-06-25 14:58:11.780 | 摆摊卖出 高手的發條(26732)
2026-06-25 14:58:12.281 | 摆摊售罄自动收摊
2026-06-25 14:58:12.782 | 停止摆摊「小店」
2026-06-25 15:28:33.983 | 下线 gongyu9011213/shadowdance
2026-06-25 15:29:14.796 | 上线 gongyu9011213/shadowdance
2026-06-25 15:29:14.796 | 当前金币 28,471,713
2026-06-25 15:29:29.074 | 下线 gongyu9011213/shadowdance
2026-06-25 15:38:30.516 | 上线 gongyu9011213/shadowdance
2026-06-25 15:38:30.518 | 当前金币 28,471,713
2026-06-25 15:45:56.370 | 下线 gongyu9011213/shadowdance
2026-06-26 20:23:20.595 | 上线 gongyu9011213/shadowdance
2026-06-26 20:23:20.595 | 当前金币 28,471,713
2026-06-26 20:28:20.698 | 定时使用 黃金釣鉤(8030)
2026-06-26 21:37:39.398 | 下线 gongyu9011213/shadowdance
2026-06-27 00:53:07.216 | 上线 gongyu9011213/shadowdance
2026-06-27 00:53:07.216 | 当前金币 28,471,713
2026-06-27 01:04:16.922 | 下线 gongyu9011213/shadowdance
2026-06-27 01:06:17.695 | 上线 gongyu9011213/shadowdance
2026-06-27 01:06:17.696 | 当前金币 28,471,713
2026-06-27 01:18:39.504 | 下线 gongyu9011213/shadowdance
2026-06-27 01:24:47.474 | 上线 gongyu9011213/shadowdance
2026-06-27 01:24:48.726 | 当前金币 28,471,713
2026-06-27 01:29:47.535 | 定时使用 黃金釣鉤(8030)
2026-06-27 01:40:08.030 | 上线 gongyu9011213/shadowdance
2026-06-27 01:40:11.284 | 当前金币 28,471,713
2026-06-27 02:20:20.752 | 上线 gongyu9011213/shadowdance
2026-06-27 02:20:20.752 | 当前金币 28,471,713
2026-06-27 03:29:39.705 | 上线 gongyu9011213/shadowdance
2026-06-27 03:30:06.745 | 当前金币 28,471,713
2026-06-27 06:34:42.116 | 定时使用 黃金釣鉤(8030)
2026-06-27 10:26:34.329 | 下线 gongyu9011213/shadowdance
2026-06-27 13:13:01.452 | 上线 gongyu9011213/shadowdance
2026-06-27 13:13:01.454 | 当前金币 28,471,713
2026-06-27 13:32:12.298 | 下线 gongyu9011213/shadowdance
2026-06-30 18:57:13.777 | 上线 gongyu9011213/shadowdance
2026-06-30 18:57:13.777 | 当前金币 29,388,383
2026-06-30 19:00:39.647 | 下线 gongyu9011213/shadowdance
2026-06-30 20:04:41.116 | 上线 gongyu9011213/shadowdance
2026-06-30 20:04:41.117 | 当前金币 29,388,383
2026-06-30 20:09:41.178 | 定时使用 黃金釣鉤(8030)
