2026-06-25 19:10:37.375 | 上线 gongyu901121/shadowpope
2026-06-25 19:10:37.375 | 当前金币 30,187,478
2026-06-25 19:11:32.671 | 补货上架购买 高手的發條(26732) x150 @1
2026-06-25 19:11:33.424 | 补货搬运 高手的發條(26732) x150
2026-06-25 19:11:33.926 | 摆摊上架 高手的發條(26732) x150 @1
2026-06-25 19:11:33.926 | 开摊「小店」1 件
2026-06-25 19:11:52.775 | 上线 gongyu901121/shadowpope
2026-06-25 19:11:52.775 | 当前金币 30,187,478
2026-06-25 19:12:13.067 | 摆摊上架 高手的發條(26732) x155 @1
2026-06-25 19:12:13.067 | 开摊「小店」1 件
2026-06-25 19:15:05.018 | 上线 gongyu901121/shadowpope
2026-06-25 19:15:05.018 | 当前金币 30,187,629
2026-06-25 19:15:06.917 | 泡点购买 進階擺攤(7899) x1
2026-06-25 19:15:07.669 | 补货搬运 進階擺攤(7899) x1
2026-06-25 19:20:05.027 | 定时使用 黃金釣鉤(8030)
2026-06-26 00:20:11.184 | 定时使用 黃金釣鉤(8030)
2026-06-26 05:20:19.941 | 定时使用 黃金釣鉤(8030)
2026-06-26 09:05:18.266 | 下线 gongyu901121/shadowpope
2026-06-26 20:23:19.824 | 上线 gongyu901121/shadowpope
2026-06-26 20:23:19.824 | 当前金币 29,737,629
2026-06-26 20:28:19.905 | 定时使用 黃金釣鉤(8030)
2026-06-27 00:24:26.948 | 下线 gongyu901121/shadowpope
2026-06-27 00:28:06.708 | 上线 gongyu901121/shadowpope
2026-06-27 00:28:06.708 | 当前金币 29,737,629
2026-06-27 00:35:26.804 | 下线 gongyu901121/shadowpope
2026-06-27 00:54:07.249 | 上线 gongyu901121/shadowpope
2026-06-27 00:54:07.249 | 当前金币 29,737,629
2026-06-27 01:04:17.061 | 下线 gongyu901121/shadowpope
2026-06-27 01:06:43.501 | 上线 gongyu901121/shadowpope
2026-06-27 01:06:43.501 | 当前金币 29,737,629
2026-06-27 01:18:39.502 | 下线 gongyu901121/shadowpope
2026-06-27 01:25:43.961 | 上线 gongyu901121/shadowpope
2026-06-27 01:25:44.712 | 当前金币 29,737,629
2026-06-27 01:30:44.046 | 定时使用 黃金釣鉤(8030)
2026-06-27 02:16:29.116 | 上线 gongyu901121/shadowpope
2026-06-27 02:16:29.116 | 当前金币 29,737,629
2026-06-27 06:31:35.508 | 定时使用 黃金釣鉤(8030)
2026-06-27 10:26:34.329 | 下线 gongyu901121/shadowpope
2026-06-30 18:58:36.434 | 上线 gongyu901121/shadowpope
2026-06-30 18:58:36.434 | 当前金币 29,737,649
2026-06-30 19:00:39.647 | 下线 gongyu901121/shadowpope
2026-06-30 19:57:05.411 | 上线 gongyu901121/shadowpope
2026-06-30 19:57:05.411 | 当前金币 29,737,649
2026-06-30 19:57:18.690 | 下线 gongyu901121/shadowpope
