2026-06-28 01:02:14.325 | 上线 gongyu9011212/shadowsing
2026-06-28 01:02:14.325 | 当前金币 2,356,173,327
2026-06-28 01:02:14.926 | 打开摊贩(自动)
2026-06-28 01:02:15.527 | 购买 紅標槍(3982) x300
2026-06-28 01:02:16.128 | 购买 紅標槍(3982) x300
2026-06-28 01:02:16.729 | 购买 紅標槍(3982) x300
2026-06-28 01:02:17.329 | 购买 紅標槍(3982) x300
2026-06-28 01:02:17.930 | 购买 紅標槍(3982) x300
2026-06-28 01:02:18.531 | 购买 紅標槍(3982) x300
2026-06-28 01:02:19.132 | 购买 紅標槍(3982) x300
2026-06-28 01:02:19.733 | 购买 紅標槍(3982) x300
2026-06-28 01:02:20.333 | 购买 紅標槍(3982) x300
2026-06-28 01:02:20.937 | 购买 紅標槍(3982) x300
2026-06-28 01:02:21.538 | 关闭摊贩(自动)
2026-06-28 01:02:21.538 | 邮寄 50,000,000 → shadowsing
2026-06-28 01:02:23.946 | 泡点购买 進階擺攤(7899) x1
2026-06-28 01:02:24.197 | 金币变动 -9,000(当前 2,356,164,327)
2026-06-28 01:02:24.197 | 金币变动 -9,000(当前 2,356,155,327)
2026-06-28 01:02:24.197 | 金币变动 -9,000(当前 2,356,146,327)
2026-06-28 01:02:24.197 | 金币变动 -9,000(当前 2,356,137,327)
2026-06-28 01:02:24.197 | 金币变动 -9,000(当前 2,356,128,327)
2026-06-28 01:02:24.197 | 金币变动 -9,000(当前 2,356,119,327)
2026-06-28 01:02:24.197 | 金币变动 -9,000(当前 2,356,110,327)
2026-06-28 01:02:24.197 | 金币变动 -9,000(当前 2,356,101,327)
2026-06-28 01:02:24.197 | 金币变动 -9,000(当前 2,356,092,327)
2026-06-28 01:02:24.198 | 金币变动 -9,000(当前 2,356,083,327)
2026-06-28 01:02:24.198 | 购买后 紅標槍(3982) 背包共 3000 个，当前金钱 2,356,083,327
2026-06-28 01:02:54.174 | 补货超时 進階擺攤(7899)(还差 1)
2026-06-28 01:03:14.494 | 邮寄 50,000,000 → shadowsing
2026-06-28 01:03:15.963 | 泡点购买 進階擺攤(7899) x1
2026-06-28 01:03:46.092 | 补货超时 進階擺攤(7899)(还差 1)
2026-06-28 01:04:14.714 | 邮寄 50,000,000 → shadowsing
2026-06-28 01:04:15.714 | 泡点购买 進階擺攤(7899) x1
2026-06-28 01:04:45.825 | 补货超时 進階擺攤(7899)(还差 1)
2026-06-28 01:05:14.947 | 邮寄 50,000,000 → shadowsing
2026-06-28 01:05:16.439 | 泡点购买 進階擺攤(7899) x1
2026-06-28 01:05:46.554 | 补货超时 進階擺攤(7899)(还差 1)
2026-06-28 01:05:50.564 | 下线 gongyu9011212/shadowsing
2026-06-28 01:26:40.480 | 上线 gongyu9011212/shadowsing
2026-06-28 01:26:40.480 | 当前金币 2,356,083,327
2026-06-28 01:26:40.481 | 邮寄 50,000,000 → shadowsing
2026-06-28 01:26:44.411 | 泡点购买 進階擺攤(7899) x1
2026-06-28 01:27:14.539 | 补货超时 進階擺攤(7899)(还差 1)
2026-06-28 01:27:40.680 | 邮寄 50,000,000 → shadowsing
2026-06-28 01:27:42.589 | 泡点购买 進階擺攤(7899) x1
2026-06-28 01:28:12.714 | 补货超时 進階擺攤(7899)(还差 1)
2026-06-28 01:28:40.827 | 邮寄 50,000,000 → shadowsing
2026-06-28 01:28:42.368 | 泡点购买 進階擺攤(7899) x1
2026-06-28 01:29:12.501 | 补货超时 進階擺攤(7899)(还差 1)
2026-06-28 01:29:40.869 | 邮寄 50,000,000 → shadowsing
2026-06-28 01:29:42.395 | 泡点购买 進階擺攤(7899) x1
2026-06-28 01:30:12.517 | 补货超时 進階擺攤(7899)(还差 1)
2026-06-28 01:30:40.880 | 邮寄 50,000,000 → shadowsing
2026-06-28 01:30:42.809 | 泡点购买 進階擺攤(7899) x1
2026-06-28 01:31:12.910 | 补货超时 進階擺攤(7899)(还差 1)
2026-06-28 01:31:41.053 | 邮寄 50,000,000 → shadowsing
2026-06-28 01:31:44.877 | 泡点购买 進階擺攤(7899) x1
2026-06-28 01:32:15.040 | 补货超时 進階擺攤(7899)(还差 1)
2026-06-28 01:32:41.141 | 邮寄 50,000,000 → shadowsing
2026-06-28 01:32:42.980 | 泡点购买 進階擺攤(7899) x1
2026-06-28 01:33:13.144 | 补货超时 進階擺攤(7899)(还差 1)
2026-06-28 01:33:41.265 | 邮寄 50,000,000 → shadowsing
2026-06-28 01:33:52.369 | 泡点购买 進階擺攤(7899) x1
2026-06-28 01:34:22.508 | 补货超时 進階擺攤(7899)(还差 1)
2026-06-28 01:34:41.331 | 邮寄 50,000,000 → shadowsing
2026-06-28 01:34:43.240 | 泡点购买 進階擺攤(7899) x1
2026-06-28 01:34:54.277 | 下线 gongyu9011212/shadowsing
2026-06-28 01:50:41.832 | 上线 gongyu9011212/shadowsing
2026-06-28 01:50:41.833 | 当前金币 2,356,083,327
2026-06-28 01:50:41.833 | 邮寄 50,000,000 → shadowsing
2026-06-28 01:50:45.383 | 泡点购买 進階擺攤(7899) x1
2026-06-28 01:51:15.538 | 补货超时 進階擺攤(7899)(还差 1)
2026-06-28 01:51:41.877 | 邮寄 50,000,000 → shadowsing
2026-06-28 01:51:43.690 | 泡点购买 進階擺攤(7899) x1
2026-06-28 01:52:13.840 | 补货超时 進階擺攤(7899)(还差 1)
2026-06-28 01:52:41.965 | 邮寄 50,000,000 → shadowsing
2026-06-28 01:52:42.923 | 泡点购买 進階擺攤(7899) x1
2026-06-28 01:53:13.083 | 补货超时 進階擺攤(7899)(还差 1)
2026-06-28 01:53:41.993 | 邮寄 50,000,000 → shadowsing
2026-06-28 01:53:43.412 | 泡点购买 進階擺攤(7899) x1
2026-06-28 01:54:13.575 | 补货超时 進階擺攤(7899)(还差 1)
2026-06-28 01:54:42.175 | 邮寄 50,000,000 → shadowsing
2026-06-28 01:54:43.584 | 泡点购买 進階擺攤(7899) x1
2026-06-28 01:55:13.688 | 补货超时 進階擺攤(7899)(还差 1)
2026-06-28 01:55:42.306 | 邮寄 50,000,000 → shadowsing
2026-06-28 01:55:45.718 | 泡点购买 進階擺攤(7899) x1
2026-06-28 01:56:15.877 | 补货超时 進階擺攤(7899)(还差 1)
2026-06-28 01:56:42.471 | 邮寄 50,000,000 → shadowsing
2026-06-28 01:56:43.900 | 泡点购买 進階擺攤(7899) x1
2026-06-28 01:57:14.056 | 补货超时 進階擺攤(7899)(还差 1)
2026-06-28 01:57:42.673 | 邮寄 50,000,000 → shadowsing
2026-06-28 01:57:43.574 | 泡点购买 進階擺攤(7899) x1
2026-06-28 01:58:13.725 | 补货超时 進階擺攤(7899)(还差 1)
2026-06-28 01:58:42.866 | 邮寄 50,000,000 → shadowsing
2026-06-28 01:58:44.286 | 泡点购买 進階擺攤(7899) x1
2026-06-28 01:59:14.437 | 补货超时 進階擺攤(7899)(还差 1)
2026-06-28 01:59:43.084 | 邮寄 50,000,000 → shadowsing
2026-06-28 01:59:44.539 | 泡点购买 進階擺攤(7899) x1
2026-06-28 02:00:14.645 | 补货超时 進階擺攤(7899)(还差 1)
2026-06-28 02:00:43.253 | 邮寄 50,000,000 → shadowsing
2026-06-28 02:00:46.302 | 泡点购买 進階擺攤(7899) x1
2026-06-28 02:01:16.390 | 补货超时 進階擺攤(7899)(还差 1)
2026-06-28 02:01:43.481 | 邮寄 50,000,000 → shadowsing
2026-06-28 02:01:44.899 | 泡点购买 進階擺攤(7899) x1
2026-06-28 02:02:15.045 | 补货超时 進階擺攤(7899)(还差 1)
2026-06-28 02:02:43.670 | 邮寄 50,000,000 → shadowsing
2026-06-28 02:02:44.504 | 补货购买失败 進階擺攤(7899):HTTP Error 400: Bad Request
2026-06-28 02:02:57.298 | 下线 gongyu9011212/shadowsing
