2026-06-29 14:21:05.252 | [log] writing E:\VS_REPO\red-pass\redpass-daemon\ClientDevLib\SO3DCheat\GGThreadBlock\tools\so3d_online_client\so3d_online_logs\shenbatou7_shenbatou7.log
2026-06-29 14:21:05.252 | [client] account='shenbatou7' character='shenbatou7'
2026-06-29 14:21:05.252 | [client] file info high=0x01DC3DEE low=0x76664113 size=0x007CC5C8
2026-06-29 14:21:05.567 | [net] connected 165.154.194.121:1818
2026-06-29 14:21:05.873 | [debug][recv:handshake] len=12 proto=3878271046 key=6
2026-06-29 14:21:05.873 | [debug][recv:handshake] raw=0c 00 00 00 46 b8 29 e7 29 49 9d 00
2026-06-29 14:21:05.873 | [debug][recv:handshake] dec=0c 00 00 00 46 b8 29 e7 29 49 9d 00
2026-06-29 14:21:05.873 | [debug][recv:handshake] ascii=....F.).)I..
2026-06-29 14:21:05.873 | [debug][recv:handshake] xor-candidate key=0 proto=3255671558 firstBody=0x25B96A69 body=69 6a b9 25
2026-06-29 14:21:05.873 | [debug][recv:handshake] xor-candidate key=1 proto=3238829157 firstBody=0x26B86D0A body=0a 6d b8 26
2026-06-29 14:21:05.873 | [debug][recv:handshake] xor-candidate key=2 proto=3440352610 firstBody=0x2ABB6C0D body=0d 6c bb 2a
2026-06-29 14:21:05.873 | [debug][recv:handshake] xor-candidate key=3 proto=3422789219 firstBody=0x2BB76F0C body=0c 6f b7 2b
2026-06-29 14:21:05.873 | [debug][recv:handshake] xor-candidate key=4 proto=3322057312 firstBody=0x21B6630F body=0f 63 b6 21
2026-06-29 14:21:05.873 | [debug][recv:handshake] xor-candidate key=5 proto=2802357100 firstBody=0x40BC6203 body=03 62 bc 40
2026-06-29 14:21:05.873 | [debug][recv:handshake] xor-candidate key=6 proto=3295254893 firstBody=0x23DD6802 body=02 68 dd 23
2026-06-29 14:21:05.873 | [debug][recv:handshake] xor-candidate key=7 proto=3272276071 firstBody=0x24BE0908 body=08 09 be 24
2026-06-29 14:21:05.873 | [debug][recv:handshake] no XOR key produced a known SO3D proto; the SO3D client dispatcher would not handle this as a normal game packet
2026-06-29 14:21:05.873 | [debug][recv:handshake] des-dec=38 38 03 00 33 5f e2 0d
2026-06-29 14:21:05.873 | [10002] handshake xor key index=6 key=2b 21 40 23
2026-06-29 14:21:05.874 | [10002] initial handshake len=12
2026-06-29 14:21:05.874 | [client] active xor key index=6 key=2b 21 40 23
2026-06-29 14:21:05.874 | [debug][send:CL_LOGIN] len=60 proto=CL_LOGIN xor=True
2026-06-29 14:21:05.874 | [debug][send:CL_LOGIN] raw=3c 00 00 00 b3 90 41 23 2b 21 40 23 9e 00 66 34 42 09 37 6b 2c 20 f5 4a e8 06 af 4b 27 ff ee d2 d8 9e 94 f7 bd dc 3a bf e2 48 e6 c1 30 14 fe 94 64 ac 64 1a 3b 7e 72 a6 09 a6 92 0d
2026-06-29 14:21:05.874 | [debug][send:CL_LOGIN] dec=3c 00 00 00 98 b1 01 00 00 00 00 00 b5 21 26 17 69 28 77 48 07 01 b5 69 c3 27 ef 68 0c de ae f1 f3 bf d4 d4 96 fd 7a 9c c9 69 a6 e2 1b 35 be b7 4f 8d 24 39 10 5f 32 85 22 87 d2 2e
2026-06-29 14:21:05.874 | [10002] send CL_LOGIN
2026-06-29 14:21:06.252 | [debug][recv:LC_SERVER_LIST] len=48 proto=LC_LOGIN_SECONDARY key=6
2026-06-29 14:21:06.252 | [debug][recv:LC_SERVER_LIST] raw=30 00 00 00 71 a7 43 23 29 21 40 23 2b 21 40 23 1b 88 40 23 58 49 25 4d 49 40 34 4c 5e 16 40 23 2b 21 40 23 29 21 40 23 2b 21 40 23 2b 21 40 23
2026-06-29 14:21:06.252 | [debug][recv:LC_SERVER_LIST] dec=30 00 00 00 5a 86 03 00 02 00 00 00 00 00 00 00 30 a9 00 00 73 68 65 6e 62 61 74 6f 75 37 00 00 00 00 00 00 02 00 00 00 00 00 00 00 00 00 00 00
2026-06-29 14:21:06.252 | [10002] recv proto=LC_LOGIN_SECONDARY len=48
2026-06-29 14:21:06.252 | [10002] wait 5s before CL_LOGIN_SECONDARY
2026-06-29 14:21:11.253 | [debug][send:CL_LOGIN_SECONDARY] len=40 proto=CL_LOGIN_SECONDARY xor=True
2026-06-29 14:21:11.253 | [debug][send:CL_LOGIN_SECONDARY] raw=28 00 00 00 88 90 41 23 58 49 25 4d 49 40 34 4c 5e 16 40 23 2b 21 40 23 5a 56 25 52 5c 44 40 23 2b 21 40 23 2b 21 40 23
2026-06-29 14:21:11.253 | [debug][send:CL_LOGIN_SECONDARY] dec=28 00 00 00 a3 b1 01 00 73 68 65 6e 62 61 74 6f 75 37 00 00 00 00 00 00 71 77 65 71 77 65 00 00 00 00 00 00 00 00 00 00
2026-06-29 14:21:11.253 | [10002] send CL_LOGIN_SECONDARY
2026-06-29 14:21:19.263 | [error] attempt 1 failed
2026-06-29 14:21:19.266 | Traceback (most recent call last):
2026-06-29 14:21:19.266 |   File "E:\VS_REPO\red-pass\redpass-daemon\ClientDevLib\SO3DCheat\GGThreadBlock\tools\so3d_online_client\so3dclient\session.py", line 534, in run
2026-06-29 14:21:19.266 |     raw, decoded = read_game_packet(login, xor=False, key_index=key_index, timeout=args.timeout, bridge=login_bridge)
2026-06-29 14:21:19.266 |                    ^^^^^^^^^^^^^^^^^^^^^^^^^^^^^^^^^^^^^^^^^^^^^^^^^^^^^^^^^^^^^^^^^^^^^^^^^^^^^^^^^^^^^^^^^^^^^^^^^^
2026-06-29 14:21:19.266 |   File "E:\VS_REPO\red-pass\redpass-daemon\ClientDevLib\SO3DCheat\GGThreadBlock\tools\so3d_online_client\so3dclient\netio.py", line 32, in read_game_packet
2026-06-29 14:21:19.266 |     header = read_exact(sock, 4)
2026-06-29 14:21:19.266 |              ^^^^^^^^^^^^^^^^^^^
2026-06-29 14:21:19.266 |   File "E:\VS_REPO\red-pass\redpass-daemon\ClientDevLib\SO3DCheat\GGThreadBlock\tools\so3d_online_client\so3dclient\netio.py", line 21, in read_exact
2026-06-29 14:21:19.266 |     chunk = sock.recv(size - len(chunks))
2026-06-29 14:21:19.266 |             ^^^^^^^^^^^^^^^^^^^^^^^^^^^^^
2026-06-29 14:21:19.266 | TimeoutError: timed out
2026-06-29 14:21:19.266 | 
2026-06-29 14:21:19.266 | The above exception was the direct cause of the following exception:
2026-06-29 14:21:19.266 | 
2026-06-29 14:21:19.267 | Traceback (most recent call last):
2026-06-29 14:21:19.267 |   File "E:\VS_REPO\red-pass\redpass-daemon\ClientDevLib\SO3DCheat\GGThreadBlock\tools\so3d_online_client\so3dclient\session.py", line 222, in run_forever
2026-06-29 14:21:19.267 |     run_with_log(args, log_dir, console=console)
2026-06-29 14:21:19.267 |   File "E:\VS_REPO\red-pass\redpass-daemon\ClientDevLib\SO3DCheat\GGThreadBlock\tools\so3d_online_client\so3dclient\session.py", line 172, in run_with_log
2026-06-29 14:21:19.267 |     run(args)
2026-06-29 14:21:19.267 |   File "E:\VS_REPO\red-pass\redpass-daemon\ClientDevLib\SO3DCheat\GGThreadBlock\tools\so3d_online_client\so3dclient\session.py", line 561, in run
2026-06-29 14:21:19.267 |     raise SecondaryLoginStuck(
2026-06-29 14:21:19.267 | so3dclient.session.SecondaryLoginStuck: CL_LOGIN_SECONDARY 流程未完成(账号疑似已在线/顶号未清)
2026-06-29 14:21:29.282 | [log] writing E:\VS_REPO\red-pass\redpass-daemon\ClientDevLib\SO3DCheat\GGThreadBlock\tools\so3d_online_client\so3d_online_logs\shenbatou7_shenbatou7.log
2026-06-29 14:21:29.282 | [client] account='shenbatou7' character='shenbatou7'
2026-06-29 14:21:29.282 | [client] file info high=0x01DC3DEE low=0x76664113 size=0x007CC5C8
2026-06-29 14:21:29.608 | [net] connected 165.154.194.121:1818
2026-06-29 14:21:30.834 | [debug][recv:handshake] len=12 proto=3594001104 key=7
2026-06-29 14:21:30.834 | [debug][recv:handshake] raw=0c 00 00 00 d0 1a 38 d6 ce 94 d9 5e
2026-06-29 14:21:30.834 | [debug][recv:handshake] dec=0c 00 00 00 d0 1a 38 d6 ce 94 d9 5e
2026-06-29 14:21:30.834 | [debug][recv:handshake] ascii=......8....^
2026-06-29 14:21:30.834 | [debug][recv:handshake] xor-candidate key=0 proto=4078713232 firstBody=0x7BFDB78E body=8e b7 fd 7b
2026-06-29 14:21:30.834 | [debug][recv:handshake] xor-candidate key=1 proto=4028448499 firstBody=0x78FCB0ED body=ed b0 fc 78
2026-06-29 14:21:30.834 | [debug][recv:handshake] xor-candidate key=2 proto=4229840884 firstBody=0x74FFB1EA body=ea b1 ff 74
2026-06-29 14:21:30.834 | [debug][recv:handshake] xor-candidate key=3 proto=4245830901 firstBody=0x75F3B2EB body=eb b2 f3 75
2026-06-29 14:21:30.834 | [debug][recv:handshake] xor-candidate key=4 proto=4145230070 firstBody=0x7FF2BEE8 body=e8 be f2 7f
2026-06-29 14:21:30.834 | [debug][recv:handshake] xor-candidate key=5 proto=2518233594 firstBody=0x1EF8BFE4 body=e4 bf f8 1e
2026-06-29 14:21:30.834 | [debug][recv:handshake] xor-candidate key=6 proto=4118297595 firstBody=0x7D99B5E5 body=e5 b5 99 7d
2026-06-29 14:21:30.834 | [debug][recv:handshake] xor-candidate key=7 proto=4061879025 firstBody=0x7AFAD4EF body=ef d4 fa 7a
2026-06-29 14:21:30.834 | [debug][recv:handshake] no XOR key produced a known SO3D proto; the SO3D client dispatcher would not handle this as a normal game packet
2026-06-29 14:21:30.834 | [debug][recv:handshake] des-dec=38 38 03 00 bf 23 be 0e
2026-06-29 14:21:30.834 | [10002] handshake xor key index=7 key=21 40 23 24
2026-06-29 14:21:30.834 | [10002] initial handshake len=12
2026-06-29 14:21:30.834 | [client] active xor key index=7 key=21 40 23 24
2026-06-29 14:21:30.835 | [debug][send:CL_LOGIN] len=60 proto=CL_LOGIN xor=True
2026-06-29 14:21:30.835 | [debug][send:CL_LOGIN] raw=3c 00 00 00 b9 f1 22 24 21 40 23 24 94 61 05 33 48 68 54 6c 26 41 96 4d e2 67 cc 4c 2d 9e 8d d5 d2 ff f7 f0 b7 bd 59 b8 e8 29 85 c6 3a 75 9d 93 6e cd 07 1d 31 1f 11 a1 03 c7 f1 0a
2026-06-29 14:21:30.835 | [debug][send:CL_LOGIN] dec=3c 00 00 00 98 b1 01 00 00 00 00 00 b5 21 26 17 69 28 77 48 07 01 b5 69 c3 27 ef 68 0c de ae f1 f3 bf d4 d4 96 fd 7a 9c c9 69 a6 e2 1b 35 be b7 4f 8d 24 39 10 5f 32 85 22 87 d2 2e
2026-06-29 14:21:30.835 | [10002] send CL_LOGIN
2026-06-29 14:21:31.249 | [debug][recv:LC_SERVER_LIST] len=58 proto=LC_SERVER_LIST key=7
2026-06-29 14:21:31.249 | [debug][recv:LC_SERVER_LIST] raw=3a 00 00 00 68 1f 20 24 20 40 23 24 10 33 46 56 57 25 51 24 01 60 03 04 01 60 03 04 20 40 23 24 21 40 23 24 21 40 23 24 21 40 23 24 21 40 23 24 21 40 23 24 21 40 23 24 21 40
2026-06-29 14:21:31.249 | [debug][recv:LC_SERVER_LIST] dec=3a 00 00 00 49 5f 03 00 01 00 00 00 31 73 65 72 76 65 72 00 20 20 20 20 20 20 20 20 01 00 00 00 00 00 00 00 00 00 00 00 00 00 00 00 00 00 00 00 00 00 00 00 00 00 00 00 00 00
2026-06-29 14:21:31.249 | [10002] recv proto=LC_SERVER_LIST len=58
2026-06-29 14:21:31.530 | [net] connected 123.58.197.240:1838
2026-06-29 14:21:31.530 | [bill] send open opcode=1 len=38
2026-06-29 14:21:34.536 | [bill] recv open-ack skipped: timed out
2026-06-29 14:21:34.536 | [bill] send account opcode=2 len=22
2026-06-29 14:21:34.536 | [bill] send ready opcode=3 len=6
2026-06-29 14:21:34.815 | [bill] recv post-ready-1 47 00 02 00 01 00 00 00 00 00 73 68 65 6e 62 61 74 6f 75 37 00 00 00 00 00 00 00 00 00 00 00 00 00 00 00 00 00 00 00 00 00 00 00 00 00 00 00 00 00 00 00 00 00 00 00 00 00 00 00 00 00 00 00 00 00 00 00 00 00 00 00
2026-06-29 14:21:35.093 | [bill] recv post-ready-2 30 00 03 00 01 00 00 00 00 00 73 68 65 6e 62 61 74 6f 75 37 00 00 00 00 00 00 00 00 00 00 00 00 00 00 00 00 00 00 00 00 00 00 00 00 00 00 00 00
2026-06-29 14:21:35.093 | [debug][send:CL_GET_CHARINFO] len=16 proto=CL_GET_CHARINFO xor=True
2026-06-29 14:21:35.093 | [debug][send:CL_GET_CHARINFO] raw=10 00 00 00 ba f1 22 24 23 40 23 24 20 40 23 24
2026-06-29 14:21:35.093 | [debug][send:CL_GET_CHARINFO] dec=10 00 00 00 9b b1 01 00 02 00 00 00 01 00 00 00
2026-06-29 14:21:35.093 | [10002] send CL_GET_CHARINFO server=2 channel=1
2026-06-29 14:21:35.433 | [debug][recv:LC_CHARINFO_SUCCESS] len=388 proto=LC_CHARINFO_SUCCESS key=7
2026-06-29 14:21:35.433 | [debug][recv:LC_CHARINFO_SUCCESS] raw=84 01 00 00 6a 1f 20 24 23 40 23 24 20 40 23 24 24 40 23 24 52 28 46 4a 43 21 57 4b 54 77 23 24 21 40 23 24 20 40 23 24 f1 40 23 24 24 40 23 24 23 40 23 24 21 40 23 24 21 40 23 24 21 40 23 24 21 40 23 24 21 40 23 24 21 40 23 24 21 40 23 24 21 40 23 24 21 40 23 24 21 40 23 24 60 57 23 24 21 40 23 24 21 40 23 24 21 40 23 24 21 40 23 24 21 40 23 24 21 40 23 24 21 40 23 24 de bf dc db 21 40 23 24 21 40 23 24 21 40 23 24 21 40 23 24 21 40 23 24 21 40 23 24 21 40 23 24 21 40 23 24 ...(+228 bytes)
2026-06-29 14:21:35.433 | [debug][recv:LC_CHARINFO_SUCCESS] dec=84 01 00 00 4b 5f 03 00 02 00 00 00 01 00 00 00 05 00 00 00 73 68 65 6e 62 61 74 6f 75 37 00 00 00 00 00 00 01 00 00 00 d0 00 00 00 05 00 00 00 02 00 00 00 00 00 00 00 00 00 00 00 00 00 00 00 00 00 00 00 00 00 00 00 00 00 00 00 00 00 00 00 00 00 00 00 00 00 00 00 00 00 00 00 41 17 00 00 00 00 00 00 00 00 00 00 00 00 00 00 00 00 00 00 00 00 00 00 00 00 00 00 00 00 00 00 ff ff ff ff 00 00 00 00 00 00 00 00 00 00 00 00 00 00 00 00 00 00 00 00 00 00 00 00 00 00 00 00 00 00 00 00 ...(+228 bytes)
2026-06-29 14:21:35.433 | [10002] recv proto=LC_CHARINFO_SUCCESS len=388
2026-06-29 14:21:35.434 | [bill] send select-server opcode=4 len=10
2026-06-29 14:21:35.434 | [debug][send:CL_GAMESERVER_CONNECT] len=32 proto=CL_GAMESERVER_CONNECT xor=True
2026-06-29 14:21:35.434 | [debug][send:CL_GAMESERVER_CONNECT] raw=20 00 00 00 bf f1 22 24 23 40 23 24 20 40 23 24 52 28 46 4a 43 21 57 4b 54 77 23 24 21 40 23 24
2026-06-29 14:21:35.434 | [debug][send:CL_GAMESERVER_CONNECT] dec=20 00 00 00 9e b1 01 00 02 00 00 00 01 00 00 00 73 68 65 6e 62 61 74 6f 75 37 00 00 00 00 00 00
2026-06-29 14:21:35.434 | [10002] send CL_GAMESERVER_CONNECT character='shenbatou7'
2026-06-29 14:21:36.719 | [debug][recv:LC_GSERV_CONNECT_SUCCESS] len=60 proto=LC_GSERV_CONNECT_SUCCESS key=7
2026-06-29 14:21:36.720 | [debug][recv:LC_GSERV_CONNECT_SUCCESS] raw=3c 00 00 00 70 1f 20 24 23 40 23 24 52 28 46 4a 43 21 57 4b 54 77 23 24 21 40 23 24 10 72 14 0a 10 6e 16 0a 15 72 23 04 01 60 03 04 13 47 23 24 ce 41 27 20 21 40 23 24 20 40 23 24
2026-06-29 14:21:36.720 | [debug][recv:LC_GSERV_CONNECT_SUCCESS] dec=3c 00 00 00 51 5f 03 00 02 00 00 00 73 68 65 6e 62 61 74 6f 75 37 00 00 00 00 00 00 31 32 37 2e 31 2e 35 2e 34 32 00 20 20 20 20 20 32 07 00 00 ef 01 04 04 00 00 00 00 01 00 00 00
2026-06-29 14:21:36.720 | [10002] recv proto=LC_GSERV_CONNECT_SUCCESS len=60
2026-06-29 14:21:36.720 | [game] lobby returned 127.1.5.42:1842 character='shenbatou7' seed=0x040401EF
2026-06-29 14:21:36.720 | [game] host map 127.1.5.42 -> 165.154.194.124
2026-06-29 14:21:36.720 | [game] effective server 165.154.194.124:1842 character='shenbatou7' seed=0x040401EF
2026-06-29 14:21:37.021 | [net] connected 165.154.194.124:1842
2026-06-29 14:21:37.021 | [debug][send:CG_PLAY_START] len=12 proto=CG_PLAY_START xor=False
2026-06-29 14:21:37.021 | [debug][send:CG_PLAY_START] raw=0c 00 00 00 87 49 06 00 87 49 06 00
2026-06-29 14:21:37.021 | [debug][wire:CG_PLAY_START] len=24 raw=18 00 00 00 87 49 06 00 e7 86 d5 2d 40 66 23 63 30 5f 8f 7f b5 ca 72 5c
2026-06-29 14:21:37.021 | [game] send CG_PLAY_START
2026-06-29 14:21:37.021 | [debug][send:CG_ENTER] len=52 proto=CG_ENTER xor=False
2026-06-29 14:21:37.021 | [debug][send:CG_ENTER] raw=34 00 00 00 7d 45 06 00 ef 01 04 04 ee 3d dc 01 13 41 66 76 c8 c5 7c 00 00 00 00 00 00 00 00 00 00 00 00 00 73 68 65 6e 62 61 74 6f 75 37 00 00 00 00 00 00
2026-06-29 14:21:37.021 | [debug][wire:CG_ENTER] len=64 raw=40 00 00 00 7d 45 06 00 c0 bc 4e 61 48 f8 24 ca b7 d4 d5 e1 31 60 6d d5 86 cc 84 33 17 29 b1 af 91 be cc 64 cd fe 68 d2 98 64 d6 cb 25 22 98 4b f3 ec 76 66 89 2d 98 d4 fe 3b f3 46 87 0c b3 10
2026-06-29 14:21:37.021 | [game] send CG_ENTER
2026-06-29 14:21:37.676 | [debug][recv:game] chunk-len=48 firstLen=48 firstProto=511416
2026-06-29 14:21:37.677 | [debug][recv:game] raw=30 00 00 00 b8 cd 07 00 00 00 00 00 00 00 00 00 00 00 00 00 00 00 00 00 00 00 00 00 00 00 00 00 00 00 00 00 00 00 00 00 00 00 00 00 00 00 00 00
2026-06-29 14:21:37.677 | [debug][recv:game] ascii=0...............................................
2026-06-29 14:21:37.727 | [debug][recv:game] chunk-len=12600 firstLen=48 firstProto=511416
2026-06-29 14:21:37.727 | [debug][recv:game] raw=30 00 00 00 b8 cd 07 00 00 00 00 00 00 00 00 00 00 00 00 00 00 00 00 00 00 00 00 00 00 00 00 00 00 00 00 00 00 00 00 00 00 00 00 00 00 00 00 00 1c 00 00 00 34 ce 07 00 c9 83 87 04 00 00 00 00 14 00 00 00 02 00 00 00 00 00 00 00 54 00 00 00 1b 22 08 00 1c 00 00 00 1e 00 00 00 08 00 00 00 03 00 00 00 2f 01 00 00 01 00 00 00 85 01 00 00 b5 01 00 00 e9 11 00 00 a6 04 00 00 00 00 00 00 00 00 00 00 00 00 00 00 08 00 00 00 05 00 00 00 06 00 00 00 05 00 00 00 05 00 00 00 06 00 00 00 ...(+12440 bytes)
2026-06-29 14:21:37.727 | [debug][recv:game] ascii=0..................................................
2026-06-29 14:21:37.727 | [chat] status source from post-enter: player_id=0x00000164 map_id=109
2026-06-29 14:21:38.030 | [debug][send:CG_INIT_411555] len=18 proto=CG_INIT_411555 xor=False
2026-06-29 14:21:38.030 | [debug][send:CG_INIT_411555] raw=12 00 00 00 a3 47 06 00 00 00 ff ff ff ff ff ff ff ff
2026-06-29 14:21:38.030 | [debug][wire:CG_INIT_411555] len=32 raw=20 00 00 00 a3 47 06 00 1b 72 52 bf b7 ad 24 46 ed 28 c4 d9 b2 da 68 f7 31 65 72 f5 b5 5a 9a 41
2026-06-29 14:21:38.030 | [game] send CG_INIT_411555
2026-06-29 14:21:38.030 | [debug][send:CG_INIT_411589] len=20 proto=CG_INIT_411589 xor=False
2026-06-29 14:21:38.030 | [debug][send:CG_INIT_411589] raw=14 00 00 00 c5 47 06 00 00 00 00 00 ff ff ff ff ff ff ff ff
2026-06-29 14:21:38.030 | [debug][wire:CG_INIT_411589] len=32 raw=20 00 00 00 c5 47 06 00 79 a3 39 a2 93 39 c7 8b 07 f7 38 9f c6 07 c5 d4 a8 ae 19 56 e4 e6 7a 7b
2026-06-29 14:21:38.030 | [game] send CG_INIT_411589
2026-06-29 14:21:38.030 | [debug][send:CG_INIT_411595] len=20 proto=CG_INIT_411595 xor=False
2026-06-29 14:21:38.030 | [debug][send:CG_INIT_411595] raw=14 00 00 00 cb 47 06 00 00 00 00 00 ff ff ff ff ff ff ff ff
2026-06-29 14:21:38.030 | [debug][wire:CG_INIT_411595] len=32 raw=20 00 00 00 cb 47 06 00 79 a3 39 a2 93 39 c7 8b 07 f7 38 9f c6 07 c5 d4 a8 ae 19 56 e4 e6 7a 7b
2026-06-29 14:21:38.030 | [game] send CG_INIT_411595
2026-06-29 14:21:38.051 | [debug][send:CG_PLAY_START_2] len=12 proto=CG_PLAY_START xor=False
2026-06-29 14:21:38.051 | [debug][send:CG_PLAY_START_2] raw=0c 00 00 00 87 49 06 00 87 49 06 00
2026-06-29 14:21:38.051 | [debug][wire:CG_PLAY_START_2] len=24 raw=18 00 00 00 87 49 06 00 53 20 46 f8 10 5f f3 bb be b7 fd f2 2d b4 3e e9
2026-06-29 14:21:38.051 | [game] send CG_PLAY_START_2
2026-06-29 14:21:38.072 | [debug][send:CG_POST_ENTER_411570] len=12 proto=CG_POST_ENTER_411570 xor=False
2026-06-29 14:21:38.072 | [debug][send:CG_POST_ENTER_411570] raw=0c 00 00 00 b2 47 06 00 04 00 00 00
2026-06-29 14:21:38.072 | [debug][wire:CG_POST_ENTER_411570] len=24 raw=18 00 00 00 b2 47 06 00 ed cc f6 4a 45 51 ad 34 31 4b 2d c0 0b 4b 1c b9
2026-06-29 14:21:38.072 | [game] send CG_POST_ENTER_411570
2026-06-29 14:21:38.350 | [net] connected 123.58.197.240:3000
2026-06-29 14:21:38.350 | [chat] send login opcode=0x00004100 len=69 raw=45 00 00 41 00 00 73 68 65 6e 62 61 74 6f 75 37 00 00 00 00 00 00 00 71 77 65 71 77 65 00 00 00 00 00 00 00 00 00 00 00 73 68 65 6e 62 61 74 6f 75 37 00 00 00 00 00 00 00 01 00 00 00 1f ae 01 00 64 01 00 00
2026-06-29 14:21:38.350 | [chat] send map-status map=109 player=0x00000164 opcode=0x00004110 len=39 raw=27 00 10 41 00 00 08 00 00 00 6d 00 00 00 73 68 65 6e 62 61 74 6f 75 37 00 00 00 00 00 00 00 00 00 00 00 64 01 00 00
2026-06-29 14:21:38.601 | [debug][send:CG_POST_ENTER_411625] len=12 proto=CG_POST_ENTER_411625 xor=False
2026-06-29 14:21:38.601 | [debug][send:CG_POST_ENTER_411625] raw=0c 00 00 00 e9 47 06 00 00 00 00 00
2026-06-29 14:21:38.601 | [debug][wire:CG_POST_ENTER_411625] len=24 raw=18 00 00 00 e9 47 06 00 c4 f4 4d 90 96 ba 5a a0 61 34 13 3b 29 39 72 ef
2026-06-29 14:21:38.601 | [game] send CG_POST_ENTER_411625
2026-06-29 14:21:38.601 | [loop] online simulation is running; Ctrl+C to stop
2026-06-29 14:21:38.601 | [金币] 当前金币=200000(来源 char-load)
2026-06-29 14:21:38.601 | [挂机] 钓鱼=True 贩卖=True 购买=True
2026-06-29 14:21:38.603 | [debug][recv:game] chunk-len=53200 firstLen=0 firstProto=0
2026-06-29 14:21:38.603 | [debug][recv:game] raw=00 00 00 00 00 00 00 00 00 00 00 00 00 00 00 00 00 00 00 00 00 00 00 00 00 00 00 00 00 00 00 00 00 00 00 00 00 00 00 00 00 00 00 00 00 00 00 00 00 00 00 00 00 00 00 00 00 00 00 00 00 00 00 00 00 00 00 00 00 00 00 00 00 00 00 00 00 00 00 00 00 00 00 00 00 00 00 00 00 00 00 00 00 00 00 00 00 00 00 00 00 00 00 00 00 00 00 00 00 00 00 00 f6 00 00 00 65 64 63 31 32 33 00 00 00 00 00 00 00 00 00 00 3b 01 00 00 b4 00 00 00 aa 00 00 00 06 00 00 00 01 00 00 00 50 c3 00 00 02 00 00 00 ...(+53040 bytes)
2026-06-29 14:21:38.603 | [debug][recv:game] ascii=...................................................
2026-06-29 14:21:38.603 | [debug][send:CG_ACTION_CANCEL] len=12 proto=CG_ACTION_CANCEL xor=False
2026-06-29 14:21:38.603 | [debug][send:CG_ACTION_CANCEL] raw=0c 00 00 00 8f 45 06 00 01 00 00 00
2026-06-29 14:21:38.603 | [debug][wire:CG_ACTION_CANCEL] len=24 raw=18 00 00 00 8f 45 06 00 86 50 56 89 ab 82 4f 6f c6 61 7f 9e 1e 7d 2d cb
2026-06-29 14:21:38.603 | [game] send CG_ACTION_CANCEL
2026-06-29 14:21:38.653 | [debug][send:CG_FISHING_CAST] len=24 proto=CG_FISHING_CAST xor=False
2026-06-29 14:21:38.653 | [debug][send:CG_FISHING_CAST] raw=18 00 00 00 a7 45 06 00 22 00 00 00 64 01 00 00 3f 01 00 00 b4 00 00 00
2026-06-29 14:21:38.653 | [debug][wire:CG_FISHING_CAST] len=40 raw=28 00 00 00 a7 45 06 00 02 40 d3 00 ce 81 c6 b8 02 21 b5 1d f2 5a f8 fe 09 4a 4f 59 72 2b 12 7b a7 e8 f8 0e ea eb f7 5a
2026-06-29 14:21:38.653 | [game] send CG_FISHING_CAST
2026-06-29 14:21:38.653 | [钓鱼] 第 1 次抛竿:饵格=21 坐标=(319,180)
2026-06-29 14:21:38.653 | [debug][send:CG_USE_CASH_ITEM] len=16 proto=CG_USE_CASH_ITEM xor=False
2026-06-29 14:21:38.653 | [debug][send:CG_USE_CASH_ITEM] raw=10 00 00 00 14 46 06 00 29 00 00 00 00 00 00 00
2026-06-29 14:21:38.653 | [debug][wire:CG_USE_CASH_ITEM] len=32 raw=20 00 00 00 14 46 06 00 e6 83 ba cf f0 cb 6c 1a 3b 73 b7 ae 54 08 76 f5 cf ec 24 06 6c ad 1b 1d
2026-06-29 14:21:38.653 | [game] send CG_USE_CASH_ITEM
2026-06-29 14:21:38.653 | [Cash定时](间隔60s)使用 背包擴充卷1(19113) cash格=28
2026-06-29 14:21:38.653 | [debug][send:CG_USE_CASH_ITEM] len=16 proto=CG_USE_CASH_ITEM xor=False
2026-06-29 14:21:38.653 | [debug][send:CG_USE_CASH_ITEM] raw=10 00 00 00 14 46 06 00 2a 00 00 00 00 00 00 00
2026-06-29 14:21:38.653 | [debug][wire:CG_USE_CASH_ITEM] len=32 raw=20 00 00 00 14 46 06 00 f0 de ca 6a 4e 58 4b 27 13 cb e3 24 c6 6d 4d c4 51 42 d8 e3 47 d9 99 e9
2026-06-29 14:21:38.653 | [game] send CG_USE_CASH_ITEM
2026-06-29 14:21:38.653 | [Cash定时](间隔60s)使用 背包擴充卷2(21471) cash格=29
2026-06-29 14:21:38.653 | [debug][send:CG_USE_CASH_ITEM] len=16 proto=CG_USE_CASH_ITEM xor=False
2026-06-29 14:21:38.653 | [debug][send:CG_USE_CASH_ITEM] raw=10 00 00 00 14 46 06 00 2b 00 00 00 00 00 00 00
2026-06-29 14:21:38.653 | [debug][wire:CG_USE_CASH_ITEM] len=32 raw=20 00 00 00 14 46 06 00 b6 59 c2 f4 97 73 09 5d 5f bb 1e 8c 22 a2 5c b3 70 81 77 ff 44 93 27 46
2026-06-29 14:21:38.653 | [game] send CG_USE_CASH_ITEM
2026-06-29 14:21:38.655 | [Cash定时](间隔60s)使用 背包擴充卷3(23189) cash格=30
2026-06-29 14:21:51.284 | [补货](進階擺攤 cash0<1)泡点购买失败 网店id=7899:HTTP Error 400: Bad Request
2026-06-29 14:21:51.535 | [loop] stop requested; closing session
